TMS320C6x COFF Assembler         Version 4.10     Wed Apr 10 10:37:06 2024
Copyright (c) 1996-2001 Texas Instruments Incorporated
temp\interrupt.asm                                                   PAGE    1

       1                    ;******************************************************************************
       2                    ;* TMS320C6x ANSI C Codegen                                      Version 4.10 *
       3                    ;* Date/Time created: Wed Apr 10 10:37:06 2024                                *
       4                    ;******************************************************************************
       5                    
       6                    ;******************************************************************************
       7                    ;* GLOBAL FILE PARAMETERS                                                     *
       8                    ;*                                                                            *
       9                    ;*   Architecture      : TMS320C670x                                          *
      10                    ;*   Optimization      : Disabled                                             *
      11                    ;*   Optimizing for    : Compile time, Ease of Development                    *
      12                    ;*                       Based on options: no -o, no -ms                      *
      13                    ;*   Endian            : Little                                               *
      14                    ;*   Interrupt Thrshld : Disabled                                             *
      15                    ;*   Memory Model      : Large                                                *
      16                    ;*   Calls to RTS      : Far                                                  *
      17                    ;*   Pipelining        : Disabled                                             *
      18                    ;*   Memory Aliases    : Presume are aliases (pessimistic)                    *
      19                    ;*   Debug Info        : No Debug Info                                        *
      20                    ;*                                                                            *
      21                    ;******************************************************************************
      22                    
      23                            .asg    A15, FP
      24                            .asg    B14, DP
      25                            .asg    B15, SP
      26                            .global $bss
      27                    
      28                    
      29 00000000                   .sect   ".cinit"
      30                            .align  8
      31 00000000 00000004          .field          4,32
      32 00000004 00000000-         .field          _prevErr+0,32
      33 00000008 00000000          .word   000000000h              ; _prevErr @ 0
      34 00000000                   .sect   ".text"
      35                            .global _prevErr
      36 00000000           _prevErr:       .usect  .far,4,4
      37                    
      38 0000000c                   .sect   ".cinit"
      39                            .align  8
      40 00000010 00000004          .field          4,32
      41 00000014 00000004-         .field          _sumErr+0,32
      42 00000018 00000000          .word   000000000h              ; _sumErr @ 0
      43 00000000                   .sect   ".text"
      44                            .global _sumErr
      45 00000004           _sumErr:        .usect  .far,4,4
      46                    
      47 0000001c                   .sect   ".cinit"
      48                            .align  8
      49 00000020 00000004          .field          4,32
      50 00000024 00000008-         .field          _TFlag+0,32
      51 00000028 00000000          .field          0,32                    ; _TFlag @ 0
      52 00000000                   .sect   ".text"
      53                            .global _TFlag
      54 00000008           _TFlag: .usect  .far,4,4
      55                    ;       acp6x -q -D_FAR_RTS=1 --large_model=3 --version=6701 -m --i_output_file C:\Users\hge42\AppData
TMS320C6x COFF Assembler         Version 4.10     Wed Apr 10 10:37:06 2024
Copyright (c) 1996-2001 Texas Instruments Incorporated
temp\interrupt.asm                                                   PAGE    2

      56 00000000                   .sect   ".text"
      57                            .global _ISRextint4
      58                    
      59                    ;******************************************************************************
      60                    ;* FUNCTION NAME: _ISRextint4                                                 *
      61                    ;*                                                                            *
      62                    ;*   Regs Modified     :                                                      *
      63                    ;*   Regs Used         :                                                      *
      64                    ;*   Local Frame Size  : 0 Args + 0 Auto + 0 Save = 0 byte                    *
      65                    ;******************************************************************************
      66 00000000           _ISRextint4:
      67                    ;** --------------------------------------------------------------------------*
      68 00000000 001800E2             B       .S2     IRP               ; |11| 
      69 00000004 00008000             NOP             5
      70                               ; BRANCH OCCURS                   ; |11| 
      71                    
      72                    
      73 00000008                   .sect   ".text"
      74                            .global _ISRextint5
      75                    
      76                    ;******************************************************************************
      77                    ;* FUNCTION NAME: _ISRextint5                                                 *
      78                    ;*                                                                            *
      79                    ;*   Regs Modified     :                                                      *
      80                    ;*   Regs Used         :                                                      *
      81                    ;*   Local Frame Size  : 0 Args + 0 Auto + 0 Save = 0 byte                    *
      82                    ;******************************************************************************
      83 00000008           _ISRextint5:
      84                    ;** --------------------------------------------------------------------------*
      85 00000008 001800E2             B       .S2     IRP               ; |17| 
      86 0000000c 00008000             NOP             5
      87                               ; BRANCH OCCURS                   ; |17| 
      88                    
      89                    
      90 00000010                   .sect   ".text"
      91                            .global _c_int08
      92                    
      93                    ;******************************************************************************
      94                    ;* FUNCTION NAME: _c_int08                                                    *
      95                    ;*                                                                            *
      96                    ;*   Regs Modified     :                                                      *
      97                    ;*   Regs Used         :                                                      *
      98                    ;*   Local Frame Size  : 0 Args + 0 Auto + 0 Save = 0 byte                    *
      99                    ;******************************************************************************
     100 00000010           _c_int08:
     101                    ;** --------------------------------------------------------------------------*
     102 00000010 001800E2             B       .S2     IRP               ; |29| 
     103 00000014 00008000             NOP             5
     104                               ; BRANCH OCCURS                   ; |29| 
     105                    
     106                    
     107 00000018                   .sect   ".text"
     108                            .global _c_int09
     109                    
     110                    ;******************************************************************************
TMS320C6x COFF Assembler         Version 4.10     Wed Apr 10 10:37:06 2024
Copyright (c) 1996-2001 Texas Instruments Incorporated
temp\interrupt.asm                                                   PAGE    3

     111                    ;* FUNCTION NAME: _c_int09                                                    *
     112                    ;*                                                                            *
     113                    ;*   Regs Modified     :                                                      *
     114                    ;*   Regs Used         :                                                      *
     115                    ;*   Local Frame Size  : 0 Args + 0 Auto + 0 Save = 0 byte                    *
     116                    ;******************************************************************************
     117 00000018           _c_int09:
     118                    ;** --------------------------------------------------------------------------*
     119 00000018 001800E2             B       .S2     IRP               ; |35| 
     120 0000001c 00008000             NOP             5
     121                               ; BRANCH OCCURS                   ; |35| 
     122                    
     123                    
     124 00000020                   .sect   ".text"
     125                            .global _ISRNMI
     126                    
     127                    ;******************************************************************************
     128                    ;* FUNCTION NAME: _ISRNMI                                                     *
     129                    ;*                                                                            *
     130                    ;*   Regs Modified     :                                                      *
     131                    ;*   Regs Used         :                                                      *
     132                    ;*   Local Frame Size  : 0 Args + 0 Auto + 0 Save = 0 byte                    *
     133                    ;******************************************************************************
     134 00000020           _ISRNMI:
     135                    ;** --------------------------------------------------------------------------*
     136 00000020 001800E2             B       .S2     IRP               ; |19| 
     137 00000024 00008000             NOP             5
     138                               ; BRANCH OCCURS                   ; |19| 
     139                    
     140                    
     141 00000028                   .sect   ".text"
     142                            .global _ISRextint6
     143                    
     144                    ;******************************************************************************
     145                    ;* FUNCTION NAME: _ISRextint6                                                 *
     146                    ;*                                                                            *
     147                    ;*   Regs Modified     : A0,A1,A2,A3,A4,A5,A6,A7,A8,A9,B0,B1,B2,B3,B4,B5,B6,  *
     148                    ;*                           B7,B8,B9,SP                                      *
     149                    ;*   Regs Used         : A0,A1,A2,A3,A4,A5,A6,A7,A8,A9,B0,B1,B2,B3,B4,B5,B6,  *
     150                    ;*                           B7,B8,B9,SP                                      *
     151                    ;*   Local Frame Size  : 0 Args + 4 Auto + 84 Save = 88 byte                  *
     152                    ;******************************************************************************
     153 00000028           _ISRextint6:
     154                    ;** --------------------------------------------------------------------------*
     155 00000028 04BED4F6             STW     .D2T2   B9,*SP--(88)      ; |22| 
     156 0000002c 003C62F4             STW     .D2T1   A0,*+SP(12)       ; |22| 
     157 00000030 03BE82F6             STW     .D2T2   B7,*+SP(80)       ; |22| 
     158 00000034 033E62F6             STW     .D2T2   B6,*+SP(76)       ; |22| 
     159 00000038 02BE42F6             STW     .D2T2   B5,*+SP(72)       ; |22| 
     160 0000003c 023E22F6             STW     .D2T2   B4,*+SP(68)       ; |22| 
     161 00000040 01BE02F6             STW     .D2T2   B3,*+SP(64)       ; |22| 
     162 00000044 013DE2F6             STW     .D2T2   B2,*+SP(60)       ; |22| 
     163 00000048 00BDC2F6             STW     .D2T2   B1,*+SP(56)       ; |22| 
     164 0000004c 003DA2F6             STW     .D2T2   B0,*+SP(52)       ; |22| 
     165 00000050 04BD82F4             STW     .D2T1   A9,*+SP(48)       ; |22| 
TMS320C6x COFF Assembler         Version 4.10     Wed Apr 10 10:37:06 2024
Copyright (c) 1996-2001 Texas Instruments Incorporated
temp\interrupt.asm                                                   PAGE    4

     166 00000054 043D62F4             STW     .D2T1   A8,*+SP(44)       ; |22| 
     167 00000058 03BD42F4             STW     .D2T1   A7,*+SP(40)       ; |22| 
     168 0000005c 033D22F4             STW     .D2T1   A6,*+SP(36)       ; |22| 
     169 00000060 02BD02F4             STW     .D2T1   A5,*+SP(32)       ; |22| 
     170 00000064 023CE2F4             STW     .D2T1   A4,*+SP(28)       ; |22| 
     171 00000068 01BCC2F4             STW     .D2T1   A3,*+SP(24)       ; |22| 
     172 0000006c 013CA2F4             STW     .D2T1   A2,*+SP(20)       ; |22| 
     173                    
     174 00000070 00BC82F5             STW     .D2T1   A1,*+SP(16)       ; |22| 
     175 00000074 00000428  ||         MVKL    .S1     0x2000008,A0      ; |25| 
     176                    
     177 00000078 00010069             MVKH    .S1     0x2000008,A0      ; |25| 
     178 0000007c 043EA2F6  ||         STW     .D2T2   B8,*+SP(84)       ; |22| 
     179                    
     180 00000080 00000264             LDW     .D1T1   *A0,A0            ; |25| 
     181 00000084 00006000             NOP             4
     182 00000088 0001E7A0             AND     .S1     15,A0,A0          ; |25| 
     183 0000008c 00802A58             CMPEQ   .L1     A0,1,A1           ; |25| 
     184 00000090 80005710     [ A1]   B       .S1     L8                ; |25| 
     185 00000094 003C22F4             STW     .D2T1   A0,*+SP(4)        ; |25| 
     186 00000098 83BE82E6     [ A1]   LDW     .D2T2   *+SP(80),B7       ; |59| 
     187 0000009c 833E62E6     [ A1]   LDW     .D2T2   *+SP(76),B6       ; |59| 
     188 000000a0 82BE42E6     [ A1]   LDW     .D2T2   *+SP(72),B5       ; |59| 
     189 000000a4 823E22E6     [ A1]   LDW     .D2T2   *+SP(68),B4       ; |59| 
     190                               ; BRANCH OCCURS                   ; |25| 
     191                    ;** --------------------------------------------------------------------------*
     192 000000a8 023C22E6             LDW     .D2T2   *+SP(4),B4        ; |26| 
     193 000000ac 00004000             NOP             3
     194                    ;** --------------------------------------------------------------------------*
     195                    ;**   BEGIN LOOP L1
     196                    ;** --------------------------------------------------------------------------*
     197 000000b0           L1:    
     198 000000b0 00000000             NOP             1
     199 000000b4 00108A5A             CMPEQ   .L2     B4,4,B0           ; |26| 
     200 000000b8 30002510     [!B0]   B       .S1     L3                ; |26| 
     201                    
     202 000000c0 323C22E7     [!B0]   LDW     .D2T2   *+SP(4),B4        ; |38| 
     203 000000c4 20000A28  || [ B0]   MVKL    .S1     0x2000014,A0      ; |27| 
     204                    
     205 000000c8 20010068     [ B0]   MVKH    .S1     0x2000014,A0      ; |27| 
     206 000000cc 20000264     [ B0]   LDW     .D1T1   *A0,A0            ; |27| 
     207 000000d0 00002000             NOP             2
     208                               ; BRANCH OCCURS                   ; |26| 
     209                    ;** --------------------------------------------------------------------------*
     210 000000d4 00002000             NOP             2
     211 000000d8 008027A0             AND     .S1     1,A0,A1           ; |27| 
     212 000000dc 90004A10     [!A1]   B       .S1     L7                ; |27| 
     213 000000e0 90000428     [!A1]   MVKL    .S1     0x2000008,A0      ; |58| 
     214 000000e4 90010068     [!A1]   MVKH    .S1     0x2000008,A0      ; |58| 
     215                    
     216 000000e8 820428C3     [ A1]   ZERO    .D2     B4                ; |28| 
     217 000000ec 82803E2B! || [ A1]   MVKL    .S2     _compacket+124,B5 ; |28| 
     218 000000f0 90000264  || [!A1]   LDW     .D1T1   *A0,A0            ; |58| 
     219                    
     220 000000f4 8201006A     [ A1]   MVKH    .S2     0x2000000,B4      ; |28| 
TMS320C6x COFF Assembler         Version 4.10     Wed Apr 10 10:37:06 2024
Copyright (c) 1996-2001 Texas Instruments Incorporated
temp\interrupt.asm                                                   PAGE    5

     221                    
     222 000000f8 8280006B!    [ A1]   MVKH    .S2     _compacket+124,B5 ; |28| 
     223 000000fc 821002E6  || [ A1]   LDW     .D2T2   *B4,B4            ; |28| 
     224                    
     225                               ; BRANCH OCCURS                   ; |27| 
     226                    ;** --------------------------------------------------------------------------*
     227 00000100 029402E6             LDW     .D2T2   *B5,B5            ; |28| 
     228 00000104 00000000             NOP             1
     229                    ;*----------------------------------------------------------------------------*
     230                    ;*   SOFTWARE PIPELINE INFORMATION
     231                    ;*      Disqualified loop: software pipelining disabled
     232                    ;*----------------------------------------------------------------------------*
     233 00000108           L2:    
     234 00000108 00003E28!            MVKL    .S1     _compacket+124,A0 ; |29| 
     235 0000010c 00000068!            MVKH    .S1     _compacket+124,A0 ; |29| 
     236 00000110 0213180A             EXTU    .S2     B4,24,24,B4       ; |28| 
     237 00000114 021402B6             STB     .D2T2   B4,*B5            ; |28| 
     238 00000118 01800264             LDW     .D1T1   *A0,A3            ; |29| 
     239 0000011c 00000028!            MVKL    .S1     _SendByte,A0      ; |29| 
     240 00000120 00000068!            MVKH    .S1     _SendByte,A0      ; |29| 
     241 00000124 01809C2A'            MVKL    .S2     RL0,B3            ; |29| 
     242 00000128 00001362             B       .S2X    A0                ; |29| 
     243 0000012c 020C0224             LDB     .D1T1   *A3,A4            ; |29| 
     244 00000130 0180006A'            MVKH    .S2     RL0,B3            ; |29| 
     245 00000134 00004000             NOP             3
     246 00000138           RL0:       ; CALL OCCURS                     ; |29| 
     247 00000138 02003E2A!            MVKL    .S2     _compacket+124,B4 ; |30| 
     248 0000013c 0200006A!            MVKH    .S2     _compacket+124,B4 ; |30| 
     249 00000140 021002E6             LDW     .D2T2   *B4,B4            ; |30| 
     250 00000144 000031A8!            MVKL    .S1     _compacket+99,A0  ; |30| 
     251 00000148 00000068!            MVKH    .S1     _compacket+99,A0  ; |30| 
     252 0000014c 00002000             NOP             2
     253 00000150 00901A78             CMPEQ   .L1X    B4,A0,A1          ; |30| 
     254 00000154 92003E2A!    [!A1]   MVKL    .S2     _compacket+124,B4 ; |34| 
     255 00000158 9200006A!    [!A1]   MVKH    .S2     _compacket+124,B4 ; |34| 
     256 0000015c 929002E6     [!A1]   LDW     .D2T2   *B4,B5            ; |34| 
     257 00000160 82003E2A!    [ A1]   MVKL    .S2     _compacket+124,B4 ; |31| 
     258 00000164 80000028!    [ A1]   MVKL    .S1     _compacket,A0     ; |31| 
     259 00000168 8200006A!    [ A1]   MVKH    .S2     _compacket+124,B4 ; |31| 
     260 0000016c 80000068!    [ A1]   MVKH    .S1     _compacket,A0     ; |31| 
     261                    
     262 00000170 02800A2B             MVKL    .S2     0x2000014,B5      ; |36| 
     263 00000174 93142942  || [!A1]   ADD     .D2     1,B5,B6           ; |34| 
     264                    
     265 00000178 931002F6     [!A1]   STW     .D2T2   B6,*B4            ; |34| 
     266                    
     267 00000180 801002F5     [ A1]   STW     .D2T1   A0,*B4            ; |31| 
     268 00000184 0281006A  ||         MVKH    .S2     0x2000014,B5      ; |36| 
     269                    
     270 00000188 021402E6             LDW     .D2T2   *B5,B4            ; |36| 
     271 0000018c 00006000             NOP             4
     272 00000190 001027A2             AND     .S2     1,B4,B0           ; |36| 
     273 00000194 2FFFF110     [ B0]   B       .S1     L2                ; |36| 
     274                    
     275 00000198 220428C3     [ B0]   ZERO    .D2     B4                ; |28| 
TMS320C6x COFF Assembler         Version 4.10     Wed Apr 10 10:37:06 2024
Copyright (c) 1996-2001 Texas Instruments Incorporated
temp\interrupt.asm                                                   PAGE    6

     276 0000019c 22803E2A! || [ B0]   MVKL    .S2     _compacket+124,B5 ; |28| 
     277                    
     278 000001a0 2201006A     [ B0]   MVKH    .S2     0x2000000,B4      ; |28| 
     279                    
     280 000001a4 2280006B!    [ B0]   MVKH    .S2     _compacket+124,B5 ; |28| 
     281 000001a8 221002E6  || [ B0]   LDW     .D2T2   *B4,B4            ; |28| 
     282                    
     283 000001ac 229402E6     [ B0]   LDW     .D2T2   *B5,B5            ; |28| 
     284 000001b0 00000000             NOP             1
     285                               ; BRANCH OCCURS                   ; |36| 
     286                    ;** --------------------------------------------------------------------------*
     287 000001b4 00002E10             B       .S1     L7                ; |37| 
     288 000001b8 00000428             MVKL    .S1     0x2000008,A0      ; |58| 
     289 000001bc 00010068             MVKH    .S1     0x2000008,A0      ; |58| 
     290 000001c0 00000264             LDW     .D1T1   *A0,A0            ; |58| 
     291 000001c4 00002000             NOP             2
     292                               ; BRANCH OCCURS                   ; |37| 
     293                    ;** --------------------------------------------------------------------------*
     294 000001c8           L3:    
     295 000001c8 00104A5A             CMPEQ   .L2     B4,2,B0           ; |38| 
     296 000001cc 30001090     [!B0]   B       .S1     L4                ; |38| 
     297 000001d0 2200642A!    [ B0]   MVKL    .S2     _respacket+200,B4 ; |39| 
     298 000001d4 00004000             NOP             3
     299 000001d8 323C22E6     [!B0]   LDW     .D2T2   *+SP(4),B4        ; |47| 
     300                               ; BRANCH OCCURS                   ; |38| 
     301                    ;** --------------------------------------------------------------------------*
     302 000001dc 0200006A!            MVKH    .S2     _respacket+200,B4 ; |39| 
     303 000001e0 029002E6             LDW     .D2T2   *B4,B5            ; |39| 
     304 000001e4 00006000             NOP             4
     305 000001e8 00140ADA             CMPGT   .L2     B5,0,B0           ; |39| 
     306                    
     307 000001ec 20006629!    [ B0]   MVKL    .S1     _respacket+204,A0 ; |40| 
     308 000001f0 029429C2  ||         SUB     .D2     B5,1,B5           ; |39| 
     309                    
     310 000001f4 20000069!    [ B0]   MVKH    .S1     _respacket+204,A0 ; |40| 
     311 000001f8 029002F6  ||         STW     .D2T2   B5,*B4            ; |39| 
     312                    
     313 000001fc 21800264     [ B0]   LDW     .D1T1   *A0,A3            ; |40| 
     314 00000200 22000028!    [ B0]   MVKL    .S1     _respacket,A4     ; |40| 
     315 00000204 22000068!    [ B0]   MVKH    .S1     _respacket,A4     ; |40| 
     316 00000208 30000228     [!B0]   MVKL    .S1     0x2000004,A0      ; |43| 
     317 0000020c 3200682A!    [!B0]   MVKL    .S2     _respacket+208,B4 ; |44| 
     318 00000210 228C2940     [ B0]   ADD     .D1     1,A3,A5           ; |40| 
     319 00000214 22800274     [ B0]   STW     .D1T1   A5,*A0            ; |40| 
     320                    
     321 00000218 00002011             B       .S1     L6                ; |46| 
     322 0000021c 200C8A24  || [ B0]   LDB     .D1T1   *+A3[A4],A0       ; |40| 
     323                    
     324 00000220 30010068     [!B0]   MVKH    .S1     0x2000004,A0      ; |43| 
     325 00000224 328000AA     [!B0]   MVK     .S2     1,B5              ; |43| 
     326                    
     327 00000228 328428C3     [!B0]   ZERO    .D2     B5                ; |44| 
     328 0000022c 220840FB  || [ B0]   ZERO    .L2     B4                ; |40| 
     329 00000230 3200006B! || [!B0]   MVKH    .S2     _respacket+208,B4 ; |44| 
     330 00000234 32800276  || [!B0]   STW     .D1T2   B5,*A0            ; |43| 
TMS320C6x COFF Assembler         Version 4.10     Wed Apr 10 10:37:06 2024
Copyright (c) 1996-2001 Texas Instruments Incorporated
temp\interrupt.asm                                                   PAGE    7

     331                    
     332 00000238 2201006B     [ B0]   MVKH    .S2     0x2000000,B4      ; |40| 
     333 0000023c 329002F6  || [!B0]   STW     .D2T2   B5,*B4            ; |44| 
     334                    
     335 00000240 201002F4     [ B0]   STW     .D2T1   A0,*B4            ; |40| 
     336                               ; BRANCH OCCURS                   ; |46| 
     337                    ;** --------------------------------------------------------------------------*
     338 00000244           L4:    
     339 00000244 00006000             NOP             4
     340 00000248 00118A5A             CMPEQ   .L2     B4,12,B0          ; |47| 
     341 0000024c 30001810     [!B0]   B       .S1     L6                ; |47| 
     342 00000250 00002000             NOP             2
     343 00000254 20000A28     [ B0]   MVKL    .S1     0x2000014,A0      ; |48| 
     344 00000258 20010068     [ B0]   MVKH    .S1     0x2000014,A0      ; |48| 
     345 0000025c 20000264     [ B0]   LDW     .D1T1   *A0,A0            ; |48| 
     346                               ; BRANCH OCCURS                   ; |47| 
     347                    ;** --------------------------------------------------------------------------*
     348 00000260 00006000             NOP             4
     349 00000264 008027A0             AND     .S1     1,A0,A1           ; |48| 
     350 00000268 90001410     [!A1]   B       .S1     L6                ; |48| 
     351 0000026c 00006000             NOP             4
     352 00000270 820008C2     [ A1]   ZERO    .D2     B4                ; |49| 
     353                               ; BRANCH OCCURS                   ; |48| 
     354                    ;*----------------------------------------------------------------------------*
     355                    ;*   SOFTWARE PIPELINE INFORMATION
     356                    ;*      Disqualified loop: software pipelining disabled
     357                    ;*----------------------------------------------------------------------------*
     358 00000274           L5:    
     359                    
     360 00000274 0201006B             MVKH    .S2     0x2000000,B4      ; |49| 
     361 00000278 00003E28! ||         MVKL    .S1     _compacket+124,A0 ; |49| 
     362                    
     363 00000280 021002E7             LDW     .D2T2   *B4,B4            ; |49| 
     364 00000284 00000068! ||         MVKH    .S1     _compacket+124,A0 ; |49| 
     365                    
     366 00000288 01800264             LDW     .D1T1   *A0,A3            ; |49| 
     367 0000028c 00003E28!            MVKL    .S1     _compacket+124,A0 ; |50| 
     368 00000290 00000068!            MVKH    .S1     _compacket+124,A0 ; |50| 
     369 00000294 00000000             NOP             1
     370 00000298 0213180A             EXTU    .S2     B4,24,24,B4       ; |49| 
     371 0000029c 020C0236             STB     .D1T2   B4,*A3            ; |49| 
     372 000002a0 00000264             LDW     .D1T1   *A0,A0            ; |50| 
     373 000002a4 020031AA!            MVKL    .S2     _compacket+99,B4  ; |50| 
     374 000002a8 0200006A!            MVKH    .S2     _compacket+99,B4  ; |50| 
     375 000002ac 00002000             NOP             2
     376 000002b0 00009A7A             CMPEQ   .L2X    A0,B4,B0          ; |50| 
     377 000002b4 30003E28!    [!B0]   MVKL    .S1     _compacket+124,A0 ; |54| 
     378 000002b8 30000068!    [!B0]   MVKH    .S1     _compacket+124,A0 ; |54| 
     379 000002bc 32000940     [!B0]   MV      .D1     A0,A4             ; |54| 
     380 000002c0 30100264     [!B0]   LDW     .D1T1   *A4,A0            ; |54| 
     381 000002c4 20003E28!    [ B0]   MVKL    .S1     _compacket+124,A0 ; |51| 
     382 000002c8 2200002A!    [ B0]   MVKL    .S2     _compacket,B4     ; |51| 
     383 000002cc 20000068!    [ B0]   MVKH    .S1     _compacket+124,A0 ; |51| 
     384 000002d0 2200006A!    [ B0]   MVKH    .S2     _compacket,B4     ; |51| 
     385                    
TMS320C6x COFF Assembler         Version 4.10     Wed Apr 10 10:37:06 2024
Copyright (c) 1996-2001 Texas Instruments Incorporated
temp\interrupt.asm                                                   PAGE    8

     386 000002d4 00000A29             MVKL    .S1     0x2000014,A0      ; |56| 
     387 000002d8 31802059  || [!B0]   ADD     .L1     1,A0,A3           ; |54| 
     388 000002dc 22000276  || [ B0]   STW     .D1T2   B4,*A0            ; |51| 
     389                    
     390 000002e0 00010069             MVKH    .S1     0x2000014,A0      ; |56| 
     391 000002e4 31900274  || [!B0]   STW     .D1T1   A3,*A4            ; |54| 
     392                    
     393 000002e8 00000264             LDW     .D1T1   *A0,A0            ; |56| 
     394 000002ec 00006000             NOP             4
     395 000002f0 008027A0             AND     .S1     1,A0,A1           ; |56| 
     396 000002f4 8FFFF290     [ A1]   B       .S1     L5                ; |56| 
     397 000002f8 00006000             NOP             4
     398 000002fc 820008C2     [ A1]   ZERO    .D2     B4                ; |49| 
     399                               ; BRANCH OCCURS                   ; |56| 
     400                    ;** --------------------------------------------------------------------------*
     401 00000300           L6:    
     402 00000300 00000428             MVKL    .S1     0x2000008,A0      ; |58| 
     403 00000304 00010068             MVKH    .S1     0x2000008,A0      ; |58| 
     404 00000308 00000264             LDW     .D1T1   *A0,A0            ; |58| 
     405 0000030c 00002000             NOP             2
     406                    ;** --------------------------------------------------------------------------*
     407 00000310           L7:    
     408 00000310 00002000             NOP             2
     409 00000314 0001E7A0             AND     .S1     15,A0,A0          ; |58| 
     410 00000318 00802A58             CMPEQ   .L1     A0,1,A1           ; |58| 
     411 0000031c 9FFFB610     [!A1]   B       .S1     L1                ; |58| 
     412 00000320 003C22F4             STW     .D2T1   A0,*+SP(4)        ; |58| 
     413 00000324 923C22E6     [!A1]   LDW     .D2T2   *+SP(4),B4        ; |26| 
     414 00000328 83BE82E6     [ A1]   LDW     .D2T2   *+SP(80),B7       ; |59| 
     415 0000032c 833E62E6     [ A1]   LDW     .D2T2   *+SP(76),B6       ; |59| 
     416 00000330 82BE42E6     [ A1]   LDW     .D2T2   *+SP(72),B5       ; |59| 
     417                               ; BRANCH OCCURS                   ; |58| 
     418                    ;** --------------------------------------------------------------------------*
     419 00000334 023E22E6             LDW     .D2T2   *+SP(68),B4       ; |59| 
     420                    ;** --------------------------------------------------------------------------*
     421 00000338           L8:    
     422 00000338 01BE02E6             LDW     .D2T2   *+SP(64),B3       ; |59| 
     423 0000033c 013DE2E6             LDW     .D2T2   *+SP(60),B2       ; |59| 
     424 00000340 00BDC2E6             LDW     .D2T2   *+SP(56),B1       ; |59| 
     425 00000344 003DA2E6             LDW     .D2T2   *+SP(52),B0       ; |59| 
     426 00000348 04BD82E4             LDW     .D2T1   *+SP(48),A9       ; |59| 
     427 0000034c 043D62E4             LDW     .D2T1   *+SP(44),A8       ; |59| 
     428 00000350 03BD42E4             LDW     .D2T1   *+SP(40),A7       ; |59| 
     429 00000354 033D22E4             LDW     .D2T1   *+SP(36),A6       ; |59| 
     430 00000358 02BD02E4             LDW     .D2T1   *+SP(32),A5       ; |59| 
     431 0000035c 023CE2E4             LDW     .D2T1   *+SP(28),A4       ; |59| 
     432 00000360 01BCC2E4             LDW     .D2T1   *+SP(24),A3       ; |59| 
     433 00000364 013CA2E4             LDW     .D2T1   *+SP(20),A2       ; |59| 
     434 00000368 00BC82E4             LDW     .D2T1   *+SP(16),A1       ; |59| 
     435 0000036c 003C62E4             LDW     .D2T1   *+SP(12),A0       ; |59| 
     436                    
     437 00000370 001800E3             B       .S2     IRP               ; |59| 
     438 00000374 043EA2E6  ||         LDW     .D2T2   *+SP(84),B8       ; |59| 
     439                    
     440 00000378 04BED2E6             LDW     .D2T2   *++SP(88),B9      ; |59| 
TMS320C6x COFF Assembler         Version 4.10     Wed Apr 10 10:37:06 2024
Copyright (c) 1996-2001 Texas Instruments Incorporated
temp\interrupt.asm                                                   PAGE    9

     441 0000037c 00006000             NOP             4
     442                               ; BRANCH OCCURS                   ; |59| 
     443                    
     444                    
     445 00000380                   .sect   ".text"
     446                            .global _ISRtimer0
     447                    
     448                    ;******************************************************************************
     449                    ;* FUNCTION NAME: _ISRtimer0                                                  *
     450                    ;*                                                                            *
     451                    ;*   Regs Modified     : A0,A1,A2,A3,A4,A5,A6,A7,A8,A9,B0,B1,B2,B3,B4,B5,B6,  *
     452                    ;*                           B7,B8,B9,SP                                      *
     453                    ;*   Regs Used         : A0,A1,A2,A3,A4,A5,A6,A7,A8,A9,B0,B1,B2,B3,B4,B5,B6,  *
     454                    ;*                           B7,B8,B9,SP                                      *
     455                    ;*   Local Frame Size  : 0 Args + 24 Auto + 84 Save = 108 byte                *
     456                    ;******************************************************************************
     457 00000380           _ISRtimer0:
     458                    ;** --------------------------------------------------------------------------*
     459 00000380 04BF94F6             STW     .D2T2   B9,*SP--(112)     ; |71| 
     460 00000384 023EE2F6             STW     .D2T2   B4,*+SP(92)       ; |71| 
     461 00000388 01BEC2F6             STW     .D2T2   B3,*+SP(88)       ; |71| 
     462 0000038c 033F22F6             STW     .D2T2   B6,*+SP(100)      ; |71| 
     463 00000390 02BF02F6             STW     .D2T2   B5,*+SP(96)       ; |71| 
     464 00000394 013EA2F6             STW     .D2T2   B2,*+SP(84)       ; |71| 
     465 00000398 00BE82F6             STW     .D2T2   B1,*+SP(80)       ; |71| 
     466 0000039c 003E62F6             STW     .D2T2   B0,*+SP(76)       ; |71| 
     467 000003a0 04BE42F4             STW     .D2T1   A9,*+SP(72)       ; |71| 
     468 000003a4 043E22F4             STW     .D2T1   A8,*+SP(68)       ; |71| 
     469 000003a8 03BE02F4             STW     .D2T1   A7,*+SP(64)       ; |71| 
     470 000003ac 033DE2F4             STW     .D2T1   A6,*+SP(60)       ; |71| 
     471                    
     472 000003b0 02BDC2F5             STW     .D2T1   A5,*+SP(56)       ; |71| 
     473 000003b4 0200002A! ||         MVKL    .S2     _GetAngle,B4      ; |76| 
     474                    
     475 000003b8 023DA2F5             STW     .D2T1   A4,*+SP(52)       ; |71| 
     476 000003bc 0200006A! ||         MVKH    .S2     _GetAngle,B4      ; |76| 
     477                    
     478 000003c0 00100363             B       .S2     B4                ; |76| 
     479 000003c4 03BF42F6  ||         STW     .D2T2   B7,*+SP(104)      ; |71| 
     480                    
     481 000003c8 01BD82F4             STW     .D2T1   A3,*+SP(48)       ; |71| 
     482 000003cc 013D62F4             STW     .D2T1   A2,*+SP(44)       ; |71| 
     483 000003d0 00BD42F4             STW     .D2T1   A1,*+SP(40)       ; |71| 
     484                    
     485 000003d4 003D22F5             STW     .D2T1   A0,*+SP(36)       ; |71| 
     486 000003d8 0181F42A' ||         MVKL    .S2     RL2,B3            ; |76| 
     487                    
     488 000003e0 0180006B'            MVKH    .S2     RL2,B3            ; |76| 
     489 000003e4 043F62F6  ||         STW     .D2T2   B8,*+SP(108)      ; |71| 
     490                    
     491 000003e8           RL2:       ; CALL OCCURS                     ; |76| 
     492 000003e8 00000028!            MVKL    .S1     _pos_t,A0         ; |79| 
     493                    
     494 000003ec 023C22F5             STW     .D2T1   A4,*+SP(4)        ; |76| 
     495 000003f0 00000068! ||         MVKH    .S1     _pos_t,A0         ; |79| 
TMS320C6x COFF Assembler         Version 4.10     Wed Apr 10 10:37:06 2024
Copyright (c) 1996-2001 Texas Instruments Incorporated
temp\interrupt.asm                                                   PAGE   10

     496                    
     497 000003f4 00000264             LDW     .D1T1   *A0,A0            ; |79| 
     498 000003f8 021011A2             MV      .S2X    A4,B4             ; |79| 
     499 000003fc 031999AA             MVKL    .S2     0x3eb33333,B6     ; |83| 
     500 00000400 031F59EA             MVKH    .S2     0x3eb33333,B6     ; |83| 
     501 00000404 01826E2A'            MVKL    .S2     RL4,B3            ; |89| 
     502 00000408 029012BA             SUBSP   .L2X    A0,B4,B5          ; |79| 
     503 0000040c 0200022A-            MVKL    .S2     _sumErr,B4        ; |82| 
     504 00000410 0200006A-            MVKH    .S2     _sumErr,B4        ; |82| 
     505 00000414 001011A0             MV      .S1X    B4,A0             ; |82| 
     506 00000418 02BC42F6             STW     .D2T2   B5,*+SP(8)        ; |79| 
     507 0000041c 01800264             LDW     .D1T1   *A0,A3            ; |82| 
     508 00000420 0200002A-            MVKL    .S2     _prevErr,B4       ; |83| 
     509 00000424 0200006A-            MVKH    .S2     _prevErr,B4       ; |83| 
     510 00000428 0180006A'            MVKH    .S2     RL4,B3            ; |89| 
     511 0000042c 00000000             NOP             1
     512 00000430 01947218             ADDSP   .L1X    B5,A3,A3
     513 00000434 00004000             NOP             3
     514 00000438 01800274             STW     .D1T1   A3,*A0            ; |82| 
     515                    
     516 00000440 00000229-            MVKL    .S1     _sumErr,A0        ; |83| 
     517 00000444 021002E6  ||         LDW     .D2T2   *B4,B4            ; |83| 
     518                    
     519 00000448 00000069-            MVKH    .S1     _sumErr,A0        ; |83| 
     520 0000044c 02BC42E6  ||         LDW     .D2T2   *+SP(8),B5        ; |83| 
     521                    
     522 00000450 01800264             LDW     .D1T1   *A0,A3            ; |83| 
     523 00000454 000008C0             ZERO    .D1     A0                ; |83| 
     524 00000458 00002000             NOP             2
     525 0000045c 0210A23A             SUBSP   .L2     B5,B4,B4          ; |83| 
     526                    
     527 00000460 0298AE03             MPYSP   .M2     B5,B6,B5
     528 00000464 021411A1  ||         MV      .S1X    B5,A4
     529 00000468 01806E00  ||         MPYSP   .M1     A3,A0,A3          ; |83| 
     530                    
     531 0000046c 00204868             MVKH    .S1     0x40900000,A0     ; |83| 
     532 00000470 00000000             NOP             1
     533 00000474 02009E02             MPYSP   .M2X    B4,A0,B4          ; |83| 
     534 00000478 028CB21A             ADDSP   .L2X    A3,B5,B5          ; |83| 
     535 0000047c 01800028-            MVKL    .S1     _prevErr,A3       ; |84| 
     536 00000480 00000028!            MVKL    .S1     _vel_t,A0         ; |87| 
     537 00000484 01800068-            MVKH    .S1     _prevErr,A3       ; |84| 
     538 00000488 0214821A             ADDSP   .L2     B4,B5,B4          ; |83| 
     539 0000048c 00000068!            MVKH    .S1     _vel_t,A0         ; |87| 
     540 00000490 00002000             NOP             2
     541 00000494 023C62F6             STW     .D2T2   B4,*+SP(12)       ; |83| 
     542 00000498 020C0274             STW     .D1T1   A4,*A3            ; |84| 
     543 0000049c 00000264             LDW     .D1T1   *A0,A0            ; |87| 
     544 000004a0 020008C2             ZERO    .D2     B4                ; |87| 
     545 000004a4 00004000             NOP             3
     546 000004a8 02009E02             MPYSP   .M2X    A0,B4,B4          ; |87| 
     547 000004ac 00004000             NOP             3
     548 000004b0 023CC2F6             STW     .D2T2   B4,*+SP(24)       ; |87| 
     549                    
     550 000004b4 023C62E7             LDW     .D2T2   *+SP(12),B4       ; |88| 
TMS320C6x COFF Assembler         Version 4.10     Wed Apr 10 10:37:06 2024
Copyright (c) 1996-2001 Texas Instruments Incorporated
temp\interrupt.asm                                                   PAGE   11

     551 000004b8 029001A2  ||         MV      .S2     B4,B5             ; |87| 
     552                    
     553 000004bc 00006000             NOP             4
     554                    
     555 000004c0 0200002B!            MVKL    .S2     _PWMOut,B4        ; |89| 
     556 000004c4 0294821A  ||         ADDSP   .L2     B4,B5,B5          ; |88| 
     557                    
     558 000004c8 0200006A!            MVKH    .S2     _PWMOut,B4        ; |89| 
     559 000004cc 00100362             B       .S2     B4                ; |89| 
     560 000004d0 00006000             NOP             4
     561                    
     562 000004d4 021411A1             MV      .S1X    B5,A4             ; |89| 
     563 000004d8 02BCA2F6  ||         STW     .D2T2   B5,*+SP(20)       ; |88| 
     564                    
     565 000004dc           RL4:       ; CALL OCCURS                     ; |89| 
     566 000004dc 01800028!            MVKL    .S1     _vel_t,A3         ; |92| 
     567                    
     568 000004e0 0280002B!            MVKL    .S2     _UMAddData,B5     ; |92| 
     569 000004e4 0210105B  ||         MV      .L2X    A4,B4
     570 000004e8 01800068! ||         MVKH    .S1     _vel_t,A3         ; |92| 
     571                    
     572 000004ec 0280006B!            MVKH    .S2     _UMAddData,B5     ; |92| 
     573 000004f0 023C82F7  ||         STW     .D2T2   B4,*+SP(16)       ; |89| 
     574 000004f4 00000028! ||         MVKL    .S1     _pos_t,A0         ; |92| 
     575                    
     576 00000500 030C0265             LDW     .D1T1   *A3,A6            ; |92| 
     577 00000504 00000069! ||         MVKH    .S1     _pos_t,A0         ; |92| 
     578 00000508 00140362  ||         B       .S2     B5                ; |92| 
     579                    
     580 0000050c 02000265             LDW     .D1T1   *A0,A4            ; |92| 
     581 00000510 031011A3  ||         MV      .S2X    A4,B6
     582 00000514 023C42E6  ||         LDW     .D2T2   *+SP(8),B4        ; |92| 
     583                    
     584 00000518 0182922A'            MVKL    .S2     RL6,B3            ; |92| 
     585 0000051c 0180006A'            MVKH    .S2     RL6,B3            ; |92| 
     586 00000520 00002000             NOP             2
     587 00000524           RL6:       ; CALL OCCURS                     ; |92| 
     588 00000524 0200002A!            MVKL    .S2     _TINTCnt,B4       ; |95| 
     589 00000528 0200006A!            MVKH    .S2     _TINTCnt,B4       ; |95| 
     590 0000052c 019011A0             MV      .S1X    B4,A3             ; |95| 
     591 00000530 000C0264             LDW     .D1T1   *A3,A0            ; |95| 
     592 00000534 020000AA             MVK     .S2     1,B4              ; |96| 
     593 00000538 00004000             NOP             3
     594                    
     595 00000540 00000429-            MVKL    .S1     _TFlag,A0         ; |96| 
     596 00000544 02002940  ||         ADD     .D1     1,A0,A4           ; |95| 
     597                    
     598 00000548 00000069-            MVKH    .S1     _TFlag,A0         ; |96| 
     599 0000054c 020C0274  ||         STW     .D1T1   A4,*A3            ; |95| 
     600                    
     601 00000550 02000276             STW     .D1T2   B4,*A0            ; |96| 
     602 00000554 01BD82E4             LDW     .D2T1   *+SP(48),A3       ; |97| 
     603 00000558 02BF02E6             LDW     .D2T2   *+SP(96),B5       ; |97| 
     604 0000055c 023DA2E4             LDW     .D2T1   *+SP(52),A4       ; |97| 
     605 00000560 003D22E4             LDW     .D2T1   *+SP(36),A0       ; |97| 
TMS320C6x COFF Assembler         Version 4.10     Wed Apr 10 10:37:06 2024
Copyright (c) 1996-2001 Texas Instruments Incorporated
temp\interrupt.asm                                                   PAGE   12

     606 00000564 023EE2E6             LDW     .D2T2   *+SP(92),B4       ; |97| 
     607 00000568 043F62E6             LDW     .D2T2   *+SP(108),B8      ; |97| 
     608 0000056c 03BF42E6             LDW     .D2T2   *+SP(104),B7      ; |97| 
     609 00000570 013EA2E6             LDW     .D2T2   *+SP(84),B2       ; |97| 
     610 00000574 00BE82E6             LDW     .D2T2   *+SP(80),B1       ; |97| 
     611 00000578 003E62E6             LDW     .D2T2   *+SP(76),B0       ; |97| 
     612 0000057c 04BE42E4             LDW     .D2T1   *+SP(72),A9       ; |97| 
     613 00000580 043E22E4             LDW     .D2T1   *+SP(68),A8       ; |97| 
     614 00000584 03BE02E4             LDW     .D2T1   *+SP(64),A7       ; |97| 
     615 00000588 02BDC2E4             LDW     .D2T1   *+SP(56),A5       ; |97| 
     616 0000058c 013D62E4             LDW     .D2T1   *+SP(44),A2       ; |97| 
     617 00000590 00BD42E4             LDW     .D2T1   *+SP(40),A1       ; |97| 
     618 00000594 01BEC2E6             LDW     .D2T2   *+SP(88),B3       ; |97| 
     619 00000598 033DE2E4             LDW     .D2T1   *+SP(60),A6       ; |97| 
     620                    
     621 000005a0 033F22E7             LDW     .D2T2   *+SP(100),B6      ; |97| 
     622 000005a4 001800E2  ||         B       .S2     IRP               ; |97| 
     623                    
     624 000005a8 04BF92E6             LDW     .D2T2   *++SP(112),B9     ; |97| 
     625 000005ac 00006000             NOP             4
     626                               ; BRANCH OCCURS                   ; |97| 
     627                    
     628                    
     629                    ;******************************************************************************
     630                    ;* UNDEFINED EXTERNAL REFERENCES                                              *
     631                    ;******************************************************************************
     632                            .global _SendByte
     633                            .global _PWMOut
     634                            .global _GetAngle
     635                            .global _UMAddData
     636                            .global _compacket
     637                            .global _respacket
     638                            .global _TINTCnt
     639                            .global _pos_t
     640                            .global _vel_t

No Assembly Errors, No Assembly Warnings
