******************************************************************************
          TMS320C6x COFF Linker PC Version 4.10                
******************************************************************************
>> Linked Sat Apr 13 22:42:16 2024

OUTPUT FILE NAME:   <ram_main.out>
ENTRY POINT SYMBOL: "_c_int00"  address: 00008020


MEMORY CONFIGURATION

                  name            origin    length      used    attr    fill
         ----------------------  --------  ---------  --------  ----  --------
         VECT                    00000000   00000200  00000200  RWIX
         IPRAM                   00000200   0000fe00  00008240  RWIX
         EXRAM                   00400000   00040000  0000800c  RWIX
         CE1VECS                 01400000   00000200  00000000  RWIX
         CE1MEM                  01400200   0000fe00  00000000  RWIX
         IOCE2                   02000000   00010000  00000000  RWIX
         IDRAM                   80000000   00010000  00002a3b  RWIX


SECTION ALLOCATION MAP

 output                                  attributes/
section   page    origin      length       input sections
--------  ----  ----------  ----------   ----------------
.vector    0    00000000    00000200     
                  00000000    00000200     initvec.obj (.vector)

.text      0    00000200    00008240     
                  00000200    000029a0     rts6701.lib : _printfi.obj (.text)
                  00002ba0    00000000                 : ctype.obj (.text)
                  00002ba0    00000000                 : errno.obj (.text)
                  00002ba0    00000000                 : sysmem.obj (.text)
                  00002ba0    00000000     initvec.obj (.text)
                  00002ba0    00000fc0     rts6701.lib : memory.obj (.text)
                  00003b60    00000960     main.obj (.text)
                  000044c0    000007c0     interrupt.obj (.text)
                  00004c80    00000480     serial.obj (.text)
                  00005100    00000460     rts6701.lib : imath40.obj (.text)
                  00005560    00000420                 : ecvt.obj (.text)
                  00005980    000003e0                 : fcvt.obj (.text)
                  00005d60    00000300                 : cosf.obj (.text)
                  00006060    000002e0                 : frcdivd.obj (.text)
                  00006340    000002a0                 : sinf.obj (.text)
                  000065e0    000002a0                 : memcpy.obj (.text)
                  00006880    00000280                 : sqrt.obj (.text)
                  00006b00    00000240                 : exit.obj (.text)
                  00006d40    00000220                 : divd.obj (.text)
                  00006f60    000001c0                 : sprintf.obj (.text)
                  00007120    000001c0     USBMon.obj (.text)
                  000072e0    000001a0     rts6701.lib : divf.obj (.text)
                  00007480    00000180                 : ldexp.obj (.text)
                  00007600    00000180                 : roundf.obj (.text)
                  00007780    00000140                 : atoi.obj (.text)
                  000078c0    00000140                 : frexp.obj (.text)
                  00007a00    00000140                 : ldexpf.obj (.text)
                  00007b40    00000140                 : ltoa.obj (.text)
                  00007c80    00000120                 : frcdivf.obj (.text)
                  00007da0    00000100                 : autoinit.obj (.text)
                  00007ea0    000000c0                 : fixdli.obj (.text)
                  00007f60    000000c0                 : divu.obj (.text)
                  00008020    000000a0                 : boot.obj (.text)
                  000080c0    000000a0                 : remu.obj (.text)
                  00008160    000000a0                 : remi.obj (.text)
                  00008200    00000080                 : modff.obj (.text)
                  00008280    00000080                 : strcpy.obj (.text)
                  00008300    00000060                 : memccpy.obj (.text)
                  00008360    00000060                 : strlen.obj (.text)
                  000083c0    00000040                 : _lock.obj (.text)
                  00008400    00000040                 : truncf.obj (.text)

.cinit     0    80000000    00000104     
                  80000000    0000003c     interrupt.obj (.cinit)
                  8000003c    00000004     --HOLE-- [fill = 00000000]
                  80000040    0000002c     rts6701.lib : exit.obj (.cinit)
                  8000006c    00000004     --HOLE-- [fill = 00000000]
                  80000070    0000001c                 : _lock.obj (.cinit)
                  8000008c    00000004     --HOLE-- [fill = 00000000]
                  80000090    0000001c                 : sysmem.obj (.cinit)
                  800000ac    00000004     --HOLE-- [fill = 00000000]
                  800000b0    00000018                 : cosf.obj (.cinit)
                  800000c8    00000018                 : sinf.obj (.cinit)
                  800000e0    0000000c                 : memory.obj (.cinit)
                  800000ec    00000004     --HOLE-- [fill = 00000000]
                  800000f0    0000000c                 : errno.obj (.cinit)
                  800000fc    00000008     --HOLE-- [fill = 00000000]

.const     0    80000104    0000016f     
                  80000104    00000101     rts6701.lib : ctype.obj (.const)
                  80000205    00000003     --HOLE-- [fill = 00000000]
                  80000208    00000041     main.obj (.const)
                  80000249    0000002a     rts6701.lib : _printfi.obj (.const)

.switch    0    80000000    00000000     UNINITIALIZED

.bss       0    80000000    00000000     UNINITIALIZED
                  80000000    00000000     initvec.obj (.bss)
                  80000000    00000000     rts6701.lib : sysmem.obj (.bss)
                  80000000    00000000                 : memory.obj (.bss)
                  80000000    00000000                 : memcpy.obj (.bss)
                  80000000    00000000                 : memccpy.obj (.bss)
                  80000000    00000000                 : ltoa.obj (.bss)
                  80000000    00000000                 : ldexpf.obj (.bss)
                  80000000    00000000                 : ldexp.obj (.bss)
                  80000000    00000000                 : imath40.obj (.bss)
                  80000000    00000000                 : frexp.obj (.bss)
                  80000000    00000000                 : fixdli.obj (.bss)
                  80000000    00000000                 : fcvt.obj (.bss)
                  80000000    00000000                 : errno.obj (.bss)
                  80000000    00000000                 : ecvt.obj (.bss)
                  80000000    00000000                 : divu.obj (.bss)
                  80000000    00000000                 : autoinit.obj (.bss)
                  80000000    00000000                 : _printfi.obj (.bss)
                  80000000    00000000                 : _lock.obj (.bss)
                  80000000    00000000                 : truncf.obj (.bss)
                  80000000    00000000                 : strlen.obj (.bss)
                  80000000    00000000                 : strcpy.obj (.bss)
                  80000000    00000000                 : sqrt.obj (.bss)
                  80000000    00000000                 : sprintf.obj (.bss)
                  80000000    00000000                 : sinf.obj (.bss)
                  80000000    00000000                 : roundf.obj (.bss)
                  80000000    00000000                 : remu.obj (.bss)
                  80000000    00000000                 : remi.obj (.bss)
                  80000000    00000000                 : modff.obj (.bss)
                  80000000    00000000                 : frcdivf.obj (.bss)
                  80000000    00000000                 : frcdivd.obj (.bss)
                  80000000    00000000                 : exit.obj (.bss)
                  80000000    00000000                 : divf.obj (.bss)
                  80000000    00000000                 : divd.obj (.bss)
                  80000000    00000000                 : ctype.obj (.bss)
                  80000000    00000000                 : cosf.obj (.bss)
                  80000000    00000000                 : boot.obj (.bss)
                  80000000    00000000                 : atoi.obj (.bss)
                  80000000    00000000     USBMon.obj (.bss)
                  80000000    00000000     serial.obj (.bss)
                  80000000    00000000     interrupt.obj (.bss)
                  80000000    00000000     main.obj (.bss)

.cio       0    80000000    00000000     UNINITIALIZED

.data      0    80000000    00000000     UNINITIALIZED
                  80000000    00000000     initvec.obj (.data)
                  80000000    00000000     rts6701.lib : sysmem.obj (.data)
                  80000000    00000000                 : memory.obj (.data)
                  80000000    00000000                 : memcpy.obj (.data)
                  80000000    00000000                 : memccpy.obj (.data)
                  80000000    00000000                 : ltoa.obj (.data)
                  80000000    00000000                 : ldexpf.obj (.data)
                  80000000    00000000                 : ldexp.obj (.data)
                  80000000    00000000                 : imath40.obj (.data)
                  80000000    00000000                 : frexp.obj (.data)
                  80000000    00000000                 : fixdli.obj (.data)
                  80000000    00000000                 : fcvt.obj (.data)
                  80000000    00000000                 : errno.obj (.data)
                  80000000    00000000                 : ecvt.obj (.data)
                  80000000    00000000                 : divu.obj (.data)
                  80000000    00000000                 : autoinit.obj (.data)
                  80000000    00000000                 : _printfi.obj (.data)
                  80000000    00000000                 : _lock.obj (.data)
                  80000000    00000000                 : truncf.obj (.data)
                  80000000    00000000                 : strlen.obj (.data)
                  80000000    00000000                 : strcpy.obj (.data)
                  80000000    00000000                 : sqrt.obj (.data)
                  80000000    00000000                 : sprintf.obj (.data)
                  80000000    00000000                 : sinf.obj (.data)
                  80000000    00000000                 : roundf.obj (.data)
                  80000000    00000000                 : remu.obj (.data)
                  80000000    00000000                 : remi.obj (.data)
                  80000000    00000000                 : modff.obj (.data)
                  80000000    00000000                 : frcdivf.obj (.data)
                  80000000    00000000                 : frcdivd.obj (.data)
                  80000000    00000000                 : exit.obj (.data)
                  80000000    00000000                 : divf.obj (.data)
                  80000000    00000000                 : divd.obj (.data)
                  80000000    00000000                 : ctype.obj (.data)
                  80000000    00000000                 : cosf.obj (.data)
                  80000000    00000000                 : boot.obj (.data)
                  80000000    00000000                 : atoi.obj (.data)
                  80000000    00000000     USBMon.obj (.data)
                  80000000    00000000     serial.obj (.data)
                  80000000    00000000     interrupt.obj (.data)
                  80000000    00000000     main.obj (.data)

.far       0    80000274    000007c8     UNINITIALIZED
                  80000274    00000324     main.obj (.far)
                  80000598    00000288     serial.obj (.far)
                  80000820    0000008c     rts6701.lib : exit.obj (.far)
                  800008ac    00000080                 : _printfi.obj (.far)
                  8000092c    00000064                 : fcvt.obj (.far)
                  80000990    00000064                 : ecvt.obj (.far)
                  800009f4    00000010                 : cosf.obj (.far)
                  80000a04    00000010     interrupt.obj (.far)
                  80000a14    00000010     rts6701.lib : sinf.obj (.far)
                  80000a24    00000008                 : memory.obj (.far)
                  80000a2c    00000008                 : _lock.obj (.far)
                  80000a34    00000004                 : sprintf.obj (.far)
                  80000a38    00000004                 : errno.obj (.far)

.stack     0    80000a40    00001000     UNINITIALIZED
                  80000a40    00000000     rts6701.lib : boot.obj (.stack)

.sysmem    0    80001a40    00001000     UNINITIALIZED
                  80001a40    00000000     rts6701.lib : sysmem.obj (.sysmem)

.USBMON    0    00400000    0000800c     UNINITIALIZED
                  00400000    0000800c     USBMon.obj (.USBMON)


GLOBAL SYMBOLS: SORTED ALPHABETICALLY BY Name 

address    name
--------   ----
80000000   $bss
80000000   .bss
80000000   .data
00000200   .text
00006d28   C$$EXIT
00004e10   _CheckSum
00003bf8   _GIE
000044e0   _ISRNMI
000044c0   _ISRextint4
000044c8   _ISRextint5
000044e8   _ISRextint6
00004840   _ISRtimer0
00003b60   _InitEXINTF
00003be0   _InitINT
00003ba0   _InitTimer
00004c80   _InitUART
00007120   _InitUSBMon
00003ebc   _MakeVelProfile
00003da0   _OneStepMove
00004d8c   _ReceiveByte
00004f9c   _Report
00004da8   _SendByte
00004f04   _SendData
00004064   _StepMoveVP
80000a04   _TFlag
0000715c   _UMAddData
00400000   _USBMonStuff
00003cc4   _WaitTFlag
00003d18   _WaitTFlagCnt
00001000   __STACK_SIZE
00001000   __SYSMEM_SIZE
80000000   ___bss__
80000000   ___cinit__
80000000   ___data__
80000000   ___edata__
80000000   ___end__
00008440   ___etext__
ffffffff   ___pinit__
00000200   ___text__
00007da0   __auto_init
800008a4   __cleanup_ptr
80000104   __ctypes_
00006d40   __divd
000072e0   __divf
00005498   __divli
00007f60   __divu
00005198   __divul
800008a8   __dtors_ptr
00007ea0   __fixdli
00006060   __frcdivd
00007c80   __frcdivf
80000a2c   __lock
80000a24   __memory_size
000083c0   __nop
00000200   __printfi
000083c8   __register_lock
000083dc   __register_unlock
00008160   __remi
000053f8   __remli
000080c0   __remu
00005100   __remul
00007600   __roundf
80000a40   __stack
80001a40   __sys_memory
00008400   __truncf
80000a30   __unlock
00006d28   _abort
00006c50   _atexit
00007780   _atoi
00008020   _c_int00
000044d0   _c_int08
000044d8   _c_int09
00002f44   _calloc
80000598   _compacket
00005d60   _cosf
80000274   _currPhaseIdx
80000278   _delayCntArr
00003c64   _delay_ms
00003c0c   _delay_us
00005560   _ecvt
80000a38   _errno
00006b00   _exit
00005980   _fcvt
000033c8   _free
000078c0   _frexp
00007480   _ldexp
00007a00   _ldexpf
00007b40   _ltoa
000042a4   _main
00002d7c   _malloc
00003790   _memalign
00008300   _memccpy
000065e0   _memcpy
00002d14   _minit
00008200   _modff
00002fec   _realloc
80000684   _respacket
00006340   _sinf
00006f60   _sprintf
00006880   _sqrt
00008280   _strcpy
00008360   _strlen
80000758   _tmp_string
80000000   cinit
80000000   edata
80000000   end
00008440   etext
ffffffff   pinit


GLOBAL SYMBOLS: SORTED BY Symbol Address 

address    name
--------   ----
00000200   .text
00000200   __printfi
00000200   ___text__
00001000   __STACK_SIZE
00001000   __SYSMEM_SIZE
00002d14   _minit
00002d7c   _malloc
00002f44   _calloc
00002fec   _realloc
000033c8   _free
00003790   _memalign
00003b60   _InitEXINTF
00003ba0   _InitTimer
00003be0   _InitINT
00003bf8   _GIE
00003c0c   _delay_us
00003c64   _delay_ms
00003cc4   _WaitTFlag
00003d18   _WaitTFlagCnt
00003da0   _OneStepMove
00003ebc   _MakeVelProfile
00004064   _StepMoveVP
000042a4   _main
000044c0   _ISRextint4
000044c8   _ISRextint5
000044d0   _c_int08
000044d8   _c_int09
000044e0   _ISRNMI
000044e8   _ISRextint6
00004840   _ISRtimer0
00004c80   _InitUART
00004d8c   _ReceiveByte
00004da8   _SendByte
00004e10   _CheckSum
00004f04   _SendData
00004f9c   _Report
00005100   __remul
00005198   __divul
000053f8   __remli
00005498   __divli
00005560   _ecvt
00005980   _fcvt
00005d60   _cosf
00006060   __frcdivd
00006340   _sinf
000065e0   _memcpy
00006880   _sqrt
00006b00   _exit
00006c50   _atexit
00006d28   C$$EXIT
00006d28   _abort
00006d40   __divd
00006f60   _sprintf
00007120   _InitUSBMon
0000715c   _UMAddData
000072e0   __divf
00007480   _ldexp
00007600   __roundf
00007780   _atoi
000078c0   _frexp
00007a00   _ldexpf
00007b40   _ltoa
00007c80   __frcdivf
00007da0   __auto_init
00007ea0   __fixdli
00007f60   __divu
00008020   _c_int00
000080c0   __remu
00008160   __remi
00008200   _modff
00008280   _strcpy
00008300   _memccpy
00008360   _strlen
000083c0   __nop
000083c8   __register_lock
000083dc   __register_unlock
00008400   __truncf
00008440   etext
00008440   ___etext__
00400000   _USBMonStuff
80000000   ___cinit__
80000000   ___bss__
80000000   ___end__
80000000   ___edata__
80000000   ___data__
80000000   cinit
80000000   edata
80000000   end
80000000   .data
80000000   .bss
80000000   $bss
80000104   __ctypes_
80000274   _currPhaseIdx
80000278   _delayCntArr
80000598   _compacket
80000684   _respacket
80000758   _tmp_string
800008a4   __cleanup_ptr
800008a8   __dtors_ptr
80000a04   _TFlag
80000a24   __memory_size
80000a2c   __lock
80000a30   __unlock
80000a38   _errno
80000a40   __stack
80001a40   __sys_memory
ffffffff   pinit
ffffffff   ___pinit__

[108 symbols]
