******************************************************************************
          TMS320C6x COFF Linker PC Version 4.10                
******************************************************************************
>> Linked Sat Apr 13 22:09:01 2024

OUTPUT FILE NAME:   <ram_main.out>
ENTRY POINT SYMBOL: "_c_int00"  address: 00007fc0


MEMORY CONFIGURATION

                  name            origin    length      used    attr    fill
         ----------------------  --------  ---------  --------  ----  --------
         VECT                    00000000   00000200  00000200  RWIX
         IPRAM                   00000200   0000fe00  000081e0  RWIX
         EXRAM                   00400000   00040000  0000800c  RWIX
         CE1VECS                 01400000   00000200  00000000  RWIX
         CE1MEM                  01400200   0000fe00  00000000  RWIX
         IOCE2                   02000000   00010000  00000000  RWIX
         IDRAM                   80000000   00010000  00002a3b  RWIX


SECTION ALLOCATION MAP

 output                                  attributes/
section   page    origin      length       input sections
--------  ----  ----------  ----------   ----------------
.vector    0    00000000    00000200     
                  00000000    00000200     initvec.obj (.vector)

.text      0    00000200    000081e0     
                  00000200    000029a0     rts6701.lib : _printfi.obj (.text)
                  00002ba0    00000000                 : ctype.obj (.text)
                  00002ba0    00000000                 : errno.obj (.text)
                  00002ba0    00000000                 : sysmem.obj (.text)
                  00002ba0    00000000     initvec.obj (.text)
                  00002ba0    00000fc0     rts6701.lib : memory.obj (.text)
                  00003b60    00000900     main.obj (.text)
                  00004460    000007c0     interrupt.obj (.text)
                  00004c20    00000480     serial.obj (.text)
                  000050a0    00000460     rts6701.lib : imath40.obj (.text)
                  00005500    00000420                 : ecvt.obj (.text)
                  00005920    000003e0                 : fcvt.obj (.text)
                  00005d00    00000300                 : cosf.obj (.text)
                  00006000    000002e0                 : frcdivd.obj (.text)
                  000062e0    000002a0                 : sinf.obj (.text)
                  00006580    000002a0                 : memcpy.obj (.text)
                  00006820    00000280                 : sqrt.obj (.text)
                  00006aa0    00000240                 : exit.obj (.text)
                  00006ce0    00000220                 : divd.obj (.text)
                  00006f00    000001c0                 : sprintf.obj (.text)
                  000070c0    000001c0     USBMon.obj (.text)
                  00007280    000001a0     rts6701.lib : divf.obj (.text)
                  00007420    00000180                 : ldexp.obj (.text)
                  000075a0    00000180                 : roundf.obj (.text)
                  00007720    00000140                 : atoi.obj (.text)
                  00007860    00000140                 : frexp.obj (.text)
                  000079a0    00000140                 : ldexpf.obj (.text)
                  00007ae0    00000140                 : ltoa.obj (.text)
                  00007c20    00000120                 : frcdivf.obj (.text)
                  00007d40    00000100                 : autoinit.obj (.text)
                  00007e40    000000c0                 : fixdli.obj (.text)
                  00007f00    000000c0                 : divu.obj (.text)
                  00007fc0    000000a0                 : boot.obj (.text)
                  00008060    000000a0                 : remu.obj (.text)
                  00008100    000000a0                 : remi.obj (.text)
                  000081a0    00000080                 : modff.obj (.text)
                  00008220    00000080                 : strcpy.obj (.text)
                  000082a0    00000060                 : memccpy.obj (.text)
                  00008300    00000060                 : strlen.obj (.text)
                  00008360    00000040                 : _lock.obj (.text)
                  000083a0    00000040                 : truncf.obj (.text)

.cinit     0    80000000    00000104     
                  80000000    0000003c     interrupt.obj (.cinit)
                  8000003c    00000004     --HOLE-- [fill = 00000000]
                  80000040    0000002c     rts6701.lib : exit.obj (.cinit)
                  8000006c    00000004     --HOLE-- [fill = 00000000]
                  80000070    0000001c                 : _lock.obj (.cinit)
                  8000008c    00000004     --HOLE-- [fill = 00000000]
                  80000090    0000001c                 : sysmem.obj (.cinit)
                  800000ac    00000004     --HOLE-- [fill = 00000000]
                  800000b0    00000018                 : cosf.obj (.cinit)
                  800000c8    00000018                 : sinf.obj (.cinit)
                  800000e0    0000000c                 : memory.obj (.cinit)
                  800000ec    00000004     --HOLE-- [fill = 00000000]
                  800000f0    0000000c                 : errno.obj (.cinit)
                  800000fc    00000008     --HOLE-- [fill = 00000000]

.const     0    80000104    0000016f     
                  80000104    00000101     rts6701.lib : ctype.obj (.const)
                  80000205    00000003     --HOLE-- [fill = 00000000]
                  80000208    00000041     main.obj (.const)
                  80000249    0000002a     rts6701.lib : _printfi.obj (.const)

.switch    0    80000000    00000000     UNINITIALIZED

.bss       0    80000000    00000000     UNINITIALIZED
                  80000000    00000000     initvec.obj (.bss)
                  80000000    00000000     rts6701.lib : sysmem.obj (.bss)
                  80000000    00000000                 : memory.obj (.bss)
                  80000000    00000000                 : memcpy.obj (.bss)
                  80000000    00000000                 : memccpy.obj (.bss)
                  80000000    00000000                 : ltoa.obj (.bss)
                  80000000    00000000                 : ldexpf.obj (.bss)
                  80000000    00000000                 : ldexp.obj (.bss)
                  80000000    00000000                 : imath40.obj (.bss)
                  80000000    00000000                 : frexp.obj (.bss)
                  80000000    00000000                 : fixdli.obj (.bss)
                  80000000    00000000                 : fcvt.obj (.bss)
                  80000000    00000000                 : errno.obj (.bss)
                  80000000    00000000                 : ecvt.obj (.bss)
                  80000000    00000000                 : divu.obj (.bss)
                  80000000    00000000                 : autoinit.obj (.bss)
                  80000000    00000000                 : _printfi.obj (.bss)
                  80000000    00000000                 : _lock.obj (.bss)
                  80000000    00000000                 : truncf.obj (.bss)
                  80000000    00000000                 : strlen.obj (.bss)
                  80000000    00000000                 : strcpy.obj (.bss)
                  80000000    00000000                 : sqrt.obj (.bss)
                  80000000    00000000                 : sprintf.obj (.bss)
                  80000000    00000000                 : sinf.obj (.bss)
                  80000000    00000000                 : roundf.obj (.bss)
                  80000000    00000000                 : remu.obj (.bss)
                  80000000    00000000                 : remi.obj (.bss)
                  80000000    00000000                 : modff.obj (.bss)
                  80000000    00000000                 : frcdivf.obj (.bss)
                  80000000    00000000                 : frcdivd.obj (.bss)
                  80000000    00000000                 : exit.obj (.bss)
                  80000000    00000000                 : divf.obj (.bss)
                  80000000    00000000                 : divd.obj (.bss)
                  80000000    00000000                 : ctype.obj (.bss)
                  80000000    00000000                 : cosf.obj (.bss)
                  80000000    00000000                 : boot.obj (.bss)
                  80000000    00000000                 : atoi.obj (.bss)
                  80000000    00000000     USBMon.obj (.bss)
                  80000000    00000000     serial.obj (.bss)
                  80000000    00000000     interrupt.obj (.bss)
                  80000000    00000000     main.obj (.bss)

.cio       0    80000000    00000000     UNINITIALIZED

.data      0    80000000    00000000     UNINITIALIZED
                  80000000    00000000     initvec.obj (.data)
                  80000000    00000000     rts6701.lib : sysmem.obj (.data)
                  80000000    00000000                 : memory.obj (.data)
                  80000000    00000000                 : memcpy.obj (.data)
                  80000000    00000000                 : memccpy.obj (.data)
                  80000000    00000000                 : ltoa.obj (.data)
                  80000000    00000000                 : ldexpf.obj (.data)
                  80000000    00000000                 : ldexp.obj (.data)
                  80000000    00000000                 : imath40.obj (.data)
                  80000000    00000000                 : frexp.obj (.data)
                  80000000    00000000                 : fixdli.obj (.data)
                  80000000    00000000                 : fcvt.obj (.data)
                  80000000    00000000                 : errno.obj (.data)
                  80000000    00000000                 : ecvt.obj (.data)
                  80000000    00000000                 : divu.obj (.data)
                  80000000    00000000                 : autoinit.obj (.data)
                  80000000    00000000                 : _printfi.obj (.data)
                  80000000    00000000                 : _lock.obj (.data)
                  80000000    00000000                 : truncf.obj (.data)
                  80000000    00000000                 : strlen.obj (.data)
                  80000000    00000000                 : strcpy.obj (.data)
                  80000000    00000000                 : sqrt.obj (.data)
                  80000000    00000000                 : sprintf.obj (.data)
                  80000000    00000000                 : sinf.obj (.data)
                  80000000    00000000                 : roundf.obj (.data)
                  80000000    00000000                 : remu.obj (.data)
                  80000000    00000000                 : remi.obj (.data)
                  80000000    00000000                 : modff.obj (.data)
                  80000000    00000000                 : frcdivf.obj (.data)
                  80000000    00000000                 : frcdivd.obj (.data)
                  80000000    00000000                 : exit.obj (.data)
                  80000000    00000000                 : divf.obj (.data)
                  80000000    00000000                 : divd.obj (.data)
                  80000000    00000000                 : ctype.obj (.data)
                  80000000    00000000                 : cosf.obj (.data)
                  80000000    00000000                 : boot.obj (.data)
                  80000000    00000000                 : atoi.obj (.data)
                  80000000    00000000     USBMon.obj (.data)
                  80000000    00000000     serial.obj (.data)
                  80000000    00000000     interrupt.obj (.data)
                  80000000    00000000     main.obj (.data)

.far       0    80000274    000007c8     UNINITIALIZED
                  80000274    00000324     main.obj (.far)
                  80000598    00000288     serial.obj (.far)
                  80000820    0000008c     rts6701.lib : exit.obj (.far)
                  800008ac    00000080                 : _printfi.obj (.far)
                  8000092c    00000064                 : fcvt.obj (.far)
                  80000990    00000064                 : ecvt.obj (.far)
                  800009f4    00000010                 : cosf.obj (.far)
                  80000a04    00000010     interrupt.obj (.far)
                  80000a14    00000010     rts6701.lib : sinf.obj (.far)
                  80000a24    00000008                 : memory.obj (.far)
                  80000a2c    00000008                 : _lock.obj (.far)
                  80000a34    00000004                 : sprintf.obj (.far)
                  80000a38    00000004                 : errno.obj (.far)

.stack     0    80000a40    00001000     UNINITIALIZED
                  80000a40    00000000     rts6701.lib : boot.obj (.stack)

.sysmem    0    80001a40    00001000     UNINITIALIZED
                  80001a40    00000000     rts6701.lib : sysmem.obj (.sysmem)

.USBMON    0    00400000    0000800c     UNINITIALIZED
                  00400000    0000800c     USBMon.obj (.USBMON)


GLOBAL SYMBOLS: SORTED ALPHABETICALLY BY Name 

address    name
--------   ----
80000000   $bss
80000000   .bss
80000000   .data
00000200   .text
00006cc8   C$$EXIT
00004db0   _CheckSum
00003bf8   _GIE
00004480   _ISRNMI
00004460   _ISRextint4
00004468   _ISRextint5
00004488   _ISRextint6
000047e0   _ISRtimer0
00003b60   _InitEXINTF
00003be0   _InitINT
00003ba0   _InitTimer
00004c20   _InitUART
000070c0   _InitUSBMon
00003ebc   _MakeVelProfile
00003da0   _OneStepMove
00004d2c   _ReceiveByte
00004f3c   _Report
00004d48   _SendByte
00004ea4   _SendData
00004064   _StepMoveVP
80000a04   _TFlag
000070fc   _UMAddData
00400000   _USBMonStuff
00003cc4   _WaitTFlag
00003d18   _WaitTFlagCnt
00001000   __STACK_SIZE
00001000   __SYSMEM_SIZE
80000000   ___bss__
80000000   ___cinit__
80000000   ___data__
80000000   ___edata__
80000000   ___end__
000083e0   ___etext__
ffffffff   ___pinit__
00000200   ___text__
00007d40   __auto_init
800008a4   __cleanup_ptr
80000104   __ctypes_
00006ce0   __divd
00007280   __divf
00005438   __divli
00007f00   __divu
00005138   __divul
800008a8   __dtors_ptr
00007e40   __fixdli
00006000   __frcdivd
00007c20   __frcdivf
80000a2c   __lock
80000a24   __memory_size
00008360   __nop
00000200   __printfi
00008368   __register_lock
0000837c   __register_unlock
00008100   __remi
00005398   __remli
00008060   __remu
000050a0   __remul
000075a0   __roundf
80000a40   __stack
80001a40   __sys_memory
000083a0   __truncf
80000a30   __unlock
00006cc8   _abort
00006bf0   _atexit
00007720   _atoi
00007fc0   _c_int00
00004470   _c_int08
00004478   _c_int09
00002f44   _calloc
80000598   _compacket
00005d00   _cosf
80000274   _currPhaseIdx
80000278   _delayCntArr
00003c64   _delay_ms
00003c0c   _delay_us
00005500   _ecvt
80000a38   _errno
00006aa0   _exit
00005920   _fcvt
000033c8   _free
00007860   _frexp
00007420   _ldexp
000079a0   _ldexpf
00007ae0   _ltoa
00004248   _main
00002d7c   _malloc
00003790   _memalign
000082a0   _memccpy
00006580   _memcpy
00002d14   _minit
000081a0   _modff
00002fec   _realloc
80000684   _respacket
000062e0   _sinf
00006f00   _sprintf
00006820   _sqrt
00008220   _strcpy
00008300   _strlen
80000758   _tmp_string
80000000   cinit
80000000   edata
80000000   end
000083e0   etext
ffffffff   pinit


GLOBAL SYMBOLS: SORTED BY Symbol Address 

address    name
--------   ----
00000200   .text
00000200   __printfi
00000200   ___text__
00001000   __STACK_SIZE
00001000   __SYSMEM_SIZE
00002d14   _minit
00002d7c   _malloc
00002f44   _calloc
00002fec   _realloc
000033c8   _free
00003790   _memalign
00003b60   _InitEXINTF
00003ba0   _InitTimer
00003be0   _InitINT
00003bf8   _GIE
00003c0c   _delay_us
00003c64   _delay_ms
00003cc4   _WaitTFlag
00003d18   _WaitTFlagCnt
00003da0   _OneStepMove
00003ebc   _MakeVelProfile
00004064   _StepMoveVP
00004248   _main
00004460   _ISRextint4
00004468   _ISRextint5
00004470   _c_int08
00004478   _c_int09
00004480   _ISRNMI
00004488   _ISRextint6
000047e0   _ISRtimer0
00004c20   _InitUART
00004d2c   _ReceiveByte
00004d48   _SendByte
00004db0   _CheckSum
00004ea4   _SendData
00004f3c   _Report
000050a0   __remul
00005138   __divul
00005398   __remli
00005438   __divli
00005500   _ecvt
00005920   _fcvt
00005d00   _cosf
00006000   __frcdivd
000062e0   _sinf
00006580   _memcpy
00006820   _sqrt
00006aa0   _exit
00006bf0   _atexit
00006cc8   C$$EXIT
00006cc8   _abort
00006ce0   __divd
00006f00   _sprintf
000070c0   _InitUSBMon
000070fc   _UMAddData
00007280   __divf
00007420   _ldexp
000075a0   __roundf
00007720   _atoi
00007860   _frexp
000079a0   _ldexpf
00007ae0   _ltoa
00007c20   __frcdivf
00007d40   __auto_init
00007e40   __fixdli
00007f00   __divu
00007fc0   _c_int00
00008060   __remu
00008100   __remi
000081a0   _modff
00008220   _strcpy
000082a0   _memccpy
00008300   _strlen
00008360   __nop
00008368   __register_lock
0000837c   __register_unlock
000083a0   __truncf
000083e0   etext
000083e0   ___etext__
00400000   _USBMonStuff
80000000   ___cinit__
80000000   ___bss__
80000000   ___end__
80000000   ___edata__
80000000   ___data__
80000000   cinit
80000000   edata
80000000   end
80000000   .data
80000000   .bss
80000000   $bss
80000104   __ctypes_
80000274   _currPhaseIdx
80000278   _delayCntArr
80000598   _compacket
80000684   _respacket
80000758   _tmp_string
800008a4   __cleanup_ptr
800008a8   __dtors_ptr
80000a04   _TFlag
80000a24   __memory_size
80000a2c   __lock
80000a30   __unlock
80000a38   _errno
80000a40   __stack
80001a40   __sys_memory
ffffffff   pinit
ffffffff   ___pinit__

[108 symbols]
