TMS320C6x COFF Assembler         Version 4.10     Sat Apr 13 22:09:00 2024
Copyright (c) 1996-2001 Texas Instruments Incorporated
temp\main.asm                                                        PAGE    1

       1                    ;******************************************************************************
       2                    ;* TMS320C6x ANSI C Codegen                                      Version 4.10 *
       3                    ;* Date/Time created: Sat Apr 13 22:09:00 2024                                *
       4                    ;******************************************************************************
       5                    
       6                    ;******************************************************************************
       7                    ;* GLOBAL FILE PARAMETERS                                                     *
       8                    ;*                                                                            *
       9                    ;*   Architecture      : TMS320C670x                                          *
      10                    ;*   Optimization      : Disabled                                             *
      11                    ;*   Optimizing for    : Compile time, Ease of Development                    *
      12                    ;*                       Based on options: no -o, no -ms                      *
      13                    ;*   Endian            : Little                                               *
      14                    ;*   Interrupt Thrshld : Disabled                                             *
      15                    ;*   Memory Model      : Large                                                *
      16                    ;*   Calls to RTS      : Far                                                  *
      17                    ;*   Pipelining        : Disabled                                             *
      18                    ;*   Memory Aliases    : Presume are aliases (pessimistic)                    *
      19                    ;*   Debug Info        : No Debug Info                                        *
      20                    ;*                                                                            *
      21                    ;******************************************************************************
      22                    
      23                            .asg    A15, FP
      24                            .asg    B14, DP
      25                            .asg    B15, SP
      26                            .global $bss
      27                    
      28                            .global _currPhaseIdx
      29 00000000           _currPhaseIdx:  .usect  .far,4,4
      30                            .global _delayCntArr
      31 00000004           _delayCntArr:   .usect  .far,800,4
      32                    
      33 00000000                   .sect   ".const"
      34                            .align 4
      35 00000000           _$T0$1:
      36 00000000 00000002          .field          2,32                    ; _$T0$1[0] @ 0
      37 00000004 00000008          .field          8,32                    ; _$T0$1[1] @ 32
      38 00000008 00000001          .field          1,32                    ; _$T0$1[2] @ 64
      39 0000000c 00000004          .field          4,32                    ; _$T0$1[3] @ 96
      40 00000000                   .sect   ".text"
      41                    ;       acp6x -q -D_FAR_RTS=1 --large_model=3 --version=6701 -m --i_output_file C:\Users\hge42\AppData
      42 00000000                   .sect   ".text"
      43                            .global _InitEXINTF
      44                    
      45                    ;******************************************************************************
      46                    ;* FUNCTION NAME: _InitEXINTF                                                 *
      47                    ;*                                                                            *
      48                    ;*   Regs Modified     : A0,A3,A4,B4,B5,B6                                    *
      49                    ;*   Regs Used         : A0,A3,A4,B3,B4,B5,B6                                 *
      50                    ;*   Local Frame Size  : 0 Args + 0 Auto + 0 Save = 0 byte                    *
      51                    ;******************************************************************************
      52 00000000           _InitEXINTF:
      53                    ;** --------------------------------------------------------------------------*
      54 00000000 000008C0             ZERO    .D1     A0                ; |18| 
      55 00000004 0000C068             MVKH    .S1     0x1800000,A0      ; |18| 
TMS320C6x COFF Assembler         Version 4.10     Sat Apr 13 22:09:00 2024
Copyright (c) 1996-2001 Texas Instruments Incorporated
temp\main.asm                                                        PAGE    2

      56 00000008 02000264             LDW     .D1T1   *A0,A4            ; |18| 
      57 0000000c 0280042A             MVKL    .S2     0x1800008,B5      ; |21| 
      58 00000010 030290AA             MVKL    .S2     0x21520521,B6     ; |33| 
      59 00000014 000C0362             B       .S2     B3                ; |43| 
      60                    
      61 00000018 0200082B             MVKL    .S2     0x1800010,B4      ; |33| 
      62 0000001c 018190A8  ||         MVKL    .S1     0xd00321,A3       ; |21| 
      63                    
      64 00000020 021065C9             CLR     .S1     A4,3,5,A4         ; |18| 
      65 00000024 0280C06A  ||         MVKH    .S2     0x1800008,B5      ; |21| 
      66                    
      67 00000028 02000275             STW     .D1T1   A4,*A0            ; |18| 
      68 0000002c 0310A96B  ||         MVKH    .S2     0x21520521,B6     ; |33| 
      69 00000030 01806868  ||         MVKH    .S1     0xd00321,A3       ; |21| 
      70                    
      71 00000034 019402F5             STW     .D2T1   A3,*B5            ; |21| 
      72 00000038 0200C06A  ||         MVKH    .S2     0x1800010,B4      ; |33| 
      73                    
      74 0000003c 031002F6             STW     .D2T2   B6,*B4            ; |33| 
      75                               ; BRANCH OCCURS                   ; |43| 
      76                    
      77                    
      78 00000040                   .sect   ".text"
      79                            .global _InitTimer
      80                    
      81                    ;******************************************************************************
      82                    ;* FUNCTION NAME: _InitTimer                                                  *
      83                    ;*                                                                            *
      84                    ;*   Regs Modified     : A0,A3,B4,B5                                          *
      85                    ;*   Regs Used         : A0,A3,B3,B4,B5                                       *
      86                    ;*   Local Frame Size  : 0 Args + 0 Auto + 0 Save = 0 byte                    *
      87                    ;******************************************************************************
      88 00000040           _InitTimer:
      89                    ;** --------------------------------------------------------------------------*
      90 00000040 020008C2             ZERO    .D2     B4                ; |48| 
      91 00000044 0200CA6A             MVKH    .S2     0x1940000,B4      ; |48| 
      92 00000048 029002E6             LDW     .D2T2   *B4,B5            ; |48| 
      93 0000004c 00000228             MVKL    .S1     0x1940004,A0      ; |51| 
      94 00000050 0000CA68             MVKH    .S1     0x1940004,A0      ; |51| 
      95 00000054 018008C0             ZERO    .D1     A3                ; |54| 
      96 00000058 0180CA68             MVKH    .S1     0x1940000,A3      ; |54| 
      97 0000005c 0295098A             SET     .S2     B5,8,9,B5         ; |48| 
      98                    
      99 00000060 0200642B             MVK     .S2     200,B4            ; |51| 
     100 00000064 029002F6  ||         STW     .D2T2   B5,*B4            ; |48| 
     101                    
     102 00000068 02000276             STW     .D1T2   B4,*A0            ; |51| 
     103 0000006c 000C0264             LDW     .D1T1   *A3,A0            ; |54| 
     104 00000070 000C0362             B       .S2     B3                ; |55| 
     105 00000074 00004000             NOP             3
     106 00000078 0000C788             SET     .S1     A0,6,7,A0         ; |54| 
     107 0000007c 000C0274             STW     .D1T1   A0,*A3            ; |54| 
     108                               ; BRANCH OCCURS                   ; |55| 
     109                    
     110                    
TMS320C6x COFF Assembler         Version 4.10     Sat Apr 13 22:09:00 2024
Copyright (c) 1996-2001 Texas Instruments Incorporated
temp\main.asm                                                        PAGE    3

     111 00000080                   .sect   ".text"
     112                            .global _InitINT
     113                    
     114                    ;******************************************************************************
     115                    ;* FUNCTION NAME: _InitINT                                                    *
     116                    ;*                                                                            *
     117                    ;*   Regs Modified     : A0,B4                                                *
     118                    ;*   Regs Used         : A0,B3,B4                                             *
     119                    ;*   Local Frame Size  : 0 Args + 0 Auto + 0 Save = 0 byte                    *
     120                    ;******************************************************************************
     121 00000080           _InitINT:
     122                    ;** --------------------------------------------------------------------------*
     123 00000080 021003E2             MVC     .S2     IER,B4            ; |60| 
     124 00000084 00202128             MVK     .S1     16450,A0          ; |60| 
     125 00000088 020096E2             OR      .S2X    A0,B4,B4          ; |60| 
     126 0000008c 021003A2             MVC     .S2     B4,IER            ; |60| 
     127 00000090 000C0362             B       .S2     B3                ; |61| 
     128 00000094 00008000             NOP             5
     129                               ; BRANCH OCCURS                   ; |61| 
     130                    
     131                    
     132 00000098                   .sect   ".text"
     133                            .global _GIE
     134                    
     135                    ;******************************************************************************
     136                    ;* FUNCTION NAME: _GIE                                                        *
     137                    ;*                                                                            *
     138                    ;*   Regs Modified     : B4                                                   *
     139                    ;*   Regs Used         : B3,B4                                                *
     140                    ;*   Local Frame Size  : 0 Args + 0 Auto + 0 Save = 0 byte                    *
     141                    ;******************************************************************************
     142 00000098           _GIE:
     143                    ;** --------------------------------------------------------------------------*
     144 00000098 020403E2             MVC     .S2     CSR,B4            ; |66| 
     145 0000009c 021026A2             OR      .S2     1,B4,B4           ; |66| 
     146 000000a0 009003A2             MVC     .S2     B4,CSR            ; |66| 
     147 000000a4 000C0362             B       .S2     B3                ; |67| 
     148 000000a8 00008000             NOP             5
     149                               ; BRANCH OCCURS                   ; |67| 
     150                    
     151                    
     152 000000ac                   .sect   ".text"
     153                            .global _delay_us
     154                    
     155                    ;******************************************************************************
     156                    ;* FUNCTION NAME: _delay_us                                                   *
     157                    ;*                                                                            *
     158                    ;*   Regs Modified     : B0,B4,B5,B6,SP                                       *
     159                    ;*   Regs Used         : A4,B0,B3,B4,B5,B6,SP                                 *
     160                    ;*   Local Frame Size  : 0 Args + 4 Auto + 0 Save = 4 byte                    *
     161                    ;******************************************************************************
     162 000000ac           _delay_us:
     163                    ;** --------------------------------------------------------------------------*
     164 000000ac 021011A2             MV      .S2X    A4,B4             ; |71| 
     165 000000b0 02908CA2             SHL     .S2     B4,4,B5           ; |74| 
TMS320C6x COFF Assembler         Version 4.10     Sat Apr 13 22:09:00 2024
Copyright (c) 1996-2001 Texas Instruments Incorporated
temp\main.asm                                                        PAGE    4

     166                    
     167 000000b4 020425E3             ZERO    .S2     B4                ; |74| 
     168 000000b8 02949AC2  ||         SUBAH   .D2     B5,B4,B5          ; |74| 
     169                    
     170 000000bc 00148BFA             CMPLTU  .L2     B4,B5,B0          ; |74| 
     171 000000c0 30000710     [!B0]   B       .S1     L2                ; |74| 
     172 000000c4 07BD09C2             SUB     .D2     SP,8,SP           ; |71| 
     173 000000c8 023C22F4             STW     .D2T1   A4,*+SP(4)        ; |71| 
     174 000000cc 22BC22E6     [ B0]   LDW     .D2T2   *+SP(4),B5        ; |74| 
     175 000000d0 00002000             NOP             2
     176                               ; BRANCH OCCURS                   ; |74| 
     177                    ;** --------------------------------------------------------------------------*
     178 000000d4 00002000             NOP             2
     179                    ;*----------------------------------------------------------------------------*
     180                    ;*   SOFTWARE PIPELINE INFORMATION
     181                    ;*      Disqualified loop: software pipelining disabled
     182                    ;*----------------------------------------------------------------------------*
     183 000000d8           L1:    
     184 000000d8 03148CA2             SHL     .S2     B5,4,B6           ; |74| 
     185                    
     186 000000e0 0298BAC3             SUBAH   .D2     B6,B5,B5          ; |74| 
     187 000000e4 021021A2  ||         ADD     .S2     1,B4,B4           ; |74| 
     188                    
     189 000000e8 00148BFA             CMPLTU  .L2     B4,B5,B0          ; |74| 
     190 000000ec 2FFFFF10     [ B0]   B       .S1     L1                ; |74| 
     191 000000f0 22BC22E6     [ B0]   LDW     .D2T2   *+SP(4),B5        ; |74| 
     192 000000f4 00006000             NOP             4
     193                               ; BRANCH OCCURS                   ; |74| 
     194                    ;** --------------------------------------------------------------------------*
     195 000000f8           L2:    
     196 000000f8 000C0362             B       .S2     B3                ; |75| 
     197 000000fc 07BD0942             ADD     .D2     8,SP,SP           ; |75| 
     198 00000100 00006000             NOP             4
     199                               ; BRANCH OCCURS                   ; |75| 
     200                    
     201                    
     202 00000104                   .sect   ".text"
     203                            .global _delay_ms
     204                    
     205                    ;******************************************************************************
     206                    ;* FUNCTION NAME: _delay_ms                                                   *
     207                    ;*                                                                            *
     208                    ;*   Regs Modified     : A4,B0,B3,B4,B5,B6,B7,B9,SP                           *
     209                    ;*   Regs Used         : A4,B0,B3,B4,B5,B6,B7,B9,SP                           *
     210                    ;*   Local Frame Size  : 0 Args + 4 Auto + 0 Save = 4 byte                    *
     211                    ;******************************************************************************
     212 00000104           _delay_ms:
     213                    ;** --------------------------------------------------------------------------*
     214 00000104 038008C2             ZERO    .D2     B7                ; |82| 
     215 00000108 0010FBFA             CMPLTU  .L2X    B7,A4,B0
     216 0000010c 30000B10     [!B0]   B       .S1     L4                ; |82| 
     217 00000110 07BD09C2             SUB     .D2     SP,8,SP           ; |79| 
     218 00000114 023C22F4             STW     .D2T1   A4,*+SP(4)        ; |79| 
     219 00000118 048C005A             MV      .L2     B3,B9             ; |79| 
     220 0000011c 2200562A'    [ B0]   MVKL    .S2     _delay_us,B4      ; |83| 
TMS320C6x COFF Assembler         Version 4.10     Sat Apr 13 22:09:00 2024
Copyright (c) 1996-2001 Texas Instruments Incorporated
temp\main.asm                                                        PAGE    5

     221 00000120 2200006A'    [ B0]   MVKH    .S2     _delay_us,B4      ; |83| 
     222                               ; BRANCH OCCURS                   ; |82| 
     223                    ;*----------------------------------------------------------------------------*
     224                    ;*   SOFTWARE PIPELINE INFORMATION
     225                    ;*      Disqualified loop: software pipelining disabled
     226                    ;*----------------------------------------------------------------------------*
     227 00000124           L3:    
     228 00000124 00100362             B       .S2     B4                ; |83| 
     229 00000128 01809C2A'            MVKL    .S2     RL0,B3            ; |83| 
     230 0000012c 0180006A'            MVKH    .S2     RL0,B3            ; |83| 
     231 00000130 0201F428             MVK     .S1     0x3e8,A4          ; |83| 
     232 00000134 00002000             NOP             2
     233 00000138           RL0:       ; CALL OCCURS                     ; |83| 
     234 00000138 023C22E6             LDW     .D2T2   *+SP(4),B4        ; |84| 
     235 0000013c 039C2942             ADD     .D2     1,B7,B7           ; |84| 
     236 00000140 00004000             NOP             3
     237 00000144 0010EBFA             CMPLTU  .L2     B7,B4,B0          ; |84| 
     238 00000148 2FFFFC90     [ B0]   B       .S1     L3                ; |84| 
     239 0000014c 2200562A'    [ B0]   MVKL    .S2     _delay_us,B4      ; |83| 
     240 00000150 2200006A'    [ B0]   MVKH    .S2     _delay_us,B4      ; |83| 
     241 00000154 00004000             NOP             3
     242                               ; BRANCH OCCURS                   ; |84| 
     243                    ;** --------------------------------------------------------------------------*
     244 00000158           L4:    
     245 00000158 00240362             B       .S2     B9                ; |85| 
     246 0000015c 07BD0942             ADD     .D2     8,SP,SP           ; |85| 
     247 00000160 00006000             NOP             4
     248                               ; BRANCH OCCURS                   ; |85| 
     249                    
     250                    
     251 00000164                   .sect   ".text"
     252                            .global _WaitTFlag
     253                    
     254                    ;******************************************************************************
     255                    ;* FUNCTION NAME: _WaitTFlag                                                  *
     256                    ;*                                                                            *
     257                    ;*   Regs Modified     : A0,A1,A3                                             *
     258                    ;*   Regs Used         : A0,A1,A3,B3                                          *
     259                    ;*   Local Frame Size  : 0 Args + 0 Auto + 0 Save = 0 byte                    *
     260                    ;******************************************************************************
     261 00000164           _WaitTFlag:
     262                    ;** --------------------------------------------------------------------------*
     263 00000164 00000028!            MVKL    .S1     _TFlag,A0         ; |90| 
     264 00000168 00000068!            MVKH    .S1     _TFlag,A0         ; |90| 
     265 0000016c 00800264             LDW     .D1T1   *A0,A1            ; |90| 
     266 00000170 00006000             NOP             4
     267 00000174 80000810     [ A1]   B       .S1     L6                ; |90| 
     268 00000178 90000028!    [!A1]   MVKL    .S1     _TFlag,A0         ; |90| 
     269 0000017c 90000068!    [!A1]   MVKH    .S1     _TFlag,A0         ; |90| 
     270 00000180 90800264     [!A1]   LDW     .D1T1   *A0,A1            ; |90| 
     271 00000184 00002000             NOP             2
     272                               ; BRANCH OCCURS                   ; |90| 
     273                    ;*----------------------------------------------------------------------------*
     274                    ;*   SOFTWARE PIPELINE INFORMATION
     275                    ;*      Disqualified loop: software pipelining disabled
TMS320C6x COFF Assembler         Version 4.10     Sat Apr 13 22:09:00 2024
Copyright (c) 1996-2001 Texas Instruments Incorporated
temp\main.asm                                                        PAGE    6

     276                    ;*----------------------------------------------------------------------------*
     277 00000188           L5:    
     278 00000188 00002000             NOP             2
     279 0000018c 90000110     [!A1]   B       .S1     L5                ; |90| 
     280 00000190 90000028!    [!A1]   MVKL    .S1     _TFlag,A0         ; |90| 
     281 00000194 90000068!    [!A1]   MVKH    .S1     _TFlag,A0         ; |90| 
     282 00000198 90800264     [!A1]   LDW     .D1T1   *A0,A1            ; |90| 
     283 0000019c 00002000             NOP             2
     284                               ; BRANCH OCCURS                   ; |90| 
     285                    ;** --------------------------------------------------------------------------*
     286 000001a0           L6:    
     287 000001a0 000C0362             B       .S2     B3                ; |92| 
     288 000001a4 00000028!            MVKL    .S1     _TFlag,A0         ; |91| 
     289 000001a8 00000068!            MVKH    .S1     _TFlag,A0         ; |91| 
     290 000001ac 018008C0             ZERO    .D1     A3                ; |91| 
     291 000001b0 01800274             STW     .D1T1   A3,*A0            ; |91| 
     292 000001b4 00000000             NOP             1
     293                               ; BRANCH OCCURS                   ; |92| 
     294                    
     295                    
     296 000001b8                   .sect   ".text"
     297                            .global _WaitTFlagCnt
     298                    
     299                    ;******************************************************************************
     300                    ;* FUNCTION NAME: _WaitTFlagCnt                                               *
     301                    ;*                                                                            *
     302                    ;*   Regs Modified     : A0,A1,A3,B0,B3,B4,B5,B9,SP                           *
     303                    ;*   Regs Used         : A0,A1,A3,A4,B0,B3,B4,B5,B9,SP                        *
     304                    ;*   Local Frame Size  : 0 Args + 8 Auto + 0 Save = 8 byte                    *
     305                    ;******************************************************************************
     306 000001b8           _WaitTFlagCnt:
     307                    ;** --------------------------------------------------------------------------*
     308                    
     309 000001b8 07BD09C3             SUB     .D2     SP,8,SP           ; |96| 
     310 000001bc 00000028! ||         MVKL    .S1     _TFlag,A0         ; |99| 
     311                    
     312 000001c0 023C22F5             STW     .D2T1   A4,*+SP(4)        ; |96| 
     313 000001c4 00000069! ||         MVKH    .S1     _TFlag,A0         ; |99| 
     314 000001c8 018428C0  ||         ZERO    .D1     A3                ; |99| 
     315                    
     316 000001cc 01800274             STW     .D1T1   A3,*A0            ; |99| 
     317 000001d0 02BC22E6             LDW     .D2T2   *+SP(4),B5        ; |101| 
     318 000001d4 020008C2             ZERO    .D2     B4                ; |101| 
     319 000001d8 023C42F6             STW     .D2T2   B4,*+SP(8)        ; |101| 
     320 000001dc 048C01A2             MV      .S2     B3,B9             ; |96| 
     321 000001e0 00000000             NOP             1
     322 000001e4 00148BFA             CMPLTU  .L2     B4,B5,B0          ; |101| 
     323 000001e8 30000A10     [!B0]   B       .S1     L8                ; |101| 
     324 000001ec 2000B228'    [ B0]   MVKL    .S1     _WaitTFlag,A0     ; |102| 
     325 000001f0 20000068'    [ B0]   MVKH    .S1     _WaitTFlag,A0     ; |102| 
     326 000001f4 00004000             NOP             3
     327                               ; BRANCH OCCURS                   ; |101| 
     328                    ;*----------------------------------------------------------------------------*
     329                    ;*   SOFTWARE PIPELINE INFORMATION
     330                    ;*      Disqualified loop: software pipelining disabled
TMS320C6x COFF Assembler         Version 4.10     Sat Apr 13 22:09:00 2024
Copyright (c) 1996-2001 Texas Instruments Incorporated
temp\main.asm                                                        PAGE    7

     331                    ;*----------------------------------------------------------------------------*
     332 000001f8           L7:    
     333 000001f8 00001362             B       .S2X    A0                ; |102| 
     334 000001fc 0181042A'            MVKL    .S2     RL2,B3            ; |102| 
     335 00000200 0180006A'            MVKH    .S2     RL2,B3            ; |102| 
     336 00000204 00004000             NOP             3
     337 00000208           RL2:       ; CALL OCCURS                     ; |102| 
     338 00000208 023C42E6             LDW     .D2T2   *+SP(8),B4        ; |103| 
     339 0000020c 02BC22E6             LDW     .D2T2   *+SP(4),B5        ; |103| 
     340 00000210 00004000             NOP             3
     341 00000214 02102942             ADD     .D2     1,B4,B4           ; |103| 
     342 00000218 00148BFA             CMPLTU  .L2     B4,B5,B0          ; |103| 
     343 0000021c 2FFFFF10     [ B0]   B       .S1     L7                ; |103| 
     344 00000220 023C42F6             STW     .D2T2   B4,*+SP(8)        ; |103| 
     345 00000224 2000B228'    [ B0]   MVKL    .S1     _WaitTFlag,A0     ; |102| 
     346 00000228 20000068'    [ B0]   MVKH    .S1     _WaitTFlag,A0     ; |102| 
     347 0000022c 00002000             NOP             2
     348                               ; BRANCH OCCURS                   ; |103| 
     349                    ;** --------------------------------------------------------------------------*
     350 00000230           L8:    
     351 00000230 00240362             B       .S2     B9                ; |104| 
     352 00000234 07BD0942             ADD     .D2     8,SP,SP           ; |104| 
     353 00000238 00006000             NOP             4
     354                               ; BRANCH OCCURS                   ; |104| 
     355                    
     356                    
     357 0000023c                   .sect   ".text"
     358                            .global _OneStepMove
     359                    
     360                    ;******************************************************************************
     361                    ;* FUNCTION NAME: _OneStepMove                                                *
     362                    ;*                                                                            *
     363                    ;*   Regs Modified     : A0,A1,A3,A4,B0,B1,B3,B4,B5,B6,B7,B8,B9,SP            *
     364                    ;*   Regs Used         : A0,A1,A3,A4,B0,B1,B3,B4,B5,B6,B7,B8,B9,SP            *
     365                    ;*   Local Frame Size  : 0 Args + 32 Auto + 0 Save = 32 byte                  *
     366                    ;******************************************************************************
     367 00000240           _OneStepMove:
     368                    ;** --------------------------------------------------------------------------*
     369                    
     370 00000240 07FFF053             ADDK    .S2     -32,SP            ; |108| 
     371 00000244 001011A0  ||         MV      .S1X    B4,A0             ; |108| 
     372                    
     373 00000248 003C42F5             STW     .D2T1   A0,*+SP(8)        ; |108| 
     374 0000024c 0200002B+ ||         MVKL    .S2     _$T0$1,B4         ; |109| 
     375 00000250 0290105A  ||         MV      .L2X    A4,B5             ; |108| 
     376                    
     377 00000254 02BC22F7             STW     .D2T2   B5,*+SP(4)        ; |108| 
     378 00000258 0200006A+ ||         MVKH    .S2     _$T0$1,B4         ; |109| 
     379                    
     380 0000025c 039002E6             LDW     .D2T2   *B4,B7            ; |109| 
     381 00000260 031042E6             LDW     .D2T2   *+B4(8),B6        ; |109| 
     382 00000264 029022E6             LDW     .D2T2   *+B4(4),B5        ; |109| 
     383 00000268 021062E6             LDW     .D2T2   *+B4(12),B4       ; |109| 
     384 0000026c 003D91A0             ADD     .S1X    12,SP,A0          ; |109| 
     385 00000270 03800276             STW     .D1T2   B7,*A0            ; |109| 
TMS320C6x COFF Assembler         Version 4.10     Sat Apr 13 22:09:00 2024
Copyright (c) 1996-2001 Texas Instruments Incorporated
temp\main.asm                                                        PAGE    8

     386 00000274 03004276             STW     .D1T2   B6,*+A0(8)        ; |109| 
     387 00000278 02802276             STW     .D1T2   B5,*+A0(4)        ; |109| 
     388 0000027c 02006276             STW     .D1T2   B4,*+A0(12)       ; |109| 
     389 00000280 02BC22E6             LDW     .D2T2   *+SP(4),B5        ; |124| 
     390 00000284 01800028-            MVKL    .S1     _currPhaseIdx,A3  ; |113| 
     391 00000288 01800068-            MVKH    .S1     _currPhaseIdx,A3  ; |113| 
     392 0000028c 018C0264             LDW     .D1T1   *A3,A3            ; |113| 
     393 00000290 040C01A2             MV      .S2     B3,B8             ; |108| 
     394 00000294 009411A0             MV      .S1X    B5,A1             ; |124| 
     395 00000298 80000A90     [ A1]   B       .S1     L9                ; |116| 
     396 0000029c 00942A5A             CMPEQ   .L2     B5,1,B1           ; |124| 
     397 000002a0 028C11A2             MV      .S2X    A3,B5             ; |124| 
     398 000002a4 023CBC42             ADDAW   .D2     SP,B5,B4          ; |117| 
     399 000002a8 000C7A5A             CMPEQ   .L2X    A3,3,B0
     400                    
     401 000002ac 01BCE2F5             STW     .D2T1   A3,*+SP(28)       ; |113| 
     402 000002b0 001011A0  ||         MV      .S1X    B4,A0             ; |119| 
     403                    
     404                               ; BRANCH OCCURS                   ; |116| 
     405                    ;** --------------------------------------------------------------------------*
     406 000002b4 027FFFAA             MVK     .S2     -1,B4             ; |119| 
     407                    
     408 000002b8 223CE2F7     [ B0]   STW     .D2T2   B4,*+SP(28)       ; |119| 
     409 000002bc 00006264  ||         LDW     .D1T1   *+A0(12),A0       ; |117| 
     410                    
     411 000002c0 00000991             B       .S1     L10               ; |121| 
     412 000002c4 023CE2E6  ||         LDW     .D2T2   *+SP(28),B4       ; |120| 
     413                    
     414 000002c8 00006000             NOP             4
     415                    
     416 000002cc 003D02F5             STW     .D2T1   A0,*+SP(32)       ; |125| 
     417 000002d0 021021A2  ||         ADD     .S2     1,B4,B4           ; |120| 
     418                    
     419                               ; BRANCH OCCURS                   ; |121| 
     420                    ;** --------------------------------------------------------------------------*
     421 000002d4           L9:    
     422 000002d4 50000B10     [!B1]   B       .S1     L11               ; |124| 
     423 000002d8 020C11A2             MV      .S2X    A3,B4
     424 000002dc 023C9C42             ADDAW   .D2     SP,B4,B4          ; |125| 
     425                    
     426 000002e0 001011A1             MV      .S1X    B4,A0             ; |125| 
     427 000002e4 000C11A3  ||         MV      .S2X    A3,B0
     428 000002e8 52BCE2E6  || [!B1]   LDW     .D2T2   *+SP(28),B5       ; |132| 
     429                    
     430 000002ec 4200022A     [ B1]   MVK     .S2     4,B4              ; |127| 
     431 000002f0 00000000             NOP             1
     432                               ; BRANCH OCCURS                   ; |124| 
     433                    ;** --------------------------------------------------------------------------*
     434                    
     435 000002f4 323CE2F7     [!B0]   STW     .D2T2   B4,*+SP(28)       ; |127| 
     436 000002f8 00006264  ||         LDW     .D1T1   *+A0(12),A0       ; |125| 
     437                    
     438 000002fc 023CE2E6             LDW     .D2T2   *+SP(28),B4       ; |128| 
     439 00000300 00006000             NOP             4
     440 00000304 021029C2             SUB     .D2     B4,1,B4           ; |128| 
TMS320C6x COFF Assembler         Version 4.10     Sat Apr 13 22:09:00 2024
Copyright (c) 1996-2001 Texas Instruments Incorporated
temp\main.asm                                                        PAGE    9

     441 00000308 003D02F4             STW     .D2T1   A0,*+SP(32)       ; |125| 
     442                    ;** --------------------------------------------------------------------------*
     443 0000030c           L10:    
     444 0000030c 023CE2F6             STW     .D2T2   B4,*+SP(28)       ; |128| 
     445 00000310 02BCE2E6             LDW     .D2T2   *+SP(28),B5       ; |132| 
     446 00000314 00002000             NOP             2
     447                    ;** --------------------------------------------------------------------------*
     448 00000318           L11:    
     449 00000318 0200002A-            MVKL    .S2     _currPhaseIdx,B4  ; |132| 
     450 0000031c 0200006A-            MVKH    .S2     _currPhaseIdx,B4  ; |132| 
     451 00000320 029002F6             STW     .D2T2   B5,*B4            ; |132| 
     452 00000324 023D02E6             LDW     .D2T2   *+SP(32),B4       ; |135| 
     453 00000328 00004828             MVKL    .S1     0x2000090,A0      ; |135| 
     454 0000032c 00010068             MVKH    .S1     0x2000090,A0      ; |135| 
     455 00000330 0181A82A'            MVKL    .S2     RL4,B3            ; |136| 
     456 00000334 0180006A'            MVKH    .S2     RL4,B3            ; |136| 
     457                    
     458 00000338 0000DC29'            MVKL    .S1     _WaitTFlagCnt,A0  ; |136| 
     459 0000033c 02000276  ||         STW     .D1T2   B4,*A0            ; |135| 
     460                    
     461 00000340 00000068'            MVKH    .S1     _WaitTFlagCnt,A0  ; |136| 
     462 00000344 00001362             B       .S2X    A0                ; |136| 
     463 00000348 023C42E4             LDW     .D2T1   *+SP(8),A4        ; |136| 
     464 0000034c 00006000             NOP             4
     465 00000350           RL4:       ; CALL OCCURS                     ; |136| 
     466 00000350 00200362             B       .S2     B8                ; |137| 
     467 00000354 07801052             ADDK    .S2     32,SP             ; |137| 
     468 00000358 00006000             NOP             4
     469                               ; BRANCH OCCURS                   ; |137| 
     470                    
     471                    
     472 0000035c                   .sect   ".text"
     473                            .global _MakeVelProfile
     474                    
     475                    ;******************************************************************************
     476                    ;* FUNCTION NAME: _MakeVelProfile                                             *
     477                    ;*                                                                            *
     478                    ;*   Regs Modified     : A0,A1,A2,A3,A4,A5,A6,A7,A8,A9,A10,A11,B0,B1,B2,B3,B4,*
     479                    ;*                           B5,B6,B7,B8,B9,SP                                *
     480                    ;*   Regs Used         : A0,A1,A2,A3,A4,A5,A6,A7,A8,A9,A10,A11,B0,B1,B2,B3,B4,*
     481                    ;*                           B5,B6,B7,B8,B9,SP                                *
     482                    ;*   Local Frame Size  : 0 Args + 28 Auto + 12 Save = 40 byte                 *
     483                    ;******************************************************************************
     484 0000035c           _MakeVelProfile:
     485                    ;** --------------------------------------------------------------------------*
     486 0000035c 05BD54F4             STW     .D2T1   A11,*SP--(40)     ; |144| 
     487                    
     488 00000360 023C42F7             STW     .D2T2   B4,*+SP(8)        ; |144| 
     489 00000364 029011A2  ||         MV      .S2X    A4,B5
     490                    
     491 00000368 021000A3             SPDP    .S2     B4,B5:B4          ; |153| 
     492 0000036c 02BC22F7  ||         STW     .D2T2   B5,*+SP(4)        ; |144| 
     493 00000370 0310BE03  ||         MPYSP   .M2X    A4,B5,B6
     494 00000374 008428C0  ||         ZERO    .D1     A1                ; |153| 
     495                    
TMS320C6x COFF Assembler         Version 4.10     Sat Apr 13 22:09:00 2024
Copyright (c) 1996-2001 Texas Instruments Incorporated
temp\main.asm                                                        PAGE   10

     496 00000378 00A00069             MVKH    .S1     0x40000000,A1     ; |153| 
     497 0000037c 000848C0  ||         ZERO    .D1     A0                ; |153| 
     498                    
     499 00000380 02009702             MPYDP   .M2X    B5:B4,A1:A0,B5:B4 ; |153| 
     500 00000384 00000000             NOP             1
     501 00000388 0400002A!            MVKL    .S2     __divd,B8         ; |153| 
     502 0000038c 0400006A!            MVKH    .S2     __divd,B8         ; |153| 
     503 00000390 00200362             B       .S2     B8                ; |153| 
     504 00000394 00000000             NOP             1
     505 00000398 031800A2             SPDP    .S2     B6,B7:B6          ; |153| 
     506 0000039c 01BD22F6             STW     .D2T2   B3,*+SP(36)       ; |144| 
     507                    
     508 000003a0 000000A9             MVK     .S1     1,A0              ; |151| 
     509 000003a4 029C1059  ||         MV      .L1X    B7,A5             ; |153| 
     510 000003a8 0181DE2B' ||         MVKL    .S2     RL8,B3            ; |153| 
     511 000003ac 053D02F4  ||         STW     .D2T1   A10,*+SP(32)      ; |144| 
     512                    
     513 000003b0 003C62F5             STW     .D2T1   A0,*+SP(12)       ; |151| 
     514 000003b4 021811A1  ||         MV      .S1X    B6,A4             ; |153| 
     515 000003b8 0180006A' ||         MVKH    .S2     RL8,B3            ; |153| 
     516                    
     517 000003bc           RL8:       ; CALL OCCURS                     ; |153| 
     518 000003bc 00148138             DPSP    .L1     A5:A4,A0          ; |153| 
     519 000003c0 00004000             NOP             3
     520                    
     521 000003c4 00000029!            MVKL    .S1     __divf,A0         ; |154| 
     522 000003c8 02000941  ||         MV      .D1     A0,A4
     523 000003cc 003C82F4  ||         STW     .D2T1   A0,*+SP(16)       ; |153| 
     524                    
     525 000003d0 00000068!            MVKH    .S1     __divf,A0         ; |154| 
     526 000003d4 00001362             B       .S2X    A0                ; |154| 
     527 000003d8 00000000             NOP             1
     528 000003dc 0181F62A'            MVKL    .S2     RL10,B3           ; |154| 
     529 000003e0 0233332A             MVKL    .S2     0x3fe66666,B4     ; |154| 
     530 000003e4 0180006A'            MVKH    .S2     RL10,B3           ; |154| 
     531 000003e8 021FF36A             MVKH    .S2     0x3fe66666,B4     ; |154| 
     532 000003ec           RL10:      ; CALL OCCURS                     ; |154| 
     533 000003ec 01900178             SPTRUNC .L1     A4,A3             ; |154| 
     534 000003f0 00000000             NOP             1
     535 000003f4 000000A8             MVK     .S1     1,A0              ; |157| 
     536 000003f8 028011A2             MV      .S2X    A0,B5             ; |154| 
     537 000003fc 000CB9FA             CMPGTU  .L2X    B5,A3,B0
     538 00000400 20001D10     [ B0]   B       .S1     L13               ; |157| 
     539 00000404 00004000             NOP             3
     540 00000408 01BCA2F4             STW     .D2T1   A3,*+SP(20)       ; |154| 
     541                    
     542 0000040c 050428C1             ZERO    .D1     A10               ; |159| 
     543 00000410 003C62F4  ||         STW     .D2T1   A0,*+SP(12)       ; |157| 
     544                    
     545                               ; BRANCH OCCURS                   ; |157| 
     546                    ;*----------------------------------------------------------------------------*
     547                    ;*   SOFTWARE PIPELINE INFORMATION
     548                    ;*      Disqualified loop: software pipelining disabled
     549                    ;*----------------------------------------------------------------------------*
     550 00000414           L12:    
TMS320C6x COFF Assembler         Version 4.10     Sat Apr 13 22:09:00 2024
Copyright (c) 1996-2001 Texas Instruments Incorporated
temp\main.asm                                                        PAGE   11

     551 00000414 023C42E6             LDW     .D2T2   *+SP(8),B4        ; |158| 
     552 00000418 02BC62E6             LDW     .D2T2   *+SP(12),B5       ; |158| 
     553 0000041c 00002000             NOP             2
     554 00000420 000008C0             ZERO    .D1     A0                ; |158| 
     555 00000424 00200068             MVKH    .S1     0x40000000,A0     ; |158| 
     556                    
     557 00000428 0214093B             INTSPU  .L2     B5,B4             ; |158| 
     558 0000042c 03809E03  ||         MPYSP   .M2X    B4,A0,B7          ; |158| 
     559 00000430 0300002A! ||         MVKL    .S2     __divf,B6         ; |158| 
     560                    
     561 00000434 0300006A!            MVKH    .S2     __divf,B6         ; |158| 
     562 00000438 00180362             B       .S2     B6                ; |158| 
     563 0000043c 00000000             NOP             1
     564                    
     565 00000440 021C8E03             MPYSP   .M2     B4,B7,B4          ; |158| 
     566 00000444 01822C2A' ||         MVKL    .S2     RL14,B3           ; |158| 
     567                    
     568 00000448 02B3332A             MVKL    .S2     0x3fe66666,B5     ; |158| 
     569 0000044c 029FF36A             MVKH    .S2     0x3fe66666,B5     ; |158| 
     570                    
     571 00000450 021411A1             MV      .S1X    B5,A4             ; |158| 
     572 00000454 0180006A' ||         MVKH    .S2     RL14,B3           ; |158| 
     573                    
     574 00000458           RL14:      ; CALL OCCURS                     ; |158| 
     575 00000458 00000028!            MVKL    .S1     _sqrt,A0          ; |158| 
     576 0000045c 00000068!            MVKH    .S1     _sqrt,A0          ; |158| 
     577 00000460 00001362             B       .S2X    A0                ; |158| 
     578 00000464 00004000             NOP             3
     579                    
     580 00000468 021000A1             SPDP    .S1     A4,A5:A4          ; |158| 
     581 0000046c 01823A2A' ||         MVKL    .S2     RL16,B3           ; |158| 
     582                    
     583 00000470 0180006A'            MVKH    .S2     RL16,B3           ; |158| 
     584 00000474           RL16:      ; CALL OCCURS                     ; |158| 
     585 00000474 00148138             DPSP    .L1     A5:A4,A0          ; |158| 
     586 00000478 00004000             NOP             3
     587 0000047c 020011A2             MV      .S2X    A0,B4             ; |158| 
     588                    
     589 00000480 021000A3             SPDP    .S2     B4,B5:B4          ; |159| 
     590 00000484 05B50028  ||         MVKL    .S1     0x40f86a00,A11    ; |159| 
     591                    
     592 00000488 05A07C68             MVKH    .S1     0x40f86a00,A11    ; |159| 
     593                    
     594 0000048c 00115701             MPYDP   .M1X    B5:B4,A11:A10,A1:A0 ; |159| 
     595 00000490 003CC2F4  ||         STW     .D2T1   A0,*+SP(24)       ; |158| 
     596                    
     597 00000494 00010000             NOP             9
     598 00000498 00040138             DPSP    .L1     A1:A0,A0          ; |159| 
     599 0000049c 00004000             NOP             3
     600                    
     601 000004a0 033C62E7             LDW     .D2T2   *+SP(12),B6       ; |160| 
     602 000004a4 020011A2  ||         MV      .S2X    A0,B4             ; |159| 
     603                    
     604 000004a8 0210017A             SPTRUNC .L2     B4,B4             ; |160| 
     605 000004ac 00000000             NOP             1
TMS320C6x COFF Assembler         Version 4.10     Sat Apr 13 22:09:00 2024
Copyright (c) 1996-2001 Texas Instruments Incorporated
temp\main.asm                                                        PAGE   12

     606 000004b0 0280022A-            MVKL    .S2     _delayCntArr,B5   ; |160| 
     607                    
     608 000004b4 0280006B-            MVKH    .S2     _delayCntArr,B5   ; |160| 
     609 000004b8 003CE2F4  ||         STW     .D2T1   A0,*+SP(28)       ; |159| 
     610                    
     611 000004bc 0214CAF6             STW     .D2T2   B4,*+B5[B6]       ; |160| 
     612 000004c0 023C62E6             LDW     .D2T2   *+SP(12),B4       ; |161| 
     613 000004c4 00006000             NOP             4
     614 000004c8 02102942             ADD     .D2     1,B4,B4           ; |161| 
     615 000004cc 023C62F6             STW     .D2T2   B4,*+SP(12)       ; |161| 
     616 000004d0 02BC62E6             LDW     .D2T2   *+SP(12),B5       ; |161| 
     617 000004d4 023CA2E6             LDW     .D2T2   *+SP(20),B4       ; |161| 
     618 000004d8 00006000             NOP             4
     619 000004dc 0010A9FA             CMPGTU  .L2     B5,B4,B0          ; |161| 
     620 000004e0 3FFFE690     [!B0]   B       .S1     L12               ; |161| 
     621 000004e4 00008000             NOP             5
     622                               ; BRANCH OCCURS                   ; |161| 
     623                    ;** --------------------------------------------------------------------------*
     624 000004e8           L13:    
     625 000004e8 01BD22E6             LDW     .D2T2   *+SP(36),B3       ; |164| 
     626 000004ec 053D02E4             LDW     .D2T1   *+SP(32),A10      ; |164| 
     627 000004f0 023CA2E4             LDW     .D2T1   *+SP(20),A4       ; |163| 
     628 000004f4 05BD52E4             LDW     .D2T1   *++SP(40),A11     ; |164| 
     629 000004f8 00000000             NOP             1
     630 000004fc 000C0362             B       .S2     B3                ; |164| 
     631 00000500 00008000             NOP             5
     632                               ; BRANCH OCCURS                   ; |164| 
     633                    
     634                    
     635 00000504                   .sect   ".text"
     636                            .global _StepMoveVP
     637                    
     638                    ;******************************************************************************
     639                    ;* FUNCTION NAME: _StepMoveVP                                                 *
     640                    ;*                                                                            *
     641                    ;*   Regs Modified     : A0,A1,A2,A3,A4,A5,A6,A7,A8,A9,B0,B1,B2,B3,B4,B5,B6,  *
     642                    ;*                           B7,B8,B9,SP                                      *
     643                    ;*   Regs Used         : A0,A1,A2,A3,A4,A5,A6,A7,A8,A9,B0,B1,B2,B3,B4,B5,B6,  *
     644                    ;*                           B7,B8,B9,SP                                      *
     645                    ;*   Local Frame Size  : 0 Args + 36 Auto + 4 Save = 40 byte                  *
     646                    ;******************************************************************************
     647 00000504           _StepMoveVP:
     648                    ;** --------------------------------------------------------------------------*
     649 00000504 00000028!            MVKL    .S1     __divf,A0         ; |175| 
     650 00000508 00000068!            MVKH    .S1     __divf,A0         ; |175| 
     651 0000050c 00001362             B       .S2X    A0                ; |175| 
     652 00000510 01BD54F6             STW     .D2T2   B3,*SP--(40)      ; |167| 
     653 00000514 023C42F6             STW     .D2T2   B4,*+SP(8)        ; |167| 
     654 00000518 01B33328             MVKL    .S1     0x3fe66666,A3     ; |175| 
     655                    
     656 00000520 033C62F5             STW     .D2T1   A6,*+SP(12)       ; |167| 
     657 00000524 019FF369  ||         MVKH    .S1     0x3fe66666,A3     ; |175| 
     658 00000528 01829C2A' ||         MVKL    .S2     RL18,B3           ; |175| 
     659                    
     660 0000052c 020C105B             MV      .L2X    A3,B4             ; |175| 
TMS320C6x COFF Assembler         Version 4.10     Sat Apr 13 22:09:00 2024
Copyright (c) 1996-2001 Texas Instruments Incorporated
temp\main.asm                                                        PAGE   13

     661 00000530 023C22F5  ||         STW     .D2T1   A4,*+SP(4)        ; |167| 
     662 00000534 0180006A' ||         MVKH    .S2     RL18,B3           ; |175| 
     663                    
     664 00000538           RL18:      ; CALL OCCURS                     ; |175| 
     665                    
     666 00000538 02BC22E7             LDW     .D2T2   *+SP(4),B5        ; |176| 
     667 0000053c 0301AE2A' ||         MVKL    .S2     _MakeVelProfile,B6 ; |180| 
     668                    
     669 00000540 0300006A'            MVKH    .S2     _MakeVelProfile,B6 ; |180| 
     670                    
     671 00000544 00180363             B       .S2     B6                ; |180| 
     672 00000548 023C62E7  ||         LDW     .D2T2   *+SP(12),B4       ; |180| 
     673 0000054c 01900178  ||         SPTRUNC .L1     A4,A3             ; |175| 
     674                    
     675 00000550 023C42E4             LDW     .D2T1   *+SP(8),A4        ; |180| 
     676 00000554 000008C0             ZERO    .D1     A0                ; |176| 
     677 00000558 00941EA0             CMPGTSP .S1X    B5,A0,A1          ; |176| 
     678                    
     679 00000560 900000A9     [!A1]   MVK     .S1     0x1,A0            ; |176| 
     680 00000564 01BC82F5  ||         STW     .D2T1   A3,*+SP(16)       ; |175| 
     681 00000568 0182BA2A' ||         MVKL    .S2     RL20,B3           ; |180| 
     682                    
     683 0000056c 003CA2F5             STW     .D2T1   A0,*+SP(20)       ; |176| 
     684 00000570 0180006A' ||         MVKH    .S2     RL20,B3           ; |180| 
     685                    
     686 00000574           RL20:      ; CALL OCCURS                     ; |180| 
     687 00000574 020000AA             MVK     .S2     1,B4              ; |184| 
     688 00000578 023D22F6             STW     .D2T2   B4,*+SP(36)       ; |184| 
     689 0000057c 02BD22E6             LDW     .D2T2   *+SP(36),B5       ; |184| 
     690 00000580 023C82E6             LDW     .D2T2   *+SP(16),B4       ; |184| 
     691 00000584 023CC2F4             STW     .D2T1   A4,*+SP(24)       ; |180| 
     692 00000588 00004000             NOP             3
     693 0000058c 0010A8FA             CMPGT   .L2     B5,B4,B0          ; |184| 
     694 00000590 20002B90     [ B0]   B       .S1     L16               ; |184| 
     695 00000594 030005E2             ZERO    .S2     B6                ; |183| 
     696 00000598 033D02F6             STW     .D2T2   B6,*+SP(32)       ; |183| 
     697 0000059c 21BD52E6     [ B0]   LDW     .D2T2   *++SP(40),B3      ; |204| 
     698 000005a0 00002000             NOP             2
     699                               ; BRANCH OCCURS                   ; |184| 
     700                    ;** --------------------------------------------------------------------------*
     701 000005a4 023CC2E6             LDW     .D2T2   *+SP(24),B4       ; |186| 
     702 000005a8 02BD22E6             LDW     .D2T2   *+SP(36),B5       ; |186| 
     703 000005ac 00004000             NOP             3
     704                    ;*----------------------------------------------------------------------------*
     705                    ;*   SOFTWARE PIPELINE INFORMATION
     706                    ;*      Disqualified loop: software pipelining disabled
     707                    ;*----------------------------------------------------------------------------*
     708 000005b0           L14:    
     709 000005b0 00000000             NOP             1
     710 000005b4 0010A9FA             CMPGTU  .L2     B5,B4,B0          ; |186| 
     711 000005b8 333D02E6     [!B0]   LDW     .D2T2   *+SP(32),B6       ; |187| 
     712 000005bc 3200022A-    [!B0]   MVKL    .S2     _delayCntArr,B4   ; |187| 
     713 000005c0 32BD02E6     [!B0]   LDW     .D2T2   *+SP(32),B5       ; |188| 
     714 000005c4 3200006A-    [!B0]   MVKH    .S2     _delayCntArr,B4   ; |187| 
     715 000005c8 30012028'    [!B0]   MVKL    .S1     _OneStepMove,A0   ; |202| 
TMS320C6x COFF Assembler         Version 4.10     Sat Apr 13 22:09:00 2024
Copyright (c) 1996-2001 Texas Instruments Incorporated
temp\main.asm                                                        PAGE   14

     716                    
     717 000005cc 30001991     [!B0]   B       .S1     L15               ; |189| 
     718 000005d0 3210CAE6  || [!B0]   LDW     .D2T2   *+B4[B6],B4       ; |187| 
     719                    
     720 000005d4 00002000             NOP             2
     721 000005d8 32942942     [!B0]   ADD     .D2     1,B5,B5           ; |188| 
     722 000005dc 32BD02F6     [!B0]   STW     .D2T2   B5,*+SP(32)       ; |188| 
     723 000005e0 323CE2F6     [!B0]   STW     .D2T2   B4,*+SP(28)       ; |187| 
     724                               ; BRANCH OCCURS                   ; |189| 
     725                    ;** --------------------------------------------------------------------------*
     726 000005e4 023CC2E6             LDW     .D2T2   *+SP(24),B4       ; |191| 
     727 000005e8 02BD22E6             LDW     .D2T2   *+SP(36),B5       ; |191| 
     728 000005ec 00006000             NOP             4
     729 000005f0 0010A9FA             CMPGTU  .L2     B5,B4,B0          ; |191| 
     730 000005f4 233CC2E6     [ B0]   LDW     .D2T2   *+SP(24),B6       ; |191| 
     731 000005f8 223C82E6     [ B0]   LDW     .D2T2   *+SP(16),B4       ; |191| 
     732 000005fc 22BD22E6     [ B0]   LDW     .D2T2   *+SP(36),B5       ; |191| 
     733 00000600 00004000             NOP             3
     734 00000604 2210C8C2     [ B0]   SUB     .D2     B4,B6,B4          ; |191| 
     735 00000608 2210A9FA     [ B0]   CMPGTU  .L2     B5,B4,B4          ; |191| 
     736 0000060c 201022A2     [ B0]   XOR     .S2     1,B4,B0           ; |191| 
     737 00000610 22BCC2E6     [ B0]   LDW     .D2T2   *+SP(24),B5       ; |192| 
     738 00000614 2200022A-    [ B0]   MVKL    .S2     _delayCntArr,B4   ; |192| 
     739 00000618 2200006A-    [ B0]   MVKH    .S2     _delayCntArr,B4   ; |192| 
     740 0000061c 20012028'    [ B0]   MVKL    .S1     _OneStepMove,A0   ; |202| 
     741 00000620 00000000             NOP             1
     742                    
     743 00000624 2210AAE7     [ B0]   LDW     .D2T2   *+B4[B5],B4       ; |192| 
     744 00000628 20000D90  || [ B0]   B       .S1     L15               ; |193| 
     745                    
     746 0000062c 00006000             NOP             4
     747 00000630 223CE2F6     [ B0]   STW     .D2T2   B4,*+SP(28)       ; |192| 
     748                               ; BRANCH OCCURS                   ; |193| 
     749                    ;** --------------------------------------------------------------------------*
     750 00000634 023CC2E6             LDW     .D2T2   *+SP(24),B4       ; |196| 
     751 00000638 02BC82E6             LDW     .D2T2   *+SP(16),B5       ; |196| 
     752 0000063c 033D22E6             LDW     .D2T2   *+SP(36),B6       ; |196| 
     753 00000640 00012028'            MVKL    .S1     _OneStepMove,A0   ; |202| 
     754 00000644 00002000             NOP             2
     755 00000648 021488C2             SUB     .D2     B5,B4,B4          ; |196| 
     756 0000064c 0010C9FA             CMPGTU  .L2     B6,B4,B0          ; |196| 
     757 00000650 22BD22E6     [ B0]   LDW     .D2T2   *+SP(36),B5       ; |196| 
     758 00000654 223C82E6     [ B0]   LDW     .D2T2   *+SP(16),B4       ; |196| 
     759 00000658 00006000             NOP             4
     760 0000065c 2210A8FA     [ B0]   CMPGT   .L2     B5,B4,B4          ; |196| 
     761 00000660 201022A2     [ B0]   XOR     .S2     1,B4,B0           ; |196| 
     762 00000664 233D02E6     [ B0]   LDW     .D2T2   *+SP(32),B6       ; |197| 
     763 00000668 223D02E6     [ B0]   LDW     .D2T2   *+SP(32),B4       ; |198| 
     764 0000066c 2280022A-    [ B0]   MVKL    .S2     _delayCntArr,B5   ; |197| 
     765 00000670 2280006A-    [ B0]   MVKH    .S2     _delayCntArr,B5   ; |197| 
     766 00000674 00000000             NOP             1
     767 00000678 2294CAE6     [ B0]   LDW     .D2T2   *+B5[B6],B5       ; |197| 
     768 0000067c 221029C2     [ B0]   SUB     .D2     B4,1,B4           ; |198| 
     769 00000680 223D02F6     [ B0]   STW     .D2T2   B4,*+SP(32)       ; |198| 
     770 00000684 00002000             NOP             2
TMS320C6x COFF Assembler         Version 4.10     Sat Apr 13 22:09:00 2024
Copyright (c) 1996-2001 Texas Instruments Incorporated
temp\main.asm                                                        PAGE   15

     771 00000688 22BCE2F6     [ B0]   STW     .D2T2   B5,*+SP(28)       ; |197| 
     772                    ;** --------------------------------------------------------------------------*
     773 0000068c           L15:    
     774 0000068c 00000068'            MVKH    .S1     _OneStepMove,A0   ; |202| 
     775                    
     776 00000690 00001363             B       .S2X    A0                ; |202| 
     777 00000694 023CA2E4  ||         LDW     .D2T1   *+SP(20),A4
     778                    
     779 00000698 023CE2E6             LDW     .D2T2   *+SP(28),B4       ; |202| 
     780 0000069c 0183542A'            MVKL    .S2     RL22,B3           ; |202| 
     781 000006a0 0180006A'            MVKH    .S2     RL22,B3           ; |202| 
     782 000006a4 00002000             NOP             2
     783 000006a8           RL22:      ; CALL OCCURS                     ; |202| 
     784 000006a8 023D22E6             LDW     .D2T2   *+SP(36),B4       ; |203| 
     785 000006ac 00006000             NOP             4
     786 000006b0 02102942             ADD     .D2     1,B4,B4           ; |203| 
     787 000006b4 023D22F6             STW     .D2T2   B4,*+SP(36)       ; |203| 
     788 000006b8 02BD22E6             LDW     .D2T2   *+SP(36),B5       ; |203| 
     789 000006bc 023C82E6             LDW     .D2T2   *+SP(16),B4       ; |203| 
     790 000006c0 00006000             NOP             4
     791 000006c4 0010A8FA             CMPGT   .L2     B5,B4,B0          ; |203| 
     792 000006c8 3FFFDE10     [!B0]   B       .S1     L14               ; |203| 
     793 000006cc 323CC2E6     [!B0]   LDW     .D2T2   *+SP(24),B4       ; |186| 
     794 000006d0 32BD22E6     [!B0]   LDW     .D2T2   *+SP(36),B5       ; |186| 
     795 000006d4 21BD52E6     [ B0]   LDW     .D2T2   *++SP(40),B3      ; |204| 
     796 000006d8 00002000             NOP             2
     797                               ; BRANCH OCCURS                   ; |203| 
     798                    ;** --------------------------------------------------------------------------*
     799 000006dc           L16:    
     800 000006dc 00002000             NOP             2
     801 000006e0 000C0362             B       .S2     B3                ; |204| 
     802 000006e4 00008000             NOP             5
     803                               ; BRANCH OCCURS                   ; |204| 
     804                    
     805                    
     806 000006e8                   .sect   ".text"
     807                            .global _main
     808                    
     809                    ;******************************************************************************
     810                    ;* FUNCTION NAME: _main                                                       *
     811                    ;*                                                                            *
     812                    ;*   Regs Modified     : A0,A1,A2,A3,A4,A5,A6,A7,A8,A9,B0,B1,B2,B3,B4,B5,B6,  *
     813                    ;*                           B7,B8,B9,SP                                      *
     814                    ;*   Regs Used         : A0,A1,A2,A3,A4,A5,A6,A7,A8,A9,B0,B1,B2,B3,B4,B5,B6,  *
     815                    ;*                           B7,B8,B9,SP                                      *
     816                    ;*   Local Frame Size  : 16 Args + 0 Auto + 4 Save = 20 byte                  *
     817                    ;******************************************************************************
     818 000006e8           _main:
     819                    ;** --------------------------------------------------------------------------*
     820 000006e8 00000028'            MVKL    .S1     _InitEXINTF,A0    ; |209| 
     821 000006ec 00000068'            MVKH    .S1     _InitEXINTF,A0    ; |209| 
     822 000006f0 00001362             B       .S2X    A0                ; |209| 
     823 000006f4 01BCD4F6             STW     .D2T2   B3,*SP--(24)      ; |208| 
     824 000006f8 0183822A'            MVKL    .S2     RL24,B3           ; |209| 
     825 000006fc 0180006A'            MVKH    .S2     RL24,B3           ; |209| 
TMS320C6x COFF Assembler         Version 4.10     Sat Apr 13 22:09:00 2024
Copyright (c) 1996-2001 Texas Instruments Incorporated
temp\main.asm                                                        PAGE   16

     826 00000700 00002000             NOP             2
     827 00000704           RL24:      ; CALL OCCURS                     ; |209| 
     828 00000704 00002028'            MVKL    .S1     _InitTimer,A0     ; |210| 
     829 00000708 00000068'            MVKH    .S1     _InitTimer,A0     ; |210| 
     830 0000070c 00001362             B       .S2X    A0                ; |210| 
     831 00000710 01838E2A'            MVKL    .S2     RL26,B3           ; |210| 
     832 00000714 0180006A'            MVKH    .S2     RL26,B3           ; |210| 
     833 00000718 00004000             NOP             3
     834 0000071c           RL26:      ; CALL OCCURS                     ; |210| 
     835 0000071c 0200002A!            MVKL    .S2     _InitUART,B4      ; |211| 
     836 00000720 0200006A!            MVKH    .S2     _InitUART,B4      ; |211| 
     837 00000724 00100362             B       .S2     B4                ; |211| 
     838 00000728 01839A2A'            MVKL    .S2     RL28,B3           ; |211| 
     839 0000072c 0180006A'            MVKH    .S2     RL28,B3           ; |211| 
     840 00000730 00004000             NOP             3
     841 00000734           RL28:      ; CALL OCCURS                     ; |211| 
     842 00000734 00004028'            MVKL    .S1     _InitINT,A0       ; |212| 
     843 00000738 00000068'            MVKH    .S1     _InitINT,A0       ; |212| 
     844 0000073c 00001362             B       .S2X    A0                ; |212| 
     845 00000740 0183A62A'            MVKL    .S2     RL30,B3           ; |212| 
     846 00000744 0180006A'            MVKH    .S2     RL30,B3           ; |212| 
     847 00000748 00004000             NOP             3
     848 0000074c           RL30:      ; CALL OCCURS                     ; |212| 
     849 0000074c 00000028!            MVKL    .S1     _InitUSBMon,A0    ; |213| 
     850 00000750 00000068!            MVKH    .S1     _InitUSBMon,A0    ; |213| 
     851 00000754 00001362             B       .S2X    A0                ; |213| 
     852 00000758 0183B22A'            MVKL    .S2     RL32,B3           ; |213| 
     853 0000075c 0180006A'            MVKH    .S2     RL32,B3           ; |213| 
     854 00000760 00004000             NOP             3
     855 00000764           RL32:      ; CALL OCCURS                     ; |213| 
     856 00000764 00000028!            MVKL    .S1     _sprintf,A0       ; |215| 
     857                    
     858 00000768 00000069!            MVKH    .S1     _sprintf,A0       ; |215| 
     859 0000076c 0280082A+ ||         MVKL    .S2     SL1+0,B5          ; |215| 
     860                    
     861 00000770 00001362             B       .S2X    A0                ; |215| 
     862 00000774 0183C82A'            MVKL    .S2     RL34,B3           ; |215| 
     863 00000778 0280006A+            MVKH    .S2     SL1+0,B5          ; |215| 
     864 0000077c 0200002A!            MVKL    .S2     _tmp_string,B4    ; |215| 
     865 00000780 0200006A!            MVKH    .S2     _tmp_string,B4    ; |215| 
     866                    
     867 00000784 0180006B'            MVKH    .S2     RL34,B3           ; |215| 
     868 00000788 02BC22F7  ||         STW     .D2T2   B5,*+SP(4)        ; |215| 
     869 0000078c 021011A0  ||         MV      .S1X    B4,A4             ; |215| 
     870                    
     871 00000790           RL34:      ; CALL OCCURS                     ; |215| 
     872 00000790 00000028!            MVKL    .S1     _Report,A0        ; |215| 
     873 00000794 00000068!            MVKH    .S1     _Report,A0        ; |215| 
     874 00000798 00001362             B       .S2X    A0                ; |215| 
     875 0000079c 0183D42A'            MVKL    .S2     RL36,B3           ; |215| 
     876 000007a0 0180006A'            MVKH    .S2     RL36,B3           ; |215| 
     877 000007a4 00004000             NOP             3
     878 000007a8           RL36:      ; CALL OCCURS                     ; |215| 
     879 000007a8 0003F428             MVK     .S1     2024,A0           ; |216| 
     880                    
TMS320C6x COFF Assembler         Version 4.10     Sat Apr 13 22:09:00 2024
Copyright (c) 1996-2001 Texas Instruments Incorporated
temp\main.asm                                                        PAGE   17

     881 000007ac 00000029!            MVKL    .S1     _sprintf,A0       ; |216| 
     882 000007b0 003C42F4  ||         STW     .D2T1   A0,*+SP(8)        ; |216| 
     883                    
     884 000007b4 00000069!            MVKH    .S1     _sprintf,A0       ; |216| 
     885 000007b8 0280002A! ||         MVKL    .S2     _tmp_string,B5    ; |216| 
     886                    
     887 000007bc 00001362             B       .S2X    A0                ; |216| 
     888 000007c0 02000AAA+            MVKL    .S2     SL2+0,B4          ; |216| 
     889 000007c4 0280006A!            MVKH    .S2     _tmp_string,B5    ; |216| 
     890 000007c8 0200006A+            MVKH    .S2     SL2+0,B4          ; |216| 
     891 000007cc 0183EE2A'            MVKL    .S2     RL38,B3           ; |216| 
     892                    
     893 000007d0 0180006B'            MVKH    .S2     RL38,B3           ; |216| 
     894 000007d4 023C22F7  ||         STW     .D2T2   B4,*+SP(4)        ; |216| 
     895 000007d8 021411A0  ||         MV      .S1X    B5,A4             ; |216| 
     896                    
     897 000007dc           RL38:      ; CALL OCCURS                     ; |216| 
     898 000007dc 00000028!            MVKL    .S1     _Report,A0        ; |216| 
     899 000007e0 00000068!            MVKH    .S1     _Report,A0        ; |216| 
     900 000007e4 00001362             B       .S2X    A0                ; |216| 
     901 000007e8 0183FA2A'            MVKL    .S2     RL40,B3           ; |216| 
     902 000007ec 0180006A'            MVKH    .S2     RL40,B3           ; |216| 
     903 000007f0 00004000             NOP             3
     904 000007f4           RL40:      ; CALL OCCURS                     ; |216| 
     905 000007f4 0200172A+            MVKL    .S2     SL3+0,B4          ; |217| 
     906 000007f8 0281FE2A             MVKL    .S2     0x20003fc,B5      ; |217| 
     907 000007fc 0200006A+            MVKH    .S2     SL3+0,B4          ; |217| 
     908                    
     909 00000800 023C22F7             STW     .D2T2   B4,*+SP(4)        ; |217| 
     910 00000804 0281006A  ||         MVKH    .S2     0x20003fc,B5      ; |217| 
     911                    
     912 00000808 021402E6             LDW     .D2T2   *B5,B4            ; |217| 
     913 0000080c 0001FE28             MVKL    .S1     0x20003fc,A0      ; |217| 
     914 00000810 00010068             MVKH    .S1     0x20003fc,A0      ; |217| 
     915 00000814 02000028!            MVKL    .S1     _tmp_string,A4    ; |217| 
     916 00000818 0184242A'            MVKL    .S2     RL42,B3           ; |217| 
     917 0000081c 0212180A             EXTU    .S2     B4,16,24,B4       ; |217| 
     918 00000820 023C42F6             STW     .D2T2   B4,*+SP(8)        ; |217| 
     919                    
     920 00000824 00000029!            MVKL    .S1     _sprintf,A0       ; |217| 
     921 00000828 01800264  ||         LDW     .D1T1   *A0,A3            ; |217| 
     922                    
     923 0000082c 00000068!            MVKH    .S1     _sprintf,A0       ; |217| 
     924 00000830 00001362             B       .S2X    A0                ; |217| 
     925 00000834 02000068!            MVKH    .S1     _tmp_string,A4    ; |217| 
     926 00000838 0180006A'            MVKH    .S2     RL42,B3           ; |217| 
     927 0000083c 00000000             NOP             1
     928 00000840 018F1808             EXTU    .S1     A3,24,24,A3       ; |217| 
     929 00000844 01BC62F4             STW     .D2T1   A3,*+SP(12)       ; |217| 
     930 00000848           RL42:      ; CALL OCCURS                     ; |217| 
     931 00000848 00000028!            MVKL    .S1     _Report,A0        ; |217| 
     932 0000084c 00000068!            MVKH    .S1     _Report,A0        ; |217| 
     933 00000850 00001362             B       .S2X    A0                ; |217| 
     934 00000854 0184302A'            MVKL    .S2     RL44,B3           ; |217| 
     935 00000858 0180006A'            MVKH    .S2     RL44,B3           ; |217| 
TMS320C6x COFF Assembler         Version 4.10     Sat Apr 13 22:09:00 2024
Copyright (c) 1996-2001 Texas Instruments Incorporated
temp\main.asm                                                        PAGE   18

     936 0000085c 00004000             NOP             3
     937 00000860           RL44:      ; CALL OCCURS                     ; |217| 
     938                    ;** --------------------------------------------------------------------------*
     939 00000860 02004C2A'            MVKL    .S2     _GIE,B4           ; |220| 
     940 00000864 0200006A'            MVKH    .S2     _GIE,B4           ; |220| 
     941 00000868 00100362             B       .S2     B4                ; |220| 
     942 0000086c 0184442A'            MVKL    .S2     RL46,B3           ; |220| 
     943 00000870 018008C0             ZERO    .D1     A3                ; |219| 
     944 00000874 00000028!            MVKL    .S1     _TFlag,A0         ; |219| 
     945 00000878 00000068!            MVKH    .S1     _TFlag,A0         ; |219| 
     946                    
     947 00000880 01800275             STW     .D1T1   A3,*A0            ; |219| 
     948 00000884 0180006A' ||         MVKH    .S2     RL46,B3           ; |220| 
     949                    
     950 00000888           RL46:      ; CALL OCCURS                     ; |220| 
     951 00000888 0000DC28'            MVKL    .S1     _WaitTFlagCnt,A0  ; |226| 
     952 0000088c 00000068'            MVKH    .S1     _WaitTFlagCnt,A0  ; |226| 
     953 00000890 00001362             B       .S2X    A0                ; |226| 
     954 00000894 0200262A             MVKL    .S2     0x200004c,B4      ; |222| 
     955 00000898 020000A8             MVK     .S1     1,A4              ; |222| 
     956                    
     957 000008a0 0201006B             MVKH    .S2     0x200004c,B4      ; |222| 
     958 000008a4 01800028- ||         MVKL    .S1     _currPhaseIdx,A3  ; |224| 
     959                    
     960 000008a8 020420FB             ZERO    .L2     B4                ; |224| 
     961 000008ac 021002F5  ||         STW     .D2T1   A4,*B4            ; |222| 
     962 000008b0 0184662B' ||         MVKL    .S2     RL48,B3           ; |226| 
     963 000008b4 01800068- ||         MVKH    .S1     _currPhaseIdx,A3  ; |224| 
     964                    
     965 000008c0 020C0277             STW     .D1T2   B4,*A3            ; |224| 
     966 000008c4 02138829  ||         MVK     .S1     0x2710,A4         ; |226| 
     967 000008c8 0180006A' ||         MVKH    .S2     RL48,B3           ; |226| 
     968                    
     969 000008cc           RL48:      ; CALL OCCURS                     ; |226| 
     970 000008cc 0282822A'            MVKL    .S2     _StepMoveVP,B5    ; |230| 
     971 000008d0 0280006A'            MVKH    .S2     _StepMoveVP,B5    ; |230| 
     972 000008d4 00140362             B       .S2     B5                ; |230| 
     973 000008d8 01847C2A'            MVKL    .S2     RL50,B3           ; |230| 
     974 000008dc 020008C2             ZERO    .D2     B4                ; |230| 
     975 000008e0 030008C0             ZERO    .D1     A6                ; |230| 
     976                    
     977 000008e4 02219A6B             MVKH    .S2     0x43340000,B4     ; |230| 
     978 000008e8 020428C1  ||         ZERO    .D1     A4                ; |230| 
     979 000008ec 032270E8  ||         MVKH    .S1     0x44e10000,A6     ; |230| 
     980                    
     981 000008f0 0180006B'            MVKH    .S2     RL50,B3           ; |230| 
     982 000008f4 0221DA68  ||         MVKH    .S1     0x43b40000,A4     ; |230| 
     983                    
     984 000008f8           RL50:      ; CALL OCCURS                     ; |230| 
     985                    ;*----------------------------------------------------------------------------*
     986                    ;*   SOFTWARE PIPELINE INFORMATION
     987                    ;*      Disqualified loop: software pipelining disabled
     988                    ;*----------------------------------------------------------------------------*
     989 000008f8           L17:    
     990 000008f8 00000310             B       .S1     L17               ; |232| 
TMS320C6x COFF Assembler         Version 4.10     Sat Apr 13 22:09:00 2024
Copyright (c) 1996-2001 Texas Instruments Incorporated
temp\main.asm                                                        PAGE   19

     991 000008fc 00008000             NOP             5
     992                               ; BRANCH OCCURS                   ; |232| 
     993                    
     994                    
     995                    ;******************************************************************************
     996                    ;* STRINGS                                                                    *
     997                    ;******************************************************************************
     998 00000010                   .sect   ".const"
     999 00000010 0000000D  SL1:    .string 13,10,13,10,0
         00000011 0000000A 
         00000012 0000000D 
         00000013 0000000A 
         00000014 00000000 
    1000 00000015 0000004D  SL2:    .string "Mechatronics Course %d",13,10,0
         00000016 00000065 
         00000017 00000063 
         00000018 00000068 
         00000019 00000061 
         0000001a 00000074 
         0000001b 00000072 
         0000001c 0000006F 
         0000001d 0000006E 
         0000001e 00000069 
         0000001f 00000063 
         00000020 00000073 
         00000021 00000020 
         00000022 00000043 
         00000023 0000006F 
         00000024 00000075 
         00000025 00000072 
         00000026 00000073 
         00000027 00000065 
         00000028 00000020 
         00000029 00000025 
         0000002a 00000064 
         0000002b 0000000D 
         0000002c 0000000A 
         0000002d 00000000 
    1001 0000002e 00000046  SL3:    .string "FPGA Ver%2x.%02x",13,10,0
         0000002f 00000050 
         00000030 00000047 
         00000031 00000041 
         00000032 00000020 
         00000033 00000056 
         00000034 00000065 
         00000035 00000072 
         00000036 00000025 
         00000037 00000032 
         00000038 00000078 
         00000039 0000002E 
         0000003a 00000025 
         0000003b 00000030 
         0000003c 00000032 
         0000003d 00000078 
         0000003e 0000000D 
TMS320C6x COFF Assembler         Version 4.10     Sat Apr 13 22:09:00 2024
Copyright (c) 1996-2001 Texas Instruments Incorporated
temp\main.asm                                                        PAGE   20

         0000003f 0000000A 
         00000040 00000000 
    1002                    ;******************************************************************************
    1003                    ;* UNDEFINED EXTERNAL REFERENCES                                              *
    1004                    ;******************************************************************************
    1005                            .global _sqrt
    1006                            .global _sprintf
    1007                            .global _InitUART
    1008                            .global _Report
    1009                            .global _InitUSBMon
    1010                            .global _tmp_string
    1011                            .global _TFlag
    1012                            .global __divf
    1013                            .global __divd

No Assembly Errors, No Assembly Warnings
