TMS320C6x COFF Assembler         Version 4.10     Sat Apr 13 17:30:51 2024
Copyright (c) 1996-2001 Texas Instruments Incorporated
temp\main.asm                                                        PAGE    1

       1                    ;******************************************************************************
       2                    ;* TMS320C6x ANSI C Codegen                                      Version 4.10 *
       3                    ;* Date/Time created: Sat Apr 13 17:30:50 2024                                *
       4                    ;******************************************************************************
       5                    
       6                    ;******************************************************************************
       7                    ;* GLOBAL FILE PARAMETERS                                                     *
       8                    ;*                                                                            *
       9                    ;*   Architecture      : TMS320C670x                                          *
      10                    ;*   Optimization      : Disabled                                             *
      11                    ;*   Optimizing for    : Compile time, Ease of Development                    *
      12                    ;*                       Based on options: no -o, no -ms                      *
      13                    ;*   Endian            : Little                                               *
      14                    ;*   Interrupt Thrshld : Disabled                                             *
      15                    ;*   Memory Model      : Large                                                *
      16                    ;*   Calls to RTS      : Far                                                  *
      17                    ;*   Pipelining        : Disabled                                             *
      18                    ;*   Memory Aliases    : Presume are aliases (pessimistic)                    *
      19                    ;*   Debug Info        : No Debug Info                                        *
      20                    ;*                                                                            *
      21                    ;******************************************************************************
      22                    
      23                            .asg    A15, FP
      24                            .asg    B14, DP
      25                            .asg    B15, SP
      26                            .global $bss
      27                    
      28                    ;       acp6x -q -D_FAR_RTS=1 --large_model=3 --version=6701 -m --i_output_file C:\Users\hge42\AppData
      29 00000000                   .sect   ".text"
      30                            .global _InitEXINTF
      31                    
      32                    ;******************************************************************************
      33                    ;* FUNCTION NAME: _InitEXINTF                                                 *
      34                    ;*                                                                            *
      35                    ;*   Regs Modified     : A0,A3,A4,B4,B5,B6                                    *
      36                    ;*   Regs Used         : A0,A3,A4,B3,B4,B5,B6                                 *
      37                    ;*   Local Frame Size  : 0 Args + 0 Auto + 0 Save = 0 byte                    *
      38                    ;******************************************************************************
      39 00000000           _InitEXINTF:
      40                    ;** --------------------------------------------------------------------------*
      41 00000000 000008C0             ZERO    .D1     A0                ; |18| 
      42 00000004 0000C068             MVKH    .S1     0x1800000,A0      ; |18| 
      43 00000008 02000264             LDW     .D1T1   *A0,A4            ; |18| 
      44 0000000c 0280042A             MVKL    .S2     0x1800008,B5      ; |21| 
      45 00000010 030290AA             MVKL    .S2     0x21520521,B6     ; |33| 
      46 00000014 000C0362             B       .S2     B3                ; |43| 
      47                    
      48 00000018 0200082B             MVKL    .S2     0x1800010,B4      ; |33| 
      49 0000001c 018190A8  ||         MVKL    .S1     0xd00321,A3       ; |21| 
      50                    
      51 00000020 021065C9             CLR     .S1     A4,3,5,A4         ; |18| 
      52 00000024 0280C06A  ||         MVKH    .S2     0x1800008,B5      ; |21| 
      53                    
      54 00000028 02000275             STW     .D1T1   A4,*A0            ; |18| 
      55 0000002c 0310A96B  ||         MVKH    .S2     0x21520521,B6     ; |33| 
TMS320C6x COFF Assembler         Version 4.10     Sat Apr 13 17:30:51 2024
Copyright (c) 1996-2001 Texas Instruments Incorporated
temp\main.asm                                                        PAGE    2

      56 00000030 01806868  ||         MVKH    .S1     0xd00321,A3       ; |21| 
      57                    
      58 00000034 019402F5             STW     .D2T1   A3,*B5            ; |21| 
      59 00000038 0200C06A  ||         MVKH    .S2     0x1800010,B4      ; |33| 
      60                    
      61 0000003c 031002F6             STW     .D2T2   B6,*B4            ; |33| 
      62                               ; BRANCH OCCURS                   ; |43| 
      63                    
      64                    
      65 00000040                   .sect   ".text"
      66                            .global _InitTimer
      67                    
      68                    ;******************************************************************************
      69                    ;* FUNCTION NAME: _InitTimer                                                  *
      70                    ;*                                                                            *
      71                    ;*   Regs Modified     : A0,A3,B4,B5                                          *
      72                    ;*   Regs Used         : A0,A3,B3,B4,B5                                       *
      73                    ;*   Local Frame Size  : 0 Args + 0 Auto + 0 Save = 0 byte                    *
      74                    ;******************************************************************************
      75 00000040           _InitTimer:
      76                    ;** --------------------------------------------------------------------------*
      77 00000040 020008C2             ZERO    .D2     B4                ; |48| 
      78 00000044 0200CA6A             MVKH    .S2     0x1940000,B4      ; |48| 
      79 00000048 029002E6             LDW     .D2T2   *B4,B5            ; |48| 
      80 0000004c 00000228             MVKL    .S1     0x1940004,A0      ; |51| 
      81 00000050 0000CA68             MVKH    .S1     0x1940004,A0      ; |51| 
      82 00000054 018008C0             ZERO    .D1     A3                ; |54| 
      83 00000058 0180CA68             MVKH    .S1     0x1940000,A3      ; |54| 
      84 0000005c 0295098A             SET     .S2     B5,8,9,B5         ; |48| 
      85                    
      86 00000060 0200642B             MVK     .S2     200,B4            ; |51| 
      87 00000064 029002F6  ||         STW     .D2T2   B5,*B4            ; |48| 
      88                    
      89 00000068 02000276             STW     .D1T2   B4,*A0            ; |51| 
      90 0000006c 000C0264             LDW     .D1T1   *A3,A0            ; |54| 
      91 00000070 000C0362             B       .S2     B3                ; |55| 
      92 00000074 00004000             NOP             3
      93 00000078 0000C788             SET     .S1     A0,6,7,A0         ; |54| 
      94 0000007c 000C0274             STW     .D1T1   A0,*A3            ; |54| 
      95                               ; BRANCH OCCURS                   ; |55| 
      96                    
      97                    
      98 00000080                   .sect   ".text"
      99                            .global _InitINT
     100                    
     101                    ;******************************************************************************
     102                    ;* FUNCTION NAME: _InitINT                                                    *
     103                    ;*                                                                            *
     104                    ;*   Regs Modified     : A0,B4                                                *
     105                    ;*   Regs Used         : A0,B3,B4                                             *
     106                    ;*   Local Frame Size  : 0 Args + 0 Auto + 0 Save = 0 byte                    *
     107                    ;******************************************************************************
     108 00000080           _InitINT:
     109                    ;** --------------------------------------------------------------------------*
     110 00000080 021003E2             MVC     .S2     IER,B4            ; |60| 
TMS320C6x COFF Assembler         Version 4.10     Sat Apr 13 17:30:51 2024
Copyright (c) 1996-2001 Texas Instruments Incorporated
temp\main.asm                                                        PAGE    3

     111 00000084 00202128             MVK     .S1     16450,A0          ; |60| 
     112 00000088 020096E2             OR      .S2X    A0,B4,B4          ; |60| 
     113 0000008c 021003A2             MVC     .S2     B4,IER            ; |60| 
     114 00000090 000C0362             B       .S2     B3                ; |61| 
     115 00000094 00008000             NOP             5
     116                               ; BRANCH OCCURS                   ; |61| 
     117                    
     118                    
     119 00000098                   .sect   ".text"
     120                            .global _GIE
     121                    
     122                    ;******************************************************************************
     123                    ;* FUNCTION NAME: _GIE                                                        *
     124                    ;*                                                                            *
     125                    ;*   Regs Modified     : B4                                                   *
     126                    ;*   Regs Used         : B3,B4                                                *
     127                    ;*   Local Frame Size  : 0 Args + 0 Auto + 0 Save = 0 byte                    *
     128                    ;******************************************************************************
     129 00000098           _GIE:
     130                    ;** --------------------------------------------------------------------------*
     131 00000098 020403E2             MVC     .S2     CSR,B4            ; |66| 
     132 0000009c 021026A2             OR      .S2     1,B4,B4           ; |66| 
     133 000000a0 009003A2             MVC     .S2     B4,CSR            ; |66| 
     134 000000a4 000C0362             B       .S2     B3                ; |67| 
     135 000000a8 00008000             NOP             5
     136                               ; BRANCH OCCURS                   ; |67| 
     137                    
     138                    
     139 000000ac                   .sect   ".text"
     140                            .global _delay_us
     141                    
     142                    ;******************************************************************************
     143                    ;* FUNCTION NAME: _delay_us                                                   *
     144                    ;*                                                                            *
     145                    ;*   Regs Modified     : B0,B4,B5,B6,SP                                       *
     146                    ;*   Regs Used         : A4,B0,B3,B4,B5,B6,SP                                 *
     147                    ;*   Local Frame Size  : 0 Args + 4 Auto + 0 Save = 4 byte                    *
     148                    ;******************************************************************************
     149 000000ac           _delay_us:
     150                    ;** --------------------------------------------------------------------------*
     151 000000ac 021011A2             MV      .S2X    A4,B4             ; |71| 
     152 000000b0 02908CA2             SHL     .S2     B4,4,B5           ; |74| 
     153                    
     154 000000b4 020425E3             ZERO    .S2     B4                ; |74| 
     155 000000b8 02949AC2  ||         SUBAH   .D2     B5,B4,B5          ; |74| 
     156                    
     157 000000bc 00148BFA             CMPLTU  .L2     B4,B5,B0          ; |74| 
     158 000000c0 30000710     [!B0]   B       .S1     L2                ; |74| 
     159 000000c4 07BD09C2             SUB     .D2     SP,8,SP           ; |71| 
     160 000000c8 023C22F4             STW     .D2T1   A4,*+SP(4)        ; |71| 
     161 000000cc 22BC22E6     [ B0]   LDW     .D2T2   *+SP(4),B5        ; |74| 
     162 000000d0 00002000             NOP             2
     163                               ; BRANCH OCCURS                   ; |74| 
     164                    ;** --------------------------------------------------------------------------*
     165 000000d4 00002000             NOP             2
TMS320C6x COFF Assembler         Version 4.10     Sat Apr 13 17:30:51 2024
Copyright (c) 1996-2001 Texas Instruments Incorporated
temp\main.asm                                                        PAGE    4

     166                    ;*----------------------------------------------------------------------------*
     167                    ;*   SOFTWARE PIPELINE INFORMATION
     168                    ;*      Disqualified loop: software pipelining disabled
     169                    ;*----------------------------------------------------------------------------*
     170 000000d8           L1:    
     171 000000d8 03148CA2             SHL     .S2     B5,4,B6           ; |74| 
     172                    
     173 000000e0 0298BAC3             SUBAH   .D2     B6,B5,B5          ; |74| 
     174 000000e4 021021A2  ||         ADD     .S2     1,B4,B4           ; |74| 
     175                    
     176 000000e8 00148BFA             CMPLTU  .L2     B4,B5,B0          ; |74| 
     177 000000ec 2FFFFF10     [ B0]   B       .S1     L1                ; |74| 
     178 000000f0 22BC22E6     [ B0]   LDW     .D2T2   *+SP(4),B5        ; |74| 
     179 000000f4 00006000             NOP             4
     180                               ; BRANCH OCCURS                   ; |74| 
     181                    ;** --------------------------------------------------------------------------*
     182 000000f8           L2:    
     183 000000f8 000C0362             B       .S2     B3                ; |75| 
     184 000000fc 07BD0942             ADD     .D2     8,SP,SP           ; |75| 
     185 00000100 00006000             NOP             4
     186                               ; BRANCH OCCURS                   ; |75| 
     187                    
     188                    
     189 00000104                   .sect   ".text"
     190                            .global _delay_ms
     191                    
     192                    ;******************************************************************************
     193                    ;* FUNCTION NAME: _delay_ms                                                   *
     194                    ;*                                                                            *
     195                    ;*   Regs Modified     : A4,B0,B3,B4,B5,B6,B7,B9,SP                           *
     196                    ;*   Regs Used         : A4,B0,B3,B4,B5,B6,B7,B9,SP                           *
     197                    ;*   Local Frame Size  : 0 Args + 4 Auto + 0 Save = 4 byte                    *
     198                    ;******************************************************************************
     199 00000104           _delay_ms:
     200                    ;** --------------------------------------------------------------------------*
     201 00000104 038008C2             ZERO    .D2     B7                ; |82| 
     202 00000108 0010FBFA             CMPLTU  .L2X    B7,A4,B0
     203 0000010c 30000B10     [!B0]   B       .S1     L4                ; |82| 
     204 00000110 07BD09C2             SUB     .D2     SP,8,SP           ; |79| 
     205 00000114 023C22F4             STW     .D2T1   A4,*+SP(4)        ; |79| 
     206 00000118 048C005A             MV      .L2     B3,B9             ; |79| 
     207 0000011c 2200562A'    [ B0]   MVKL    .S2     _delay_us,B4      ; |83| 
     208 00000120 2200006A'    [ B0]   MVKH    .S2     _delay_us,B4      ; |83| 
     209                               ; BRANCH OCCURS                   ; |82| 
     210                    ;*----------------------------------------------------------------------------*
     211                    ;*   SOFTWARE PIPELINE INFORMATION
     212                    ;*      Disqualified loop: software pipelining disabled
     213                    ;*----------------------------------------------------------------------------*
     214 00000124           L3:    
     215 00000124 00100362             B       .S2     B4                ; |83| 
     216 00000128 01809C2A'            MVKL    .S2     RL0,B3            ; |83| 
     217 0000012c 0180006A'            MVKH    .S2     RL0,B3            ; |83| 
     218 00000130 0201F428             MVK     .S1     0x3e8,A4          ; |83| 
     219 00000134 00002000             NOP             2
     220 00000138           RL0:       ; CALL OCCURS                     ; |83| 
TMS320C6x COFF Assembler         Version 4.10     Sat Apr 13 17:30:51 2024
Copyright (c) 1996-2001 Texas Instruments Incorporated
temp\main.asm                                                        PAGE    5

     221 00000138 023C22E6             LDW     .D2T2   *+SP(4),B4        ; |84| 
     222 0000013c 039C2942             ADD     .D2     1,B7,B7           ; |84| 
     223 00000140 00004000             NOP             3
     224 00000144 0010EBFA             CMPLTU  .L2     B7,B4,B0          ; |84| 
     225 00000148 2FFFFC90     [ B0]   B       .S1     L3                ; |84| 
     226 0000014c 2200562A'    [ B0]   MVKL    .S2     _delay_us,B4      ; |83| 
     227 00000150 2200006A'    [ B0]   MVKH    .S2     _delay_us,B4      ; |83| 
     228 00000154 00004000             NOP             3
     229                               ; BRANCH OCCURS                   ; |84| 
     230                    ;** --------------------------------------------------------------------------*
     231 00000158           L4:    
     232 00000158 00240362             B       .S2     B9                ; |85| 
     233 0000015c 07BD0942             ADD     .D2     8,SP,SP           ; |85| 
     234 00000160 00006000             NOP             4
     235                               ; BRANCH OCCURS                   ; |85| 
     236                    
     237                    
     238 00000164                   .sect   ".text"
     239                            .global _WaitTFlag
     240                    
     241                    ;******************************************************************************
     242                    ;* FUNCTION NAME: _WaitTFlag                                                  *
     243                    ;*                                                                            *
     244                    ;*   Regs Modified     : A0,A1,A3                                             *
     245                    ;*   Regs Used         : A0,A1,A3,B3                                          *
     246                    ;*   Local Frame Size  : 0 Args + 0 Auto + 0 Save = 0 byte                    *
     247                    ;******************************************************************************
     248 00000164           _WaitTFlag:
     249                    ;** --------------------------------------------------------------------------*
     250 00000164 00000028!            MVKL    .S1     _TFlag,A0         ; |90| 
     251 00000168 00000068!            MVKH    .S1     _TFlag,A0         ; |90| 
     252 0000016c 00800264             LDW     .D1T1   *A0,A1            ; |90| 
     253 00000170 00006000             NOP             4
     254 00000174 80000810     [ A1]   B       .S1     L6                ; |90| 
     255 00000178 90000028!    [!A1]   MVKL    .S1     _TFlag,A0         ; |90| 
     256 0000017c 90000068!    [!A1]   MVKH    .S1     _TFlag,A0         ; |90| 
     257 00000180 90800264     [!A1]   LDW     .D1T1   *A0,A1            ; |90| 
     258 00000184 00002000             NOP             2
     259                               ; BRANCH OCCURS                   ; |90| 
     260                    ;*----------------------------------------------------------------------------*
     261                    ;*   SOFTWARE PIPELINE INFORMATION
     262                    ;*      Disqualified loop: software pipelining disabled
     263                    ;*----------------------------------------------------------------------------*
     264 00000188           L5:    
     265 00000188 00002000             NOP             2
     266 0000018c 90000110     [!A1]   B       .S1     L5                ; |90| 
     267 00000190 90000028!    [!A1]   MVKL    .S1     _TFlag,A0         ; |90| 
     268 00000194 90000068!    [!A1]   MVKH    .S1     _TFlag,A0         ; |90| 
     269 00000198 90800264     [!A1]   LDW     .D1T1   *A0,A1            ; |90| 
     270 0000019c 00002000             NOP             2
     271                               ; BRANCH OCCURS                   ; |90| 
     272                    ;** --------------------------------------------------------------------------*
     273 000001a0           L6:    
     274 000001a0 000C0362             B       .S2     B3                ; |92| 
     275 000001a4 00000028!            MVKL    .S1     _TFlag,A0         ; |91| 
TMS320C6x COFF Assembler         Version 4.10     Sat Apr 13 17:30:51 2024
Copyright (c) 1996-2001 Texas Instruments Incorporated
temp\main.asm                                                        PAGE    6

     276 000001a8 00000068!            MVKH    .S1     _TFlag,A0         ; |91| 
     277 000001ac 018008C0             ZERO    .D1     A3                ; |91| 
     278 000001b0 01800274             STW     .D1T1   A3,*A0            ; |91| 
     279 000001b4 00000000             NOP             1
     280                               ; BRANCH OCCURS                   ; |92| 
     281                    
     282                    
     283 000001b8                   .sect   ".text"
     284                            .global _WaitTFlagCnt
     285                    
     286                    ;******************************************************************************
     287                    ;* FUNCTION NAME: _WaitTFlagCnt                                               *
     288                    ;*                                                                            *
     289                    ;*   Regs Modified     : A0,A1,A3,B0,B3,B4,B5,B9,SP                           *
     290                    ;*   Regs Used         : A0,A1,A3,A4,B0,B3,B4,B5,B9,SP                        *
     291                    ;*   Local Frame Size  : 0 Args + 8 Auto + 0 Save = 8 byte                    *
     292                    ;******************************************************************************
     293 000001b8           _WaitTFlagCnt:
     294                    ;** --------------------------------------------------------------------------*
     295                    
     296 000001b8 07BD09C3             SUB     .D2     SP,8,SP           ; |96| 
     297 000001bc 00000028! ||         MVKL    .S1     _TFlag,A0         ; |99| 
     298                    
     299 000001c0 023C22F5             STW     .D2T1   A4,*+SP(4)        ; |96| 
     300 000001c4 00000069! ||         MVKH    .S1     _TFlag,A0         ; |99| 
     301 000001c8 018428C0  ||         ZERO    .D1     A3                ; |99| 
     302                    
     303 000001cc 01800274             STW     .D1T1   A3,*A0            ; |99| 
     304 000001d0 02BC22E6             LDW     .D2T2   *+SP(4),B5        ; |101| 
     305 000001d4 020008C2             ZERO    .D2     B4                ; |101| 
     306 000001d8 023C42F6             STW     .D2T2   B4,*+SP(8)        ; |101| 
     307 000001dc 048C01A2             MV      .S2     B3,B9             ; |96| 
     308 000001e0 00000000             NOP             1
     309 000001e4 00148BFA             CMPLTU  .L2     B4,B5,B0          ; |101| 
     310 000001e8 30000A10     [!B0]   B       .S1     L8                ; |101| 
     311 000001ec 2000B228'    [ B0]   MVKL    .S1     _WaitTFlag,A0     ; |102| 
     312 000001f0 20000068'    [ B0]   MVKH    .S1     _WaitTFlag,A0     ; |102| 
     313 000001f4 00004000             NOP             3
     314                               ; BRANCH OCCURS                   ; |101| 
     315                    ;*----------------------------------------------------------------------------*
     316                    ;*   SOFTWARE PIPELINE INFORMATION
     317                    ;*      Disqualified loop: software pipelining disabled
     318                    ;*----------------------------------------------------------------------------*
     319 000001f8           L7:    
     320 000001f8 00001362             B       .S2X    A0                ; |102| 
     321 000001fc 0181042A'            MVKL    .S2     RL2,B3            ; |102| 
     322 00000200 0180006A'            MVKH    .S2     RL2,B3            ; |102| 
     323 00000204 00004000             NOP             3
     324 00000208           RL2:       ; CALL OCCURS                     ; |102| 
     325 00000208 023C42E6             LDW     .D2T2   *+SP(8),B4        ; |103| 
     326 0000020c 02BC22E6             LDW     .D2T2   *+SP(4),B5        ; |103| 
     327 00000210 00004000             NOP             3
     328 00000214 02102942             ADD     .D2     1,B4,B4           ; |103| 
     329 00000218 00148BFA             CMPLTU  .L2     B4,B5,B0          ; |103| 
     330 0000021c 2FFFFF10     [ B0]   B       .S1     L7                ; |103| 
TMS320C6x COFF Assembler         Version 4.10     Sat Apr 13 17:30:51 2024
Copyright (c) 1996-2001 Texas Instruments Incorporated
temp\main.asm                                                        PAGE    7

     331 00000220 023C42F6             STW     .D2T2   B4,*+SP(8)        ; |103| 
     332 00000224 2000B228'    [ B0]   MVKL    .S1     _WaitTFlag,A0     ; |102| 
     333 00000228 20000068'    [ B0]   MVKH    .S1     _WaitTFlag,A0     ; |102| 
     334 0000022c 00002000             NOP             2
     335                               ; BRANCH OCCURS                   ; |103| 
     336                    ;** --------------------------------------------------------------------------*
     337 00000230           L8:    
     338 00000230 00240362             B       .S2     B9                ; |104| 
     339 00000234 07BD0942             ADD     .D2     8,SP,SP           ; |104| 
     340 00000238 00006000             NOP             4
     341                               ; BRANCH OCCURS                   ; |104| 
     342                    
     343                    
     344 0000023c                   .sect   ".text"
     345                            .global _main
     346                    
     347                    ;******************************************************************************
     348                    ;* FUNCTION NAME: _main                                                       *
     349                    ;*                                                                            *
     350                    ;*   Regs Modified     : A0,A1,A2,A3,A4,A5,A6,A7,A8,A9,B0,B1,B2,B3,B4,B5,B6,  *
     351                    ;*                           B7,B8,B9,SP                                      *
     352                    ;*   Regs Used         : A0,A1,A2,A3,A4,A5,A6,A7,A8,A9,B0,B1,B2,B3,B4,B5,B6,  *
     353                    ;*                           B7,B8,B9,SP                                      *
     354                    ;*   Local Frame Size  : 16 Args + 4 Auto + 4 Save = 24 byte                  *
     355                    ;******************************************************************************
     356 0000023c           _main:
     357                    ;** --------------------------------------------------------------------------*
     358 0000023c 00000028'            MVKL    .S1     _InitEXINTF,A0    ; |109| 
     359 00000240 00000068'            MVKH    .S1     _InitEXINTF,A0    ; |109| 
     360 00000244 00001362             B       .S2X    A0                ; |109| 
     361 00000248 01BCD4F6             STW     .D2T2   B3,*SP--(24)      ; |107| 
     362 0000024c 01812C2A'            MVKL    .S2     RL4,B3            ; |109| 
     363 00000250 0180006A'            MVKH    .S2     RL4,B3            ; |109| 
     364 00000254 00002000             NOP             2
     365 00000258           RL4:       ; CALL OCCURS                     ; |109| 
     366 00000258 00002028'            MVKL    .S1     _InitTimer,A0     ; |110| 
     367 0000025c 00000068'            MVKH    .S1     _InitTimer,A0     ; |110| 
     368 00000260 00001362             B       .S2X    A0                ; |110| 
     369 00000264 0181382A'            MVKL    .S2     RL6,B3            ; |110| 
     370 00000268 0180006A'            MVKH    .S2     RL6,B3            ; |110| 
     371 0000026c 00004000             NOP             3
     372 00000270           RL6:       ; CALL OCCURS                     ; |110| 
     373 00000270 0200002A!            MVKL    .S2     _InitUART,B4      ; |111| 
     374 00000274 0200006A!            MVKH    .S2     _InitUART,B4      ; |111| 
     375 00000278 00100362             B       .S2     B4                ; |111| 
     376 0000027c 0181442A'            MVKL    .S2     RL8,B3            ; |111| 
     377 00000280 0180006A'            MVKH    .S2     RL8,B3            ; |111| 
     378 00000284 00004000             NOP             3
     379 00000288           RL8:       ; CALL OCCURS                     ; |111| 
     380 00000288 00004028'            MVKL    .S1     _InitINT,A0       ; |112| 
     381 0000028c 00000068'            MVKH    .S1     _InitINT,A0       ; |112| 
     382 00000290 00001362             B       .S2X    A0                ; |112| 
     383 00000294 0181502A'            MVKL    .S2     RL10,B3           ; |112| 
     384 00000298 0180006A'            MVKH    .S2     RL10,B3           ; |112| 
     385 0000029c 00004000             NOP             3
TMS320C6x COFF Assembler         Version 4.10     Sat Apr 13 17:30:51 2024
Copyright (c) 1996-2001 Texas Instruments Incorporated
temp\main.asm                                                        PAGE    8

     386 000002a0           RL10:      ; CALL OCCURS                     ; |112| 
     387 000002a0 00000028!            MVKL    .S1     _InitUSBMon,A0    ; |113| 
     388 000002a4 00000068!            MVKH    .S1     _InitUSBMon,A0    ; |113| 
     389 000002a8 00001362             B       .S2X    A0                ; |113| 
     390 000002ac 01815C2A'            MVKL    .S2     RL12,B3           ; |113| 
     391 000002b0 0180006A'            MVKH    .S2     RL12,B3           ; |113| 
     392 000002b4 00004000             NOP             3
     393 000002b8           RL12:      ; CALL OCCURS                     ; |113| 
     394 000002b8 00000028!            MVKL    .S1     _sprintf,A0       ; |115| 
     395                    
     396 000002c0 00000069!            MVKH    .S1     _sprintf,A0       ; |115| 
     397 000002c4 0280002A! ||         MVKL    .S2     _tmp_string,B5    ; |115| 
     398                    
     399 000002c8 00001362             B       .S2X    A0                ; |115| 
     400 000002cc 0181762A'            MVKL    .S2     RL14,B3           ; |115| 
     401 000002d0 0280006A!            MVKH    .S2     _tmp_string,B5    ; |115| 
     402 000002d4 0200002A+            MVKL    .S2     SL1+0,B4          ; |115| 
     403 000002d8 0200006A+            MVKH    .S2     SL1+0,B4          ; |115| 
     404                    
     405 000002e0 0180006B'            MVKH    .S2     RL14,B3           ; |115| 
     406 000002e4 021411A1  ||         MV      .S1X    B5,A4             ; |115| 
     407 000002e8 023C22F6  ||         STW     .D2T2   B4,*+SP(4)        ; |115| 
     408                    
     409 000002ec           RL14:      ; CALL OCCURS                     ; |115| 
     410 000002ec 00000028!            MVKL    .S1     _Report,A0        ; |115| 
     411 000002f0 00000068!            MVKH    .S1     _Report,A0        ; |115| 
     412 000002f4 00001362             B       .S2X    A0                ; |115| 
     413 000002f8 0181822A'            MVKL    .S2     RL16,B3           ; |115| 
     414 000002fc 0180006A'            MVKH    .S2     RL16,B3           ; |115| 
     415 00000300 00004000             NOP             3
     416 00000304           RL16:      ; CALL OCCURS                     ; |115| 
     417 00000304 0003F428             MVK     .S1     2024,A0           ; |116| 
     418                    
     419 00000308 00000029!            MVKL    .S1     _sprintf,A0       ; |116| 
     420 0000030c 003C42F4  ||         STW     .D2T1   A0,*+SP(8)        ; |116| 
     421                    
     422 00000310 00000069!            MVKH    .S1     _sprintf,A0       ; |116| 
     423 00000314 020002AA+ ||         MVKL    .S2     SL2+0,B4          ; |116| 
     424                    
     425 00000318 00001362             B       .S2X    A0                ; |116| 
     426 0000031c 0200006A+            MVKH    .S2     SL2+0,B4          ; |116| 
     427 00000320 0280002A!            MVKL    .S2     _tmp_string,B5    ; |116| 
     428 00000324 0280006A!            MVKH    .S2     _tmp_string,B5    ; |116| 
     429 00000328 01819C2A'            MVKL    .S2     RL18,B3           ; |116| 
     430                    
     431 0000032c 023C22F7             STW     .D2T2   B4,*+SP(4)        ; |116| 
     432 00000330 0180006B' ||         MVKH    .S2     RL18,B3           ; |116| 
     433 00000334 021411A0  ||         MV      .S1X    B5,A4             ; |116| 
     434                    
     435 00000338           RL18:      ; CALL OCCURS                     ; |116| 
     436 00000338 00000028!            MVKL    .S1     _Report,A0        ; |116| 
     437 0000033c 00000068!            MVKH    .S1     _Report,A0        ; |116| 
     438 00000340 00001362             B       .S2X    A0                ; |116| 
     439 00000344 0181A82A'            MVKL    .S2     RL20,B3           ; |116| 
     440 00000348 0180006A'            MVKH    .S2     RL20,B3           ; |116| 
TMS320C6x COFF Assembler         Version 4.10     Sat Apr 13 17:30:51 2024
Copyright (c) 1996-2001 Texas Instruments Incorporated
temp\main.asm                                                        PAGE    9

     441 0000034c 00004000             NOP             3
     442 00000350           RL20:      ; CALL OCCURS                     ; |116| 
     443 00000350 02000F2A+            MVKL    .S2     SL3+0,B4          ; |117| 
     444 00000354 0281FE2A             MVKL    .S2     0x20003fc,B5      ; |117| 
     445 00000358 0200006A+            MVKH    .S2     SL3+0,B4          ; |117| 
     446                    
     447 00000360 0281006B             MVKH    .S2     0x20003fc,B5      ; |117| 
     448 00000364 023C22F6  ||         STW     .D2T2   B4,*+SP(4)        ; |117| 
     449                    
     450 00000368 021402E6             LDW     .D2T2   *B5,B4            ; |117| 
     451 0000036c 01800028!            MVKL    .S1     _sprintf,A3       ; |117| 
     452 00000370 0001FE28             MVKL    .S1     0x20003fc,A0      ; |117| 
     453 00000374 00010068             MVKH    .S1     0x20003fc,A0      ; |117| 
     454 00000378 01800068!            MVKH    .S1     _sprintf,A3       ; |117| 
     455 0000037c 0212180A             EXTU    .S2     B4,16,24,B4       ; |117| 
     456 00000380 023C42F6             STW     .D2T2   B4,*+SP(8)        ; |117| 
     457 00000384 00000264             LDW     .D1T1   *A0,A0            ; |117| 
     458 00000388 000C1362             B       .S2X    A3                ; |117| 
     459 0000038c 0181D42A'            MVKL    .S2     RL22,B3           ; |117| 
     460 00000390 0180006A'            MVKH    .S2     RL22,B3           ; |117| 
     461 00000394 02000028!            MVKL    .S1     _tmp_string,A4    ; |117| 
     462 00000398 00031808             EXTU    .S1     A0,24,24,A0       ; |117| 
     463                    
     464 000003a0 003C62F5             STW     .D2T1   A0,*+SP(12)       ; |117| 
     465 000003a4 02000068! ||         MVKH    .S1     _tmp_string,A4    ; |117| 
     466                    
     467 000003a8           RL22:      ; CALL OCCURS                     ; |117| 
     468 000003a8 00000028!            MVKL    .S1     _Report,A0        ; |117| 
     469 000003ac 00000068!            MVKH    .S1     _Report,A0        ; |117| 
     470 000003b0 00001362             B       .S2X    A0                ; |117| 
     471 000003b4 0181E02A'            MVKL    .S2     RL24,B3           ; |117| 
     472 000003b8 0180006A'            MVKH    .S2     RL24,B3           ; |117| 
     473 000003bc 00004000             NOP             3
     474 000003c0           RL24:      ; CALL OCCURS                     ; |117| 
     475                    ;** --------------------------------------------------------------------------*
     476 000003c0 02004C2A'            MVKL    .S2     _GIE,B4           ; |121| 
     477 000003c4 0200006A'            MVKH    .S2     _GIE,B4           ; |121| 
     478 000003c8 00100362             B       .S2     B4                ; |121| 
     479 000003cc 0181F42A'            MVKL    .S2     RL26,B3           ; |121| 
     480 000003d0 018008C0             ZERO    .D1     A3                ; |119| 
     481 000003d4 00000028!            MVKL    .S1     _TFlag,A0         ; |119| 
     482 000003d8 00000068!            MVKH    .S1     _TFlag,A0         ; |119| 
     483                    
     484 000003e0 01800275             STW     .D1T1   A3,*A0            ; |119| 
     485 000003e4 0180006A' ||         MVKH    .S2     RL26,B3           ; |121| 
     486                    
     487 000003e8           RL26:      ; CALL OCCURS                     ; |121| 
     488 000003e8 0180DC28'            MVKL    .S1     _WaitTFlagCnt,A3  ; |124| 
     489 000003ec 01800068'            MVKH    .S1     _WaitTFlagCnt,A3  ; |124| 
     490 000003f0 000C1362             B       .S2X    A3                ; |124| 
     491 000003f4 0182082A'            MVKL    .S2     RL28,B3           ; |124| 
     492 000003f8 00002628             MVKL    .S1     0x200004c,A0      ; |123| 
     493 000003fc 020000AA             MVK     .S2     1,B4              ; |123| 
     494 00000400 00010068             MVKH    .S1     0x200004c,A0      ; |123| 
     495                    
TMS320C6x COFF Assembler         Version 4.10     Sat Apr 13 17:30:51 2024
Copyright (c) 1996-2001 Texas Instruments Incorporated
temp\main.asm                                                        PAGE   10

     496 00000404 02000277             STW     .D1T2   B4,*A0            ; |123| 
     497 00000408 0180006B' ||         MVKH    .S2     RL28,B3           ; |124| 
     498 0000040c 02138828  ||         MVK     .S1     0x2710,A4         ; |124| 
     499                    
     500 00000410           RL28:      ; CALL OCCURS                     ; |124| 
     501 00000410 038000AA             MVK     .S2     1,B7              ; |139| 
     502 00000414 0243502A             MVKL    .S2     0x186a0,B4        ; |128| 
     503                    
     504 00000418 020000EB             MVKH    .S2     0x186a0,B4        ; |128| 
     505 0000041c 02800128  ||         MVK     .S1     2,A5              ; |133| 
     506                    
     507 00000420 023CA2F7             STW     .D2T2   B4,*+SP(20)       ; |128| 
     508 00000424 0300022B  ||         MVK     .S2     4,B6              ; |142| 
     509 00000428 03000428  ||         MVK     .S1     8,A6              ; |136| 
     510                    
     511 0000042c 0200DC2B'            MVKL    .S2     _WaitTFlagCnt,B4  ; |134| 
     512 00000430 00004828  ||         MVKL    .S1     0x2000090,A0      ; |133| 
     513                    
     514 00000434 0200006B'            MVKH    .S2     _WaitTFlagCnt,B4  ; |134| 
     515 00000438 00010068  ||         MVKH    .S1     0x2000090,A0      ; |133| 
     516                    
     517                    ;*----------------------------------------------------------------------------*
     518                    ;*   SOFTWARE PIPELINE INFORMATION
     519                    ;*      Disqualified loop: software pipelining disabled
     520                    ;*----------------------------------------------------------------------------*
     521 00000440           L9:    
     522                    
     523 00000440 00100363             B       .S2     B4                ; |134| 
     524 00000444 02800274  ||         STW     .D1T1   A5,*A0            ; |133| 
     525                    
     526 00000448 023CA2E4             LDW     .D2T1   *+SP(20),A4       ; |134| 
     527 0000044c 01822C2A'            MVKL    .S2     RL30,B3           ; |134| 
     528 00000450 0180006A'            MVKH    .S2     RL30,B3           ; |134| 
     529 00000454 00002000             NOP             2
     530 00000458           RL30:      ; CALL OCCURS                     ; |134| 
     531                    
     532 00000458 00004829             MVKL    .S1     0x2000090,A0      ; |136| 
     533 0000045c 0200DC2A' ||         MVKL    .S2     _WaitTFlagCnt,B4  ; |137| 
     534                    
     535 00000460 00010069             MVKH    .S1     0x2000090,A0      ; |136| 
     536 00000464 0200006A' ||         MVKH    .S2     _WaitTFlagCnt,B4  ; |137| 
     537                    
     538 00000468 03000275             STW     .D1T1   A6,*A0            ; |136| 
     539 0000046c 00100362  ||         B       .S2     B4                ; |137| 
     540                    
     541 00000470 023CA2E4             LDW     .D2T1   *+SP(20),A4       ; |137| 
     542 00000474 0182402A'            MVKL    .S2     RL32,B3           ; |137| 
     543 00000478 0180006A'            MVKH    .S2     RL32,B3           ; |137| 
     544 0000047c 00002000             NOP             2
     545 00000480           RL32:      ; CALL OCCURS                     ; |137| 
     546 00000480 00004828             MVKL    .S1     0x2000090,A0      ; |139| 
     547 00000484 00010068             MVKH    .S1     0x2000090,A0      ; |139| 
     548                    
     549 00000488 0000DC29'            MVKL    .S1     _WaitTFlagCnt,A0  ; |140| 
     550 0000048c 03800276  ||         STW     .D1T2   B7,*A0            ; |139| 
TMS320C6x COFF Assembler         Version 4.10     Sat Apr 13 17:30:51 2024
Copyright (c) 1996-2001 Texas Instruments Incorporated
temp\main.asm                                                        PAGE   11

     551                    
     552 00000490 00000068'            MVKH    .S1     _WaitTFlagCnt,A0  ; |140| 
     553 00000494 00001362             B       .S2X    A0                ; |140| 
     554 00000498 023CA2E4             LDW     .D2T1   *+SP(20),A4       ; |140| 
     555 0000049c 0182542A'            MVKL    .S2     RL34,B3           ; |140| 
     556 000004a0 0180006A'            MVKH    .S2     RL34,B3           ; |140| 
     557 000004a4 00002000             NOP             2
     558 000004a8           RL34:      ; CALL OCCURS                     ; |140| 
     559                    
     560 000004a8 0200482B             MVKL    .S2     0x2000090,B4      ; |142| 
     561 000004ac 0000DC28' ||         MVKL    .S1     _WaitTFlagCnt,A0  ; |143| 
     562                    
     563 000004b0 0201006B             MVKH    .S2     0x2000090,B4      ; |142| 
     564 000004b4 00000068' ||         MVKH    .S1     _WaitTFlagCnt,A0  ; |143| 
     565                    
     566 000004b8 031002F7             STW     .D2T2   B6,*B4            ; |142| 
     567 000004bc 00001362  ||         B       .S2X    A0                ; |143| 
     568                    
     569 000004c0 023CA2E4             LDW     .D2T1   *+SP(20),A4       ; |143| 
     570 000004c4 0182682A'            MVKL    .S2     RL36,B3           ; |143| 
     571 000004c8 0180006A'            MVKH    .S2     RL36,B3           ; |143| 
     572 000004cc 00002000             NOP             2
     573 000004d0           RL36:      ; CALL OCCURS                     ; |143| 
     574 000004d0 0FFFF010             B       .S1     L9                ; |171| 
     575 000004d4 0200DC2A'            MVKL    .S2     _WaitTFlagCnt,B4  ; |134| 
     576 000004d8 00004828             MVKL    .S1     0x2000090,A0      ; |133| 
     577 000004dc 0200006A'            MVKH    .S2     _WaitTFlagCnt,B4  ; |134| 
     578 000004e0 00010068             MVKH    .S1     0x2000090,A0      ; |133| 
     579 000004e4 00000000             NOP             1
     580                               ; BRANCH OCCURS                   ; |171| 
     581                    
     582                    
     583                    ;******************************************************************************
     584                    ;* STRINGS                                                                    *
     585                    ;******************************************************************************
     586 00000000                   .sect   ".const"
     587 00000000 0000000D  SL1:    .string 13,10,13,10,0
         00000001 0000000A 
         00000002 0000000D 
         00000003 0000000A 
         00000004 00000000 
     588 00000005 0000004D  SL2:    .string "Mechatronics Course %d",13,10,0
         00000006 00000065 
         00000007 00000063 
         00000008 00000068 
         00000009 00000061 
         0000000a 00000074 
         0000000b 00000072 
         0000000c 0000006F 
         0000000d 0000006E 
         0000000e 00000069 
         0000000f 00000063 
         00000010 00000073 
         00000011 00000020 
         00000012 00000043 
TMS320C6x COFF Assembler         Version 4.10     Sat Apr 13 17:30:51 2024
Copyright (c) 1996-2001 Texas Instruments Incorporated
temp\main.asm                                                        PAGE   12

         00000013 0000006F 
         00000014 00000075 
         00000015 00000072 
         00000016 00000073 
         00000017 00000065 
         00000018 00000020 
         00000019 00000025 
         0000001a 00000064 
         0000001b 0000000D 
         0000001c 0000000A 
         0000001d 00000000 
     589 0000001e 00000046  SL3:    .string "FPGA Ver%2x.%02x",13,10,0
         0000001f 00000050 
         00000020 00000047 
         00000021 00000041 
         00000022 00000020 
         00000023 00000056 
         00000024 00000065 
         00000025 00000072 
         00000026 00000025 
         00000027 00000032 
         00000028 00000078 
         00000029 0000002E 
         0000002a 00000025 
         0000002b 00000030 
         0000002c 00000032 
         0000002d 00000078 
         0000002e 0000000D 
         0000002f 0000000A 
         00000030 00000000 
     590                    ;******************************************************************************
     591                    ;* UNDEFINED EXTERNAL REFERENCES                                              *
     592                    ;******************************************************************************
     593                            .global _sprintf
     594                            .global _InitUART
     595                            .global _Report
     596                            .global _InitUSBMon
     597                            .global _tmp_string
     598                            .global _TFlag

No Assembly Errors, No Assembly Warnings
