******************************************************************************
          TMS320C6x COFF Linker PC Version 4.10                
******************************************************************************
>> Linked Sat Apr 13 20:24:11 2024

OUTPUT FILE NAME:   <ram_main.out>
ENTRY POINT SYMBOL: "_c_int00"  address: 00007500


MEMORY CONFIGURATION

                  name            origin    length      used    attr    fill
         ----------------------  --------  ---------  --------  ----  --------
         VECT                    00000000   00000200  00000200  RWIX
         IPRAM                   00000200   0000fe00  000075e0  RWIX
         EXRAM                   00400000   00040000  0000800c  RWIX
         CE1VECS                 01400000   00000200  00000000  RWIX
         CE1MEM                  01400200   0000fe00  00000000  RWIX
         IOCE2                   02000000   00010000  00000000  RWIX
         IDRAM                   80000000   00010000  00002704  RWIX


SECTION ALLOCATION MAP

 output                                  attributes/
section   page    origin      length       input sections
--------  ----  ----------  ----------   ----------------
.vector    0    00000000    00000200     
                  00000000    00000200     initvec.obj (.vector)

.text      0    00000200    000075e0     
                  00000200    000029a0     rts6701.lib : _printfi.obj (.text)
                  00002ba0    00000000     initvec.obj (.text)
                  00002ba0    00000000     rts6701.lib : ctype.obj (.text)
                  00002ba0    00000000                 : errno.obj (.text)
                  00002ba0    00000000                 : sysmem.obj (.text)
                  00002ba0    00000fc0                 : memory.obj (.text)
                  00003b60    000007c0     interrupt.obj (.text)
                  00004320    00000500     main.obj (.text)
                  00004820    00000480     serial.obj (.text)
                  00004ca0    00000460     rts6701.lib : imath40.obj (.text)
                  00005100    00000420                 : ecvt.obj (.text)
                  00005520    000003e0                 : fcvt.obj (.text)
                  00005900    00000300                 : cosf.obj (.text)
                  00005c00    000002e0                 : frcdivd.obj (.text)
                  00005ee0    000002a0                 : sinf.obj (.text)
                  00006180    000002a0                 : memcpy.obj (.text)
                  00006420    00000240                 : exit.obj (.text)
                  00006660    00000220                 : divd.obj (.text)
                  00006880    000001c0                 : sprintf.obj (.text)
                  00006a40    000001c0     USBMon.obj (.text)
                  00006c00    00000180     rts6701.lib : roundf.obj (.text)
                  00006d80    00000140                 : ldexpf.obj (.text)
                  00006ec0    00000140                 : atoi.obj (.text)
                  00007000    00000140                 : ltoa.obj (.text)
                  00007140    00000100                 : autoinit.obj (.text)
                  00007240    000000c0                 : divu.obj (.text)
                  00007300    000000c0                 : fixdli.obj (.text)
                  000073c0    000000a0                 : remu.obj (.text)
                  00007460    000000a0                 : remi.obj (.text)
                  00007500    000000a0                 : boot.obj (.text)
                  000075a0    00000080                 : strcpy.obj (.text)
                  00007620    00000080                 : modff.obj (.text)
                  000076a0    00000060                 : memccpy.obj (.text)
                  00007700    00000060                 : strlen.obj (.text)
                  00007760    00000040                 : _lock.obj (.text)
                  000077a0    00000040                 : truncf.obj (.text)

.cinit     0    80000000    00000104     
                  80000000    0000003c     interrupt.obj (.cinit)
                  8000003c    00000004     --HOLE-- [fill = 00000000]
                  80000040    0000002c     rts6701.lib : exit.obj (.cinit)
                  8000006c    00000004     --HOLE-- [fill = 00000000]
                  80000070    0000001c                 : _lock.obj (.cinit)
                  8000008c    00000004     --HOLE-- [fill = 00000000]
                  80000090    0000001c                 : sysmem.obj (.cinit)
                  800000ac    00000004     --HOLE-- [fill = 00000000]
                  800000b0    00000018                 : cosf.obj (.cinit)
                  800000c8    00000018                 : sinf.obj (.cinit)
                  800000e0    0000000c                 : errno.obj (.cinit)
                  800000ec    00000004     --HOLE-- [fill = 00000000]
                  800000f0    0000000c                 : memory.obj (.cinit)
                  800000fc    00000008     --HOLE-- [fill = 00000000]

.const     0    80000104    0000015c     
                  80000104    00000101     rts6701.lib : ctype.obj (.const)
                  80000205    00000031     main.obj (.const)
                  80000236    0000002a     rts6701.lib : _printfi.obj (.const)

.switch    0    80000000    00000000     UNINITIALIZED

.bss       0    80000000    00000000     UNINITIALIZED
                  80000000    00000000     initvec.obj (.bss)
                  80000000    00000000     rts6701.lib : errno.obj (.bss)
                  80000000    00000000                 : sysmem.obj (.bss)
                  80000000    00000000                 : memory.obj (.bss)
                  80000000    00000000                 : memcpy.obj (.bss)
                  80000000    00000000                 : memccpy.obj (.bss)
                  80000000    00000000                 : ltoa.obj (.bss)
                  80000000    00000000                 : ldexpf.obj (.bss)
                  80000000    00000000                 : imath40.obj (.bss)
                  80000000    00000000                 : frcdivd.obj (.bss)
                  80000000    00000000                 : fixdli.obj (.bss)
                  80000000    00000000                 : fcvt.obj (.bss)
                  80000000    00000000                 : ecvt.obj (.bss)
                  80000000    00000000                 : divu.obj (.bss)
                  80000000    00000000                 : divd.obj (.bss)
                  80000000    00000000                 : autoinit.obj (.bss)
                  80000000    00000000                 : _printfi.obj (.bss)
                  80000000    00000000                 : _lock.obj (.bss)
                  80000000    00000000                 : truncf.obj (.bss)
                  80000000    00000000                 : strlen.obj (.bss)
                  80000000    00000000                 : strcpy.obj (.bss)
                  80000000    00000000                 : sprintf.obj (.bss)
                  80000000    00000000                 : sinf.obj (.bss)
                  80000000    00000000                 : roundf.obj (.bss)
                  80000000    00000000                 : remu.obj (.bss)
                  80000000    00000000                 : remi.obj (.bss)
                  80000000    00000000                 : modff.obj (.bss)
                  80000000    00000000                 : exit.obj (.bss)
                  80000000    00000000                 : ctype.obj (.bss)
                  80000000    00000000                 : cosf.obj (.bss)
                  80000000    00000000                 : boot.obj (.bss)
                  80000000    00000000                 : atoi.obj (.bss)
                  80000000    00000000     USBMon.obj (.bss)
                  80000000    00000000     serial.obj (.bss)
                  80000000    00000000     interrupt.obj (.bss)
                  80000000    00000000     main.obj (.bss)

.cio       0    80000000    00000000     UNINITIALIZED

.data      0    80000000    00000000     UNINITIALIZED
                  80000000    00000000     initvec.obj (.data)
                  80000000    00000000     rts6701.lib : errno.obj (.data)
                  80000000    00000000                 : sysmem.obj (.data)
                  80000000    00000000                 : memory.obj (.data)
                  80000000    00000000                 : memcpy.obj (.data)
                  80000000    00000000                 : memccpy.obj (.data)
                  80000000    00000000                 : ltoa.obj (.data)
                  80000000    00000000                 : ldexpf.obj (.data)
                  80000000    00000000                 : imath40.obj (.data)
                  80000000    00000000                 : frcdivd.obj (.data)
                  80000000    00000000                 : fixdli.obj (.data)
                  80000000    00000000                 : fcvt.obj (.data)
                  80000000    00000000                 : ecvt.obj (.data)
                  80000000    00000000                 : divu.obj (.data)
                  80000000    00000000                 : divd.obj (.data)
                  80000000    00000000                 : autoinit.obj (.data)
                  80000000    00000000                 : _printfi.obj (.data)
                  80000000    00000000                 : _lock.obj (.data)
                  80000000    00000000                 : truncf.obj (.data)
                  80000000    00000000                 : strlen.obj (.data)
                  80000000    00000000                 : strcpy.obj (.data)
                  80000000    00000000                 : sprintf.obj (.data)
                  80000000    00000000                 : sinf.obj (.data)
                  80000000    00000000                 : roundf.obj (.data)
                  80000000    00000000                 : remu.obj (.data)
                  80000000    00000000                 : remi.obj (.data)
                  80000000    00000000                 : modff.obj (.data)
                  80000000    00000000                 : exit.obj (.data)
                  80000000    00000000                 : ctype.obj (.data)
                  80000000    00000000                 : cosf.obj (.data)
                  80000000    00000000                 : boot.obj (.data)
                  80000000    00000000                 : atoi.obj (.data)
                  80000000    00000000     USBMon.obj (.data)
                  80000000    00000000     serial.obj (.data)
                  80000000    00000000     interrupt.obj (.data)
                  80000000    00000000     main.obj (.data)

.far       0    80000260    000004a4     UNINITIALIZED
                  80000260    00000288     serial.obj (.far)
                  800004e8    0000008c     rts6701.lib : exit.obj (.far)
                  80000574    00000080                 : _printfi.obj (.far)
                  800005f4    00000064                 : fcvt.obj (.far)
                  80000658    00000064                 : ecvt.obj (.far)
                  800006bc    00000010                 : cosf.obj (.far)
                  800006cc    00000010     interrupt.obj (.far)
                  800006dc    00000010     rts6701.lib : sinf.obj (.far)
                  800006ec    00000008                 : memory.obj (.far)
                  800006f4    00000008                 : _lock.obj (.far)
                  800006fc    00000004                 : errno.obj (.far)
                  80000700    00000004                 : sprintf.obj (.far)

.stack     0    80000708    00001000     UNINITIALIZED
                  80000708    00000000     rts6701.lib : boot.obj (.stack)

.sysmem    0    80001708    00001000     UNINITIALIZED
                  80001708    00000000     rts6701.lib : sysmem.obj (.sysmem)

.USBMON    0    00400000    0000800c     UNINITIALIZED
                  00400000    0000800c     USBMon.obj (.USBMON)


GLOBAL SYMBOLS: SORTED ALPHABETICALLY BY Name 

address    name
--------   ----
80000000   $bss
80000000   .bss
80000000   .data
00000200   .text
00006648   C$$EXIT
000049b0   _CheckSum
000043b8   _GIE
00003b80   _ISRNMI
00003b60   _ISRextint4
00003b68   _ISRextint5
00003b88   _ISRextint6
00003ee0   _ISRtimer0
00004320   _InitEXINTF
000043a0   _InitINT
00004360   _InitTimer
00004820   _InitUART
00006a40   _InitUSBMon
0000492c   _ReceiveByte
00004b3c   _Report
00004948   _SendByte
00004aa4   _SendData
800006cc   _TFlag
00006a7c   _UMAddData
00400000   _USBMonStuff
00004484   _WaitTFlag
000044d8   _WaitTFlagCnt
00001000   __STACK_SIZE
00001000   __SYSMEM_SIZE
80000000   ___bss__
80000000   ___cinit__
80000000   ___data__
80000000   ___edata__
80000000   ___end__
000077e0   ___etext__
ffffffff   ___pinit__
00000200   ___text__
00007140   __auto_init
8000056c   __cleanup_ptr
80000104   __ctypes_
00006660   __divd
00005038   __divli
00007240   __divu
00004d38   __divul
80000570   __dtors_ptr
00007300   __fixdli
00005c00   __frcdivd
800006f4   __lock
800006ec   __memory_size
00007760   __nop
00000200   __printfi
00007768   __register_lock
0000777c   __register_unlock
00007460   __remi
00004f98   __remli
000073c0   __remu
00004ca0   __remul
00006c00   __roundf
80000708   __stack
80001708   __sys_memory
000077a0   __truncf
800006f8   __unlock
00006648   _abort
00006570   _atexit
00006ec0   _atoi
00007500   _c_int00
00003b70   _c_int08
00003b78   _c_int09
00002f44   _calloc
80000260   _compacket
00005900   _cosf
00004424   _delay_ms
000043cc   _delay_us
00005100   _ecvt
800006fc   _errno
00006420   _exit
00005520   _fcvt
000033c8   _free
00006d80   _ldexpf
00007000   _ltoa
0000455c   _main
00002d7c   _malloc
00003790   _memalign
000076a0   _memccpy
00006180   _memcpy
00002d14   _minit
00007620   _modff
00002fec   _realloc
8000034c   _respacket
00005ee0   _sinf
00006880   _sprintf
000075a0   _strcpy
00007700   _strlen
80000420   _tmp_string
80000000   cinit
80000000   edata
80000000   end
000077e0   etext
ffffffff   pinit


GLOBAL SYMBOLS: SORTED BY Symbol Address 

address    name
--------   ----
00000200   .text
00000200   __printfi
00000200   ___text__
00001000   __STACK_SIZE
00001000   __SYSMEM_SIZE
00002d14   _minit
00002d7c   _malloc
00002f44   _calloc
00002fec   _realloc
000033c8   _free
00003790   _memalign
00003b60   _ISRextint4
00003b68   _ISRextint5
00003b70   _c_int08
00003b78   _c_int09
00003b80   _ISRNMI
00003b88   _ISRextint6
00003ee0   _ISRtimer0
00004320   _InitEXINTF
00004360   _InitTimer
000043a0   _InitINT
000043b8   _GIE
000043cc   _delay_us
00004424   _delay_ms
00004484   _WaitTFlag
000044d8   _WaitTFlagCnt
0000455c   _main
00004820   _InitUART
0000492c   _ReceiveByte
00004948   _SendByte
000049b0   _CheckSum
00004aa4   _SendData
00004b3c   _Report
00004ca0   __remul
00004d38   __divul
00004f98   __remli
00005038   __divli
00005100   _ecvt
00005520   _fcvt
00005900   _cosf
00005c00   __frcdivd
00005ee0   _sinf
00006180   _memcpy
00006420   _exit
00006570   _atexit
00006648   _abort
00006648   C$$EXIT
00006660   __divd
00006880   _sprintf
00006a40   _InitUSBMon
00006a7c   _UMAddData
00006c00   __roundf
00006d80   _ldexpf
00006ec0   _atoi
00007000   _ltoa
00007140   __auto_init
00007240   __divu
00007300   __fixdli
000073c0   __remu
00007460   __remi
00007500   _c_int00
000075a0   _strcpy
00007620   _modff
000076a0   _memccpy
00007700   _strlen
00007760   __nop
00007768   __register_lock
0000777c   __register_unlock
000077a0   __truncf
000077e0   ___etext__
000077e0   etext
00400000   _USBMonStuff
80000000   ___bss__
80000000   ___cinit__
80000000   ___edata__
80000000   ___data__
80000000   cinit
80000000   edata
80000000   end
80000000   .data
80000000   .bss
80000000   $bss
80000000   ___end__
80000104   __ctypes_
80000260   _compacket
8000034c   _respacket
80000420   _tmp_string
8000056c   __cleanup_ptr
80000570   __dtors_ptr
800006cc   _TFlag
800006ec   __memory_size
800006f4   __lock
800006f8   __unlock
800006fc   _errno
80000708   __stack
80001708   __sys_memory
ffffffff   pinit
ffffffff   ___pinit__

[98 symbols]
