TMS320C6x COFF Assembler         Version 4.10     Tue May 14 12:18:59 2024
Copyright (c) 1996-2001 Texas Instruments Incorporated
temp\interrupt.asm                                                   PAGE    1

       1                    ;******************************************************************************
       2                    ;* TMS320C6x ANSI C Codegen                                      Version 4.10 *
       3                    ;* Date/Time created: Tue May 14 12:18:59 2024                                *
       4                    ;******************************************************************************
       5                    
       6                    ;******************************************************************************
       7                    ;* GLOBAL FILE PARAMETERS                                                     *
       8                    ;*                                                                            *
       9                    ;*   Architecture      : TMS320C670x                                          *
      10                    ;*   Optimization      : Disabled                                             *
      11                    ;*   Optimizing for    : Compile time, Ease of Development                    *
      12                    ;*                       Based on options: no -o, no -ms                      *
      13                    ;*   Endian            : Little                                               *
      14                    ;*   Interrupt Thrshld : Disabled                                             *
      15                    ;*   Memory Model      : Large                                                *
      16                    ;*   Calls to RTS      : Far                                                  *
      17                    ;*   Pipelining        : Disabled                                             *
      18                    ;*   Memory Aliases    : Presume are aliases (pessimistic)                    *
      19                    ;*   Debug Info        : No Debug Info                                        *
      20                    ;*                                                                            *
      21                    ;******************************************************************************
      22                    
      23                            .asg    A15, FP
      24                            .asg    B14, DP
      25                            .asg    B15, SP
      26                            .global $bss
      27                    
      28                    
      29 00000000                   .sect   ".cinit"
      30                            .align  8
      31 00000000 00000004          .field          4,32
      32 00000004 00000000-         .field          _TFlag+0,32
      33 00000008 00000000          .field          0,32                    ; _TFlag @ 0
      34 00000000                   .sect   ".text"
      35                            .global _TFlag
      36 00000000           _TFlag: .usect  .far,4,4
      37                    
      38 0000000c                   .sect   ".cinit"
      39                            .align  8
      40 00000010 00000004          .field          4,32
      41 00000014 00000004-         .field          _prevErr+0,32
      42 00000018 00000000          .word   000000000h              ; _prevErr @ 0
      43 00000000                   .sect   ".text"
      44                            .global _prevErr
      45 00000004           _prevErr:       .usect  .far,4,4
      46                    
      47 0000001c                   .sect   ".cinit"
      48                            .align  8
      49 00000020 00000004          .field          4,32
      50 00000024 00000008-         .field          _sumErr+0,32
      51 00000028 00000000          .word   000000000h              ; _sumErr @ 0
      52 00000000                   .sect   ".text"
      53                            .global _sumErr
      54 00000008           _sumErr:        .usect  .far,4,4
      55                            .global _uControlInput
TMS320C6x COFF Assembler         Version 4.10     Tue May 14 12:18:59 2024
Copyright (c) 1996-2001 Texas Instruments Incorporated
temp\interrupt.asm                                                   PAGE    2

      56 0000000c           _uControlInput: .usect  .far,4,4
      57                    ;       acp6x -q -D_FAR_RTS=1 --large_model=3 --version=6701 -m --i_output_file C:\Users\hge42\AppData
      58 00000000                   .sect   ".text"
      59                            .global _ISRextint4
      60                    
      61                    ;******************************************************************************
      62                    ;* FUNCTION NAME: _ISRextint4                                                 *
      63                    ;*                                                                            *
      64                    ;*   Regs Modified     :                                                      *
      65                    ;*   Regs Used         :                                                      *
      66                    ;*   Local Frame Size  : 0 Args + 0 Auto + 0 Save = 0 byte                    *
      67                    ;******************************************************************************
      68 00000000           _ISRextint4:
      69                    ;** --------------------------------------------------------------------------*
      70 00000000 001800E2             B       .S2     IRP               ; |11| 
      71 00000004 00008000             NOP             5
      72                               ; BRANCH OCCURS                   ; |11| 
      73                    
      74                    
      75 00000008                   .sect   ".text"
      76                            .global _ISRextint5
      77                    
      78                    ;******************************************************************************
      79                    ;* FUNCTION NAME: _ISRextint5                                                 *
      80                    ;*                                                                            *
      81                    ;*   Regs Modified     :                                                      *
      82                    ;*   Regs Used         :                                                      *
      83                    ;*   Local Frame Size  : 0 Args + 0 Auto + 0 Save = 0 byte                    *
      84                    ;******************************************************************************
      85 00000008           _ISRextint5:
      86                    ;** --------------------------------------------------------------------------*
      87 00000008 001800E2             B       .S2     IRP               ; |17| 
      88 0000000c 00008000             NOP             5
      89                               ; BRANCH OCCURS                   ; |17| 
      90                    
      91                    
      92 00000010                   .sect   ".text"
      93                            .global _c_int08
      94                    
      95                    ;******************************************************************************
      96                    ;* FUNCTION NAME: _c_int08                                                    *
      97                    ;*                                                                            *
      98                    ;*   Regs Modified     :                                                      *
      99                    ;*   Regs Used         :                                                      *
     100                    ;*   Local Frame Size  : 0 Args + 0 Auto + 0 Save = 0 byte                    *
     101                    ;******************************************************************************
     102 00000010           _c_int08:
     103                    ;** --------------------------------------------------------------------------*
     104 00000010 001800E2             B       .S2     IRP               ; |29| 
     105 00000014 00008000             NOP             5
     106                               ; BRANCH OCCURS                   ; |29| 
     107                    
     108                    
     109 00000018                   .sect   ".text"
     110                            .global _c_int09
TMS320C6x COFF Assembler         Version 4.10     Tue May 14 12:18:59 2024
Copyright (c) 1996-2001 Texas Instruments Incorporated
temp\interrupt.asm                                                   PAGE    3

     111                    
     112                    ;******************************************************************************
     113                    ;* FUNCTION NAME: _c_int09                                                    *
     114                    ;*                                                                            *
     115                    ;*   Regs Modified     :                                                      *
     116                    ;*   Regs Used         :                                                      *
     117                    ;*   Local Frame Size  : 0 Args + 0 Auto + 0 Save = 0 byte                    *
     118                    ;******************************************************************************
     119 00000018           _c_int09:
     120                    ;** --------------------------------------------------------------------------*
     121 00000018 001800E2             B       .S2     IRP               ; |35| 
     122 0000001c 00008000             NOP             5
     123                               ; BRANCH OCCURS                   ; |35| 
     124                    
     125                    
     126 00000020                   .sect   ".text"
     127                            .global _ISRNMI
     128                    
     129                    ;******************************************************************************
     130                    ;* FUNCTION NAME: _ISRNMI                                                     *
     131                    ;*                                                                            *
     132                    ;*   Regs Modified     :                                                      *
     133                    ;*   Regs Used         :                                                      *
     134                    ;*   Local Frame Size  : 0 Args + 0 Auto + 0 Save = 0 byte                    *
     135                    ;******************************************************************************
     136 00000020           _ISRNMI:
     137                    ;** --------------------------------------------------------------------------*
     138 00000020 001800E2             B       .S2     IRP               ; |19| 
     139 00000024 00008000             NOP             5
     140                               ; BRANCH OCCURS                   ; |19| 
     141                    
     142                    
     143 00000028                   .sect   ".text"
     144                            .global _ISRextint6
     145                    
     146                    ;******************************************************************************
     147                    ;* FUNCTION NAME: _ISRextint6                                                 *
     148                    ;*                                                                            *
     149                    ;*   Regs Modified     : A0,A1,A2,A3,A4,A5,A6,A7,A8,A9,B0,B1,B2,B3,B4,B5,B6,  *
     150                    ;*                           B7,B8,B9,SP                                      *
     151                    ;*   Regs Used         : A0,A1,A2,A3,A4,A5,A6,A7,A8,A9,B0,B1,B2,B3,B4,B5,B6,  *
     152                    ;*                           B7,B8,B9,SP                                      *
     153                    ;*   Local Frame Size  : 0 Args + 4 Auto + 84 Save = 88 byte                  *
     154                    ;******************************************************************************
     155 00000028           _ISRextint6:
     156                    ;** --------------------------------------------------------------------------*
     157 00000028 04BED4F6             STW     .D2T2   B9,*SP--(88)      ; |22| 
     158 0000002c 003C62F4             STW     .D2T1   A0,*+SP(12)       ; |22| 
     159 00000030 03BE82F6             STW     .D2T2   B7,*+SP(80)       ; |22| 
     160 00000034 033E62F6             STW     .D2T2   B6,*+SP(76)       ; |22| 
     161 00000038 02BE42F6             STW     .D2T2   B5,*+SP(72)       ; |22| 
     162 0000003c 023E22F6             STW     .D2T2   B4,*+SP(68)       ; |22| 
     163 00000040 01BE02F6             STW     .D2T2   B3,*+SP(64)       ; |22| 
     164 00000044 013DE2F6             STW     .D2T2   B2,*+SP(60)       ; |22| 
     165 00000048 00BDC2F6             STW     .D2T2   B1,*+SP(56)       ; |22| 
TMS320C6x COFF Assembler         Version 4.10     Tue May 14 12:18:59 2024
Copyright (c) 1996-2001 Texas Instruments Incorporated
temp\interrupt.asm                                                   PAGE    4

     166 0000004c 003DA2F6             STW     .D2T2   B0,*+SP(52)       ; |22| 
     167 00000050 04BD82F4             STW     .D2T1   A9,*+SP(48)       ; |22| 
     168 00000054 043D62F4             STW     .D2T1   A8,*+SP(44)       ; |22| 
     169 00000058 03BD42F4             STW     .D2T1   A7,*+SP(40)       ; |22| 
     170 0000005c 033D22F4             STW     .D2T1   A6,*+SP(36)       ; |22| 
     171 00000060 02BD02F4             STW     .D2T1   A5,*+SP(32)       ; |22| 
     172 00000064 023CE2F4             STW     .D2T1   A4,*+SP(28)       ; |22| 
     173 00000068 01BCC2F4             STW     .D2T1   A3,*+SP(24)       ; |22| 
     174 0000006c 013CA2F4             STW     .D2T1   A2,*+SP(20)       ; |22| 
     175                    
     176 00000070 00BC82F5             STW     .D2T1   A1,*+SP(16)       ; |22| 
     177 00000074 00000428  ||         MVKL    .S1     0x2000008,A0      ; |25| 
     178                    
     179 00000078 00010069             MVKH    .S1     0x2000008,A0      ; |25| 
     180 0000007c 043EA2F6  ||         STW     .D2T2   B8,*+SP(84)       ; |22| 
     181                    
     182 00000080 00000264             LDW     .D1T1   *A0,A0            ; |25| 
     183 00000084 00006000             NOP             4
     184 00000088 0001E7A0             AND     .S1     15,A0,A0          ; |25| 
     185 0000008c 00802A58             CMPEQ   .L1     A0,1,A1           ; |25| 
     186 00000090 80005710     [ A1]   B       .S1     L8                ; |25| 
     187 00000094 003C22F4             STW     .D2T1   A0,*+SP(4)        ; |25| 
     188 00000098 83BE82E6     [ A1]   LDW     .D2T2   *+SP(80),B7       ; |59| 
     189 0000009c 833E62E6     [ A1]   LDW     .D2T2   *+SP(76),B6       ; |59| 
     190 000000a0 82BE42E6     [ A1]   LDW     .D2T2   *+SP(72),B5       ; |59| 
     191 000000a4 823E22E6     [ A1]   LDW     .D2T2   *+SP(68),B4       ; |59| 
     192                               ; BRANCH OCCURS                   ; |25| 
     193                    ;** --------------------------------------------------------------------------*
     194 000000a8 023C22E6             LDW     .D2T2   *+SP(4),B4        ; |26| 
     195 000000ac 00004000             NOP             3
     196                    ;** --------------------------------------------------------------------------*
     197                    ;**   BEGIN LOOP L1
     198                    ;** --------------------------------------------------------------------------*
     199 000000b0           L1:    
     200 000000b0 00000000             NOP             1
     201 000000b4 00108A5A             CMPEQ   .L2     B4,4,B0           ; |26| 
     202 000000b8 30002510     [!B0]   B       .S1     L3                ; |26| 
     203                    
     204 000000c0 323C22E7     [!B0]   LDW     .D2T2   *+SP(4),B4        ; |38| 
     205 000000c4 20000A28  || [ B0]   MVKL    .S1     0x2000014,A0      ; |27| 
     206                    
     207 000000c8 20010068     [ B0]   MVKH    .S1     0x2000014,A0      ; |27| 
     208 000000cc 20000264     [ B0]   LDW     .D1T1   *A0,A0            ; |27| 
     209 000000d0 00002000             NOP             2
     210                               ; BRANCH OCCURS                   ; |26| 
     211                    ;** --------------------------------------------------------------------------*
     212 000000d4 00002000             NOP             2
     213 000000d8 008027A0             AND     .S1     1,A0,A1           ; |27| 
     214 000000dc 90004A10     [!A1]   B       .S1     L7                ; |27| 
     215 000000e0 90000428     [!A1]   MVKL    .S1     0x2000008,A0      ; |58| 
     216 000000e4 90010068     [!A1]   MVKH    .S1     0x2000008,A0      ; |58| 
     217                    
     218 000000e8 820428C3     [ A1]   ZERO    .D2     B4                ; |28| 
     219 000000ec 82803E2B! || [ A1]   MVKL    .S2     _compacket+124,B5 ; |28| 
     220 000000f0 90000264  || [!A1]   LDW     .D1T1   *A0,A0            ; |58| 
TMS320C6x COFF Assembler         Version 4.10     Tue May 14 12:18:59 2024
Copyright (c) 1996-2001 Texas Instruments Incorporated
temp\interrupt.asm                                                   PAGE    5

     221                    
     222 000000f4 8201006A     [ A1]   MVKH    .S2     0x2000000,B4      ; |28| 
     223                    
     224 000000f8 8280006B!    [ A1]   MVKH    .S2     _compacket+124,B5 ; |28| 
     225 000000fc 821002E6  || [ A1]   LDW     .D2T2   *B4,B4            ; |28| 
     226                    
     227                               ; BRANCH OCCURS                   ; |27| 
     228                    ;** --------------------------------------------------------------------------*
     229 00000100 029402E6             LDW     .D2T2   *B5,B5            ; |28| 
     230 00000104 00000000             NOP             1
     231                    ;*----------------------------------------------------------------------------*
     232                    ;*   SOFTWARE PIPELINE INFORMATION
     233                    ;*      Disqualified loop: software pipelining disabled
     234                    ;*----------------------------------------------------------------------------*
     235 00000108           L2:    
     236 00000108 00003E28!            MVKL    .S1     _compacket+124,A0 ; |29| 
     237 0000010c 00000068!            MVKH    .S1     _compacket+124,A0 ; |29| 
     238 00000110 0213180A             EXTU    .S2     B4,24,24,B4       ; |28| 
     239 00000114 021402B6             STB     .D2T2   B4,*B5            ; |28| 
     240 00000118 01800264             LDW     .D1T1   *A0,A3            ; |29| 
     241 0000011c 00000028!            MVKL    .S1     _SendByte,A0      ; |29| 
     242 00000120 00000068!            MVKH    .S1     _SendByte,A0      ; |29| 
     243 00000124 01809C2A'            MVKL    .S2     RL0,B3            ; |29| 
     244 00000128 00001362             B       .S2X    A0                ; |29| 
     245 0000012c 020C0224             LDB     .D1T1   *A3,A4            ; |29| 
     246 00000130 0180006A'            MVKH    .S2     RL0,B3            ; |29| 
     247 00000134 00004000             NOP             3
     248 00000138           RL0:       ; CALL OCCURS                     ; |29| 
     249 00000138 02003E2A!            MVKL    .S2     _compacket+124,B4 ; |30| 
     250 0000013c 0200006A!            MVKH    .S2     _compacket+124,B4 ; |30| 
     251 00000140 021002E6             LDW     .D2T2   *B4,B4            ; |30| 
     252 00000144 000031A8!            MVKL    .S1     _compacket+99,A0  ; |30| 
     253 00000148 00000068!            MVKH    .S1     _compacket+99,A0  ; |30| 
     254 0000014c 00002000             NOP             2
     255 00000150 00901A78             CMPEQ   .L1X    B4,A0,A1          ; |30| 
     256 00000154 92003E2A!    [!A1]   MVKL    .S2     _compacket+124,B4 ; |34| 
     257 00000158 9200006A!    [!A1]   MVKH    .S2     _compacket+124,B4 ; |34| 
     258 0000015c 929002E6     [!A1]   LDW     .D2T2   *B4,B5            ; |34| 
     259 00000160 82003E2A!    [ A1]   MVKL    .S2     _compacket+124,B4 ; |31| 
     260 00000164 80000028!    [ A1]   MVKL    .S1     _compacket,A0     ; |31| 
     261 00000168 8200006A!    [ A1]   MVKH    .S2     _compacket+124,B4 ; |31| 
     262 0000016c 80000068!    [ A1]   MVKH    .S1     _compacket,A0     ; |31| 
     263                    
     264 00000170 02800A2B             MVKL    .S2     0x2000014,B5      ; |36| 
     265 00000174 93142942  || [!A1]   ADD     .D2     1,B5,B6           ; |34| 
     266                    
     267 00000178 931002F6     [!A1]   STW     .D2T2   B6,*B4            ; |34| 
     268                    
     269 00000180 801002F5     [ A1]   STW     .D2T1   A0,*B4            ; |31| 
     270 00000184 0281006A  ||         MVKH    .S2     0x2000014,B5      ; |36| 
     271                    
     272 00000188 021402E6             LDW     .D2T2   *B5,B4            ; |36| 
     273 0000018c 00006000             NOP             4
     274 00000190 001027A2             AND     .S2     1,B4,B0           ; |36| 
     275 00000194 2FFFF110     [ B0]   B       .S1     L2                ; |36| 
TMS320C6x COFF Assembler         Version 4.10     Tue May 14 12:18:59 2024
Copyright (c) 1996-2001 Texas Instruments Incorporated
temp\interrupt.asm                                                   PAGE    6

     276                    
     277 00000198 220428C3     [ B0]   ZERO    .D2     B4                ; |28| 
     278 0000019c 22803E2A! || [ B0]   MVKL    .S2     _compacket+124,B5 ; |28| 
     279                    
     280 000001a0 2201006A     [ B0]   MVKH    .S2     0x2000000,B4      ; |28| 
     281                    
     282 000001a4 2280006B!    [ B0]   MVKH    .S2     _compacket+124,B5 ; |28| 
     283 000001a8 221002E6  || [ B0]   LDW     .D2T2   *B4,B4            ; |28| 
     284                    
     285 000001ac 229402E6     [ B0]   LDW     .D2T2   *B5,B5            ; |28| 
     286 000001b0 00000000             NOP             1
     287                               ; BRANCH OCCURS                   ; |36| 
     288                    ;** --------------------------------------------------------------------------*
     289 000001b4 00002E10             B       .S1     L7                ; |37| 
     290 000001b8 00000428             MVKL    .S1     0x2000008,A0      ; |58| 
     291 000001bc 00010068             MVKH    .S1     0x2000008,A0      ; |58| 
     292 000001c0 00000264             LDW     .D1T1   *A0,A0            ; |58| 
     293 000001c4 00002000             NOP             2
     294                               ; BRANCH OCCURS                   ; |37| 
     295                    ;** --------------------------------------------------------------------------*
     296 000001c8           L3:    
     297 000001c8 00104A5A             CMPEQ   .L2     B4,2,B0           ; |38| 
     298 000001cc 30001090     [!B0]   B       .S1     L4                ; |38| 
     299 000001d0 2200642A!    [ B0]   MVKL    .S2     _respacket+200,B4 ; |39| 
     300 000001d4 00004000             NOP             3
     301 000001d8 323C22E6     [!B0]   LDW     .D2T2   *+SP(4),B4        ; |47| 
     302                               ; BRANCH OCCURS                   ; |38| 
     303                    ;** --------------------------------------------------------------------------*
     304 000001dc 0200006A!            MVKH    .S2     _respacket+200,B4 ; |39| 
     305 000001e0 029002E6             LDW     .D2T2   *B4,B5            ; |39| 
     306 000001e4 00006000             NOP             4
     307 000001e8 00140ADA             CMPGT   .L2     B5,0,B0           ; |39| 
     308                    
     309 000001ec 20006629!    [ B0]   MVKL    .S1     _respacket+204,A0 ; |40| 
     310 000001f0 029429C2  ||         SUB     .D2     B5,1,B5           ; |39| 
     311                    
     312 000001f4 20000069!    [ B0]   MVKH    .S1     _respacket+204,A0 ; |40| 
     313 000001f8 029002F6  ||         STW     .D2T2   B5,*B4            ; |39| 
     314                    
     315 000001fc 21800264     [ B0]   LDW     .D1T1   *A0,A3            ; |40| 
     316 00000200 22000028!    [ B0]   MVKL    .S1     _respacket,A4     ; |40| 
     317 00000204 22000068!    [ B0]   MVKH    .S1     _respacket,A4     ; |40| 
     318 00000208 30000228     [!B0]   MVKL    .S1     0x2000004,A0      ; |43| 
     319 0000020c 3200682A!    [!B0]   MVKL    .S2     _respacket+208,B4 ; |44| 
     320 00000210 228C2940     [ B0]   ADD     .D1     1,A3,A5           ; |40| 
     321 00000214 22800274     [ B0]   STW     .D1T1   A5,*A0            ; |40| 
     322                    
     323 00000218 00002011             B       .S1     L6                ; |46| 
     324 0000021c 200C8A24  || [ B0]   LDB     .D1T1   *+A3[A4],A0       ; |40| 
     325                    
     326 00000220 30010068     [!B0]   MVKH    .S1     0x2000004,A0      ; |43| 
     327 00000224 328000AA     [!B0]   MVK     .S2     1,B5              ; |43| 
     328                    
     329 00000228 328428C3     [!B0]   ZERO    .D2     B5                ; |44| 
     330 0000022c 220840FB  || [ B0]   ZERO    .L2     B4                ; |40| 
TMS320C6x COFF Assembler         Version 4.10     Tue May 14 12:18:59 2024
Copyright (c) 1996-2001 Texas Instruments Incorporated
temp\interrupt.asm                                                   PAGE    7

     331 00000230 3200006B! || [!B0]   MVKH    .S2     _respacket+208,B4 ; |44| 
     332 00000234 32800276  || [!B0]   STW     .D1T2   B5,*A0            ; |43| 
     333                    
     334 00000238 2201006B     [ B0]   MVKH    .S2     0x2000000,B4      ; |40| 
     335 0000023c 329002F6  || [!B0]   STW     .D2T2   B5,*B4            ; |44| 
     336                    
     337 00000240 201002F4     [ B0]   STW     .D2T1   A0,*B4            ; |40| 
     338                               ; BRANCH OCCURS                   ; |46| 
     339                    ;** --------------------------------------------------------------------------*
     340 00000244           L4:    
     341 00000244 00006000             NOP             4
     342 00000248 00118A5A             CMPEQ   .L2     B4,12,B0          ; |47| 
     343 0000024c 30001810     [!B0]   B       .S1     L6                ; |47| 
     344 00000250 00002000             NOP             2
     345 00000254 20000A28     [ B0]   MVKL    .S1     0x2000014,A0      ; |48| 
     346 00000258 20010068     [ B0]   MVKH    .S1     0x2000014,A0      ; |48| 
     347 0000025c 20000264     [ B0]   LDW     .D1T1   *A0,A0            ; |48| 
     348                               ; BRANCH OCCURS                   ; |47| 
     349                    ;** --------------------------------------------------------------------------*
     350 00000260 00006000             NOP             4
     351 00000264 008027A0             AND     .S1     1,A0,A1           ; |48| 
     352 00000268 90001410     [!A1]   B       .S1     L6                ; |48| 
     353 0000026c 00006000             NOP             4
     354 00000270 820008C2     [ A1]   ZERO    .D2     B4                ; |49| 
     355                               ; BRANCH OCCURS                   ; |48| 
     356                    ;*----------------------------------------------------------------------------*
     357                    ;*   SOFTWARE PIPELINE INFORMATION
     358                    ;*      Disqualified loop: software pipelining disabled
     359                    ;*----------------------------------------------------------------------------*
     360 00000274           L5:    
     361                    
     362 00000274 0201006B             MVKH    .S2     0x2000000,B4      ; |49| 
     363 00000278 00003E28! ||         MVKL    .S1     _compacket+124,A0 ; |49| 
     364                    
     365 00000280 021002E7             LDW     .D2T2   *B4,B4            ; |49| 
     366 00000284 00000068! ||         MVKH    .S1     _compacket+124,A0 ; |49| 
     367                    
     368 00000288 01800264             LDW     .D1T1   *A0,A3            ; |49| 
     369 0000028c 00003E28!            MVKL    .S1     _compacket+124,A0 ; |50| 
     370 00000290 00000068!            MVKH    .S1     _compacket+124,A0 ; |50| 
     371 00000294 00000000             NOP             1
     372 00000298 0213180A             EXTU    .S2     B4,24,24,B4       ; |49| 
     373 0000029c 020C0236             STB     .D1T2   B4,*A3            ; |49| 
     374 000002a0 00000264             LDW     .D1T1   *A0,A0            ; |50| 
     375 000002a4 020031AA!            MVKL    .S2     _compacket+99,B4  ; |50| 
     376 000002a8 0200006A!            MVKH    .S2     _compacket+99,B4  ; |50| 
     377 000002ac 00002000             NOP             2
     378 000002b0 00009A7A             CMPEQ   .L2X    A0,B4,B0          ; |50| 
     379 000002b4 30003E28!    [!B0]   MVKL    .S1     _compacket+124,A0 ; |54| 
     380 000002b8 30000068!    [!B0]   MVKH    .S1     _compacket+124,A0 ; |54| 
     381 000002bc 32000940     [!B0]   MV      .D1     A0,A4             ; |54| 
     382 000002c0 30100264     [!B0]   LDW     .D1T1   *A4,A0            ; |54| 
     383 000002c4 20003E28!    [ B0]   MVKL    .S1     _compacket+124,A0 ; |51| 
     384 000002c8 2200002A!    [ B0]   MVKL    .S2     _compacket,B4     ; |51| 
     385 000002cc 20000068!    [ B0]   MVKH    .S1     _compacket+124,A0 ; |51| 
TMS320C6x COFF Assembler         Version 4.10     Tue May 14 12:18:59 2024
Copyright (c) 1996-2001 Texas Instruments Incorporated
temp\interrupt.asm                                                   PAGE    8

     386 000002d0 2200006A!    [ B0]   MVKH    .S2     _compacket,B4     ; |51| 
     387                    
     388 000002d4 00000A29             MVKL    .S1     0x2000014,A0      ; |56| 
     389 000002d8 31802059  || [!B0]   ADD     .L1     1,A0,A3           ; |54| 
     390 000002dc 22000276  || [ B0]   STW     .D1T2   B4,*A0            ; |51| 
     391                    
     392 000002e0 00010069             MVKH    .S1     0x2000014,A0      ; |56| 
     393 000002e4 31900274  || [!B0]   STW     .D1T1   A3,*A4            ; |54| 
     394                    
     395 000002e8 00000264             LDW     .D1T1   *A0,A0            ; |56| 
     396 000002ec 00006000             NOP             4
     397 000002f0 008027A0             AND     .S1     1,A0,A1           ; |56| 
     398 000002f4 8FFFF290     [ A1]   B       .S1     L5                ; |56| 
     399 000002f8 00006000             NOP             4
     400 000002fc 820008C2     [ A1]   ZERO    .D2     B4                ; |49| 
     401                               ; BRANCH OCCURS                   ; |56| 
     402                    ;** --------------------------------------------------------------------------*
     403 00000300           L6:    
     404 00000300 00000428             MVKL    .S1     0x2000008,A0      ; |58| 
     405 00000304 00010068             MVKH    .S1     0x2000008,A0      ; |58| 
     406 00000308 00000264             LDW     .D1T1   *A0,A0            ; |58| 
     407 0000030c 00002000             NOP             2
     408                    ;** --------------------------------------------------------------------------*
     409 00000310           L7:    
     410 00000310 00002000             NOP             2
     411 00000314 0001E7A0             AND     .S1     15,A0,A0          ; |58| 
     412 00000318 00802A58             CMPEQ   .L1     A0,1,A1           ; |58| 
     413 0000031c 9FFFB610     [!A1]   B       .S1     L1                ; |58| 
     414 00000320 003C22F4             STW     .D2T1   A0,*+SP(4)        ; |58| 
     415 00000324 923C22E6     [!A1]   LDW     .D2T2   *+SP(4),B4        ; |26| 
     416 00000328 83BE82E6     [ A1]   LDW     .D2T2   *+SP(80),B7       ; |59| 
     417 0000032c 833E62E6     [ A1]   LDW     .D2T2   *+SP(76),B6       ; |59| 
     418 00000330 82BE42E6     [ A1]   LDW     .D2T2   *+SP(72),B5       ; |59| 
     419                               ; BRANCH OCCURS                   ; |58| 
     420                    ;** --------------------------------------------------------------------------*
     421 00000334 023E22E6             LDW     .D2T2   *+SP(68),B4       ; |59| 
     422                    ;** --------------------------------------------------------------------------*
     423 00000338           L8:    
     424 00000338 01BE02E6             LDW     .D2T2   *+SP(64),B3       ; |59| 
     425 0000033c 013DE2E6             LDW     .D2T2   *+SP(60),B2       ; |59| 
     426 00000340 00BDC2E6             LDW     .D2T2   *+SP(56),B1       ; |59| 
     427 00000344 003DA2E6             LDW     .D2T2   *+SP(52),B0       ; |59| 
     428 00000348 04BD82E4             LDW     .D2T1   *+SP(48),A9       ; |59| 
     429 0000034c 043D62E4             LDW     .D2T1   *+SP(44),A8       ; |59| 
     430 00000350 03BD42E4             LDW     .D2T1   *+SP(40),A7       ; |59| 
     431 00000354 033D22E4             LDW     .D2T1   *+SP(36),A6       ; |59| 
     432 00000358 02BD02E4             LDW     .D2T1   *+SP(32),A5       ; |59| 
     433 0000035c 023CE2E4             LDW     .D2T1   *+SP(28),A4       ; |59| 
     434 00000360 01BCC2E4             LDW     .D2T1   *+SP(24),A3       ; |59| 
     435 00000364 013CA2E4             LDW     .D2T1   *+SP(20),A2       ; |59| 
     436 00000368 00BC82E4             LDW     .D2T1   *+SP(16),A1       ; |59| 
     437 0000036c 003C62E4             LDW     .D2T1   *+SP(12),A0       ; |59| 
     438                    
     439 00000370 001800E3             B       .S2     IRP               ; |59| 
     440 00000374 043EA2E6  ||         LDW     .D2T2   *+SP(84),B8       ; |59| 
TMS320C6x COFF Assembler         Version 4.10     Tue May 14 12:18:59 2024
Copyright (c) 1996-2001 Texas Instruments Incorporated
temp\interrupt.asm                                                   PAGE    9

     441                    
     442 00000378 04BED2E6             LDW     .D2T2   *++SP(88),B9      ; |59| 
     443 0000037c 00006000             NOP             4
     444                               ; BRANCH OCCURS                   ; |59| 
     445                    
     446                    
     447 00000380                   .sect   ".text"
     448                            .global _ISRtimer0
     449                    
     450                    ;******************************************************************************
     451                    ;* FUNCTION NAME: _ISRtimer0                                                  *
     452                    ;*                                                                            *
     453                    ;*   Regs Modified     : A0,A1,A2,A3,A4,A5,A6,A7,A8,A9,B0,B1,B2,B3,B4,B5,B6,  *
     454                    ;*                           B7,B8,B9,SP                                      *
     455                    ;*   Regs Used         : A0,A1,A2,A3,A4,A5,A6,A7,A8,A9,B0,B1,B2,B3,B4,B5,B6,  *
     456                    ;*                           B7,B8,B9,SP                                      *
     457                    ;*   Local Frame Size  : 0 Args + 8 Auto + 84 Save = 92 byte                  *
     458                    ;******************************************************************************
     459 00000380           _ISRtimer0:
     460                    ;** --------------------------------------------------------------------------*
     461 00000380 04BF14F6             STW     .D2T2   B9,*SP--(96)      ; |72| 
     462 00000384 023E62F6             STW     .D2T2   B4,*+SP(76)       ; |72| 
     463 00000388 03BEC2F6             STW     .D2T2   B7,*+SP(88)       ; |72| 
     464 0000038c 033EA2F6             STW     .D2T2   B6,*+SP(84)       ; |72| 
     465 00000390 02BE82F6             STW     .D2T2   B5,*+SP(80)       ; |72| 
     466 00000394 01BE42F6             STW     .D2T2   B3,*+SP(72)       ; |72| 
     467 00000398 013E22F6             STW     .D2T2   B2,*+SP(68)       ; |72| 
     468 0000039c 00BE02F6             STW     .D2T2   B1,*+SP(64)       ; |72| 
     469 000003a0 003DE2F6             STW     .D2T2   B0,*+SP(60)       ; |72| 
     470 000003a4 04BDC2F4             STW     .D2T1   A9,*+SP(56)       ; |72| 
     471 000003a8 043DA2F4             STW     .D2T1   A8,*+SP(52)       ; |72| 
     472 000003ac 03BD82F4             STW     .D2T1   A7,*+SP(48)       ; |72| 
     473 000003b0 033D62F4             STW     .D2T1   A6,*+SP(44)       ; |72| 
     474 000003b4 02BD42F4             STW     .D2T1   A5,*+SP(40)       ; |72| 
     475 000003b8 023D22F4             STW     .D2T1   A4,*+SP(36)       ; |72| 
     476 000003bc 01BD02F4             STW     .D2T1   A3,*+SP(32)       ; |72| 
     477 000003c0 013CE2F4             STW     .D2T1   A2,*+SP(28)       ; |72| 
     478 000003c4 00BCC2F4             STW     .D2T1   A1,*+SP(24)       ; |72| 
     479                    
     480 000003c8 003CA2F5             STW     .D2T1   A0,*+SP(20)       ; |72| 
     481 000003cc 0200002A! ||         MVKL    .S2     _currAngle,B4     ; |76| 
     482                    
     483 000003d0 0200006B!            MVKH    .S2     _currAngle,B4     ; |76| 
     484 000003d4 043EE2F6  ||         STW     .D2T2   B8,*+SP(92)       ; |72| 
     485                    
     486 000003d8 021002E6             LDW     .D2T2   *B4,B4            ; |76| 
     487 000003dc 00000028!            MVKL    .S1     _refAngle,A0      ; |79| 
     488 000003e0 00000068!            MVKH    .S1     _refAngle,A0      ; |79| 
     489 000003e4 0182622A'            MVKL    .S2     RL2,B3            ; |87| 
     490 000003e8 0180006A'            MVKH    .S2     RL2,B3            ; |87| 
     491 000003ec 023C22F6             STW     .D2T2   B4,*+SP(4)        ; |76| 
     492 000003f0 00000264             LDW     .D1T1   *A0,A0            ; |79| 
     493 000003f4 00006000             NOP             4
     494 000003f8 021012BA             SUBSP   .L2X    A0,B4,B4          ; |79| 
     495 000003fc 00000428-            MVKL    .S1     _sumErr,A0        ; |82| 
TMS320C6x COFF Assembler         Version 4.10     Tue May 14 12:18:59 2024
Copyright (c) 1996-2001 Texas Instruments Incorporated
temp\interrupt.asm                                                   PAGE   10

     496 00000400 00000068-            MVKH    .S1     _sumErr,A0        ; |82| 
     497 00000404 00000000             NOP             1
     498 00000408 023C42F6             STW     .D2T2   B4,*+SP(8)        ; |79| 
     499 0000040c 01800264             LDW     .D1T1   *A0,A3            ; |82| 
     500 00000410 00006000             NOP             4
     501 00000414 01907218             ADDSP   .L1X    B4,A3,A3          ; |82| 
     502 00000418 0200022A-            MVKL    .S2     _prevErr,B4       ; |83| 
     503 0000041c 0200006A-            MVKH    .S2     _prevErr,B4       ; |83| 
     504 00000420 00000000             NOP             1
     505                    
     506 00000424 00000429-            MVKL    .S1     _sumErr,A0        ; |83| 
     507 00000428 01800274  ||         STW     .D1T1   A3,*A0            ; |82| 
     508                    
     509 0000042c 00000069-            MVKH    .S1     _sumErr,A0        ; |83| 
     510 00000430 03BC42E6  ||         LDW     .D2T2   *+SP(8),B7        ; |83| 
     511                    
     512 00000434 031002E7             LDW     .D2T2   *B4,B6            ; |83| 
     513 00000438 01800264  ||         LDW     .D1T1   *A0,A3            ; |83| 
     514                    
     515 0000043c 000008C0             ZERO    .D1     A0                ; |83| 
     516 00000440 020008C2             ZERO    .D2     B4                ; |83| 
     517 00000444 00216468             MVKH    .S1     0x42c80000,A0     ; |83| 
     518                    
     519 00000448 0380FE03             MPYSP   .M2X    B7,A0,B7          ; |83| 
     520 0000044c 029C0943  ||         MV      .D2     B7,B5             ; |83| 
     521 00000450 0220906A  ||         MVKH    .S2     0x41200000,B4     ; |83| 
     522                    
     523 00000454 0218A23B             SUBSP   .L2     B5,B6,B4          ; |83| 
     524 00000458 028C9E02  ||         MPYSP   .M2X    A3,B4,B5          ; |83| 
     525                    
     526 0000045c 000008C0             ZERO    .D1     A0                ; |83| 
     527 00000460 00209068             MVKH    .S1     0x41200000,A0     ; |83| 
     528 00000464 0300002A!            MVKL    .S2     _uSat,B6          ; |87| 
     529                    
     530 00000468 029CA21B             ADDSP   .L2     B5,B7,B5          ; |83| 
     531 0000046c 02009E02  ||         MPYSP   .M2X    B4,A0,B4          ; |83| 
     532                    
     533 00000470 01800628-            MVKL    .S1     _uControlInput,A3 ; |87| 
     534 00000474 01800068-            MVKH    .S1     _uControlInput,A3 ; |87| 
     535 00000478 00000028!            MVKL    .S1     _refAngle,A0      ; |87| 
     536 0000047c 0294821A             ADDSP   .L2     B4,B5,B5          ; |83| 
     537 00000480 0200062A-            MVKL    .S2     _uControlInput,B4 ; |83| 
     538 00000484 0200006A-            MVKH    .S2     _uControlInput,B4 ; |83| 
     539 00000488 0300006A!            MVKH    .S2     _uSat,B6          ; |87| 
     540 0000048c 029002F6             STW     .D2T2   B5,*B4            ; |83| 
     541 00000490 023C42E4             LDW     .D2T1   *+SP(8),A4        ; |84| 
     542 00000494 0200022A-            MVKL    .S2     _prevErr,B4       ; |84| 
     543 00000498 0200006A-            MVKH    .S2     _prevErr,B4       ; |84| 
     544 0000049c 0280002A!            MVKL    .S2     _UMAddData,B5     ; |87| 
     545 000004a0 0280006A!            MVKH    .S2     _UMAddData,B5     ; |87| 
     546 000004a4 021002F4             STW     .D2T1   A4,*B4            ; |84| 
     547                    
     548 000004a8 031802E7             LDW     .D2T2   *B6,B6            ; |87| 
     549 000004ac 00000069! ||         MVKH    .S1     _refAngle,A0      ; |87| 
     550 000004b0 030C0265  ||         LDW     .D1T1   *A3,A6            ; |87| 
TMS320C6x COFF Assembler         Version 4.10     Tue May 14 12:18:59 2024
Copyright (c) 1996-2001 Texas Instruments Incorporated
temp\interrupt.asm                                                   PAGE   11

     551 000004b4 00140362  ||         B       .S2     B5                ; |87| 
     552                    
     553 000004b8 02000265             LDW     .D1T1   *A0,A4            ; |87| 
     554 000004bc 023C22E6  ||         LDW     .D2T2   *+SP(4),B4        ; |87| 
     555                    
     556 000004c0 00006000             NOP             4
     557 000004c4           RL2:       ; CALL OCCURS                     ; |87| 
     558 000004c4 01800028-            MVKL    .S1     _TFlag,A3         ; |90| 
     559 000004c8 01800068-            MVKH    .S1     _TFlag,A3         ; |90| 
     560 000004cc 000000A8             MVK     .S1     1,A0              ; |90| 
     561 000004d0 000C0274             STW     .D1T1   A0,*A3            ; |90| 
     562 000004d4 043EE2E6             LDW     .D2T2   *+SP(92),B8       ; |91| 
     563 000004d8 013E22E6             LDW     .D2T2   *+SP(68),B2       ; |91| 
     564 000004dc 00BE02E6             LDW     .D2T2   *+SP(64),B1       ; |91| 
     565 000004e0 003DE2E6             LDW     .D2T2   *+SP(60),B0       ; |91| 
     566 000004e4 04BDC2E4             LDW     .D2T1   *+SP(56),A9       ; |91| 
     567 000004e8 043DA2E4             LDW     .D2T1   *+SP(52),A8       ; |91| 
     568 000004ec 03BD82E4             LDW     .D2T1   *+SP(48),A7       ; |91| 
     569 000004f0 02BD42E4             LDW     .D2T1   *+SP(40),A5       ; |91| 
     570 000004f4 013CE2E4             LDW     .D2T1   *+SP(28),A2       ; |91| 
     571 000004f8 00BCC2E4             LDW     .D2T1   *+SP(24),A1       ; |91| 
     572 000004fc 01BD02E4             LDW     .D2T1   *+SP(32),A3       ; |91| 
     573 00000500 003CA2E4             LDW     .D2T1   *+SP(20),A0       ; |91| 
     574 00000504 02BE82E6             LDW     .D2T2   *+SP(80),B5       ; |91| 
     575 00000508 03BEC2E6             LDW     .D2T2   *+SP(88),B7       ; |91| 
     576 0000050c 01BE42E6             LDW     .D2T2   *+SP(72),B3       ; |91| 
     577 00000510 023E62E6             LDW     .D2T2   *+SP(76),B4       ; |91| 
     578 00000514 033D62E4             LDW     .D2T1   *+SP(44),A6       ; |91| 
     579 00000518 023D22E4             LDW     .D2T1   *+SP(36),A4       ; |91| 
     580                    
     581 00000520 033EA2E7             LDW     .D2T2   *+SP(84),B6       ; |91| 
     582 00000524 001800E2  ||         B       .S2     IRP               ; |91| 
     583                    
     584 00000528 04BF12E6             LDW     .D2T2   *++SP(96),B9      ; |91| 
     585 0000052c 00006000             NOP             4
     586                               ; BRANCH OCCURS                   ; |91| 
     587                    
     588                    
     589                    ;******************************************************************************
     590                    ;* UNDEFINED EXTERNAL REFERENCES                                              *
     591                    ;******************************************************************************
     592                            .global _SendByte
     593                            .global _UMAddData
     594                            .global _compacket
     595                            .global _respacket
     596                            .global _currAngle
     597                            .global _refAngle
     598                            .global _uSat

No Assembly Errors, No Assembly Warnings
