TMS320C6x COFF Assembler         Version 4.10     Wed May 08 01:12:45 2024
Copyright (c) 1996-2001 Texas Instruments Incorporated
temp\interrupt.asm                                                   PAGE    1

       1                    ;******************************************************************************
       2                    ;* TMS320C6x ANSI C Codegen                                      Version 4.10 *
       3                    ;* Date/Time created: Wed May 08 01:12:45 2024                                *
       4                    ;******************************************************************************
       5                    
       6                    ;******************************************************************************
       7                    ;* GLOBAL FILE PARAMETERS                                                     *
       8                    ;*                                                                            *
       9                    ;*   Architecture      : TMS320C670x                                          *
      10                    ;*   Optimization      : Disabled                                             *
      11                    ;*   Optimizing for    : Compile time, Ease of Development                    *
      12                    ;*                       Based on options: no -o, no -ms                      *
      13                    ;*   Endian            : Little                                               *
      14                    ;*   Interrupt Thrshld : Disabled                                             *
      15                    ;*   Memory Model      : Large                                                *
      16                    ;*   Calls to RTS      : Far                                                  *
      17                    ;*   Pipelining        : Disabled                                             *
      18                    ;*   Memory Aliases    : Presume are aliases (pessimistic)                    *
      19                    ;*   Debug Info        : No Debug Info                                        *
      20                    ;*                                                                            *
      21                    ;******************************************************************************
      22                    
      23                            .asg    A15, FP
      24                            .asg    B14, DP
      25                            .asg    B15, SP
      26                            .global $bss
      27                    
      28                    
      29 00000000                   .sect   ".cinit"
      30                            .align  8
      31 00000000 00000004          .field          4,32
      32 00000004 00000000-         .field          _TFlag+0,32
      33 00000008 00000000          .field          0,32                    ; _TFlag @ 0
      34 00000000                   .sect   ".text"
      35                            .global _TFlag
      36 00000000           _TFlag: .usect  .far,4,4
      37                    
      38 0000000c                   .sect   ".cinit"
      39                            .align  8
      40 00000010 00000004          .field          4,32
      41 00000014 00000004-         .field          _cnt$1+0,32
      42 00000018 00000000          .field          0,32                    ; _cnt$1 @ 0
      43 00000000                   .sect   ".text"
      44 00000004           _cnt$1: .usect  .far,4,4
      45                    
      46 0000001c                   .sect   ".cinit"
      47                            .align  8
      48 00000020 00000004          .field          4,32
      49 00000024 00000008-         .field          _mmag$2+0,32
      50 00000028 3E4CCCCD          .word   03e4ccccdh              ; _mmag$2 @ 0
      51 00000000                   .sect   ".text"
      52 00000008           _mmag$2:        .usect  .far,4,4
      53                    ;       acp6x -q -D_FAR_RTS=1 --large_model=3 --version=6701 -m --i_output_file C:\Users\hge42\AppData
      54 00000000                   .sect   ".text"
      55                            .global _ISRextint4
TMS320C6x COFF Assembler         Version 4.10     Wed May 08 01:12:45 2024
Copyright (c) 1996-2001 Texas Instruments Incorporated
temp\interrupt.asm                                                   PAGE    2

      56                    
      57                    ;******************************************************************************
      58                    ;* FUNCTION NAME: _ISRextint4                                                 *
      59                    ;*                                                                            *
      60                    ;*   Regs Modified     :                                                      *
      61                    ;*   Regs Used         :                                                      *
      62                    ;*   Local Frame Size  : 0 Args + 0 Auto + 0 Save = 0 byte                    *
      63                    ;******************************************************************************
      64 00000000           _ISRextint4:
      65                    ;** --------------------------------------------------------------------------*
      66 00000000 001800E2             B       .S2     IRP               ; |11| 
      67 00000004 00008000             NOP             5
      68                               ; BRANCH OCCURS                   ; |11| 
      69                    
      70                    
      71 00000008                   .sect   ".text"
      72                            .global _ISRextint5
      73                    
      74                    ;******************************************************************************
      75                    ;* FUNCTION NAME: _ISRextint5                                                 *
      76                    ;*                                                                            *
      77                    ;*   Regs Modified     :                                                      *
      78                    ;*   Regs Used         :                                                      *
      79                    ;*   Local Frame Size  : 0 Args + 0 Auto + 0 Save = 0 byte                    *
      80                    ;******************************************************************************
      81 00000008           _ISRextint5:
      82                    ;** --------------------------------------------------------------------------*
      83 00000008 001800E2             B       .S2     IRP               ; |17| 
      84 0000000c 00008000             NOP             5
      85                               ; BRANCH OCCURS                   ; |17| 
      86                    
      87                    
      88 00000010                   .sect   ".text"
      89                            .global _c_int08
      90                    
      91                    ;******************************************************************************
      92                    ;* FUNCTION NAME: _c_int08                                                    *
      93                    ;*                                                                            *
      94                    ;*   Regs Modified     :                                                      *
      95                    ;*   Regs Used         :                                                      *
      96                    ;*   Local Frame Size  : 0 Args + 0 Auto + 0 Save = 0 byte                    *
      97                    ;******************************************************************************
      98 00000010           _c_int08:
      99                    ;** --------------------------------------------------------------------------*
     100 00000010 001800E2             B       .S2     IRP               ; |29| 
     101 00000014 00008000             NOP             5
     102                               ; BRANCH OCCURS                   ; |29| 
     103                    
     104                    
     105 00000018                   .sect   ".text"
     106                            .global _c_int09
     107                    
     108                    ;******************************************************************************
     109                    ;* FUNCTION NAME: _c_int09                                                    *
     110                    ;*                                                                            *
TMS320C6x COFF Assembler         Version 4.10     Wed May 08 01:12:45 2024
Copyright (c) 1996-2001 Texas Instruments Incorporated
temp\interrupt.asm                                                   PAGE    3

     111                    ;*   Regs Modified     :                                                      *
     112                    ;*   Regs Used         :                                                      *
     113                    ;*   Local Frame Size  : 0 Args + 0 Auto + 0 Save = 0 byte                    *
     114                    ;******************************************************************************
     115 00000018           _c_int09:
     116                    ;** --------------------------------------------------------------------------*
     117 00000018 001800E2             B       .S2     IRP               ; |35| 
     118 0000001c 00008000             NOP             5
     119                               ; BRANCH OCCURS                   ; |35| 
     120                    
     121                    
     122 00000020                   .sect   ".text"
     123                            .global _ISRNMI
     124                    
     125                    ;******************************************************************************
     126                    ;* FUNCTION NAME: _ISRNMI                                                     *
     127                    ;*                                                                            *
     128                    ;*   Regs Modified     :                                                      *
     129                    ;*   Regs Used         :                                                      *
     130                    ;*   Local Frame Size  : 0 Args + 0 Auto + 0 Save = 0 byte                    *
     131                    ;******************************************************************************
     132 00000020           _ISRNMI:
     133                    ;** --------------------------------------------------------------------------*
     134 00000020 001800E2             B       .S2     IRP               ; |19| 
     135 00000024 00008000             NOP             5
     136                               ; BRANCH OCCURS                   ; |19| 
     137                    
     138                    
     139 00000028                   .sect   ".text"
     140                            .global _ISRextint6
     141                    
     142                    ;******************************************************************************
     143                    ;* FUNCTION NAME: _ISRextint6                                                 *
     144                    ;*                                                                            *
     145                    ;*   Regs Modified     : A0,A1,A2,A3,A4,A5,A6,A7,A8,A9,B0,B1,B2,B3,B4,B5,B6,  *
     146                    ;*                           B7,B8,B9,SP                                      *
     147                    ;*   Regs Used         : A0,A1,A2,A3,A4,A5,A6,A7,A8,A9,B0,B1,B2,B3,B4,B5,B6,  *
     148                    ;*                           B7,B8,B9,SP                                      *
     149                    ;*   Local Frame Size  : 0 Args + 4 Auto + 84 Save = 88 byte                  *
     150                    ;******************************************************************************
     151 00000028           _ISRextint6:
     152                    ;** --------------------------------------------------------------------------*
     153 00000028 04BED4F6             STW     .D2T2   B9,*SP--(88)      ; |22| 
     154 0000002c 003C62F4             STW     .D2T1   A0,*+SP(12)       ; |22| 
     155 00000030 03BE82F6             STW     .D2T2   B7,*+SP(80)       ; |22| 
     156 00000034 033E62F6             STW     .D2T2   B6,*+SP(76)       ; |22| 
     157 00000038 02BE42F6             STW     .D2T2   B5,*+SP(72)       ; |22| 
     158 0000003c 023E22F6             STW     .D2T2   B4,*+SP(68)       ; |22| 
     159 00000040 01BE02F6             STW     .D2T2   B3,*+SP(64)       ; |22| 
     160 00000044 013DE2F6             STW     .D2T2   B2,*+SP(60)       ; |22| 
     161 00000048 00BDC2F6             STW     .D2T2   B1,*+SP(56)       ; |22| 
     162 0000004c 003DA2F6             STW     .D2T2   B0,*+SP(52)       ; |22| 
     163 00000050 04BD82F4             STW     .D2T1   A9,*+SP(48)       ; |22| 
     164 00000054 043D62F4             STW     .D2T1   A8,*+SP(44)       ; |22| 
     165 00000058 03BD42F4             STW     .D2T1   A7,*+SP(40)       ; |22| 
TMS320C6x COFF Assembler         Version 4.10     Wed May 08 01:12:45 2024
Copyright (c) 1996-2001 Texas Instruments Incorporated
temp\interrupt.asm                                                   PAGE    4

     166 0000005c 033D22F4             STW     .D2T1   A6,*+SP(36)       ; |22| 
     167 00000060 02BD02F4             STW     .D2T1   A5,*+SP(32)       ; |22| 
     168 00000064 023CE2F4             STW     .D2T1   A4,*+SP(28)       ; |22| 
     169 00000068 01BCC2F4             STW     .D2T1   A3,*+SP(24)       ; |22| 
     170 0000006c 013CA2F4             STW     .D2T1   A2,*+SP(20)       ; |22| 
     171                    
     172 00000070 00BC82F5             STW     .D2T1   A1,*+SP(16)       ; |22| 
     173 00000074 00000428  ||         MVKL    .S1     0x2000008,A0      ; |25| 
     174                    
     175 00000078 00010069             MVKH    .S1     0x2000008,A0      ; |25| 
     176 0000007c 043EA2F6  ||         STW     .D2T2   B8,*+SP(84)       ; |22| 
     177                    
     178 00000080 00000264             LDW     .D1T1   *A0,A0            ; |25| 
     179 00000084 00006000             NOP             4
     180 00000088 0001E7A0             AND     .S1     15,A0,A0          ; |25| 
     181 0000008c 00802A58             CMPEQ   .L1     A0,1,A1           ; |25| 
     182 00000090 80005710     [ A1]   B       .S1     L8                ; |25| 
     183 00000094 003C22F4             STW     .D2T1   A0,*+SP(4)        ; |25| 
     184 00000098 83BE82E6     [ A1]   LDW     .D2T2   *+SP(80),B7       ; |59| 
     185 0000009c 833E62E6     [ A1]   LDW     .D2T2   *+SP(76),B6       ; |59| 
     186 000000a0 82BE42E6     [ A1]   LDW     .D2T2   *+SP(72),B5       ; |59| 
     187 000000a4 823E22E6     [ A1]   LDW     .D2T2   *+SP(68),B4       ; |59| 
     188                               ; BRANCH OCCURS                   ; |25| 
     189                    ;** --------------------------------------------------------------------------*
     190 000000a8 023C22E6             LDW     .D2T2   *+SP(4),B4        ; |26| 
     191 000000ac 00004000             NOP             3
     192                    ;** --------------------------------------------------------------------------*
     193                    ;**   BEGIN LOOP L1
     194                    ;** --------------------------------------------------------------------------*
     195 000000b0           L1:    
     196 000000b0 00000000             NOP             1
     197 000000b4 00108A5A             CMPEQ   .L2     B4,4,B0           ; |26| 
     198 000000b8 30002510     [!B0]   B       .S1     L3                ; |26| 
     199                    
     200 000000c0 323C22E7     [!B0]   LDW     .D2T2   *+SP(4),B4        ; |38| 
     201 000000c4 20000A28  || [ B0]   MVKL    .S1     0x2000014,A0      ; |27| 
     202                    
     203 000000c8 20010068     [ B0]   MVKH    .S1     0x2000014,A0      ; |27| 
     204 000000cc 20000264     [ B0]   LDW     .D1T1   *A0,A0            ; |27| 
     205 000000d0 00002000             NOP             2
     206                               ; BRANCH OCCURS                   ; |26| 
     207                    ;** --------------------------------------------------------------------------*
     208 000000d4 00002000             NOP             2
     209 000000d8 008027A0             AND     .S1     1,A0,A1           ; |27| 
     210 000000dc 90004A10     [!A1]   B       .S1     L7                ; |27| 
     211 000000e0 90000428     [!A1]   MVKL    .S1     0x2000008,A0      ; |58| 
     212 000000e4 90010068     [!A1]   MVKH    .S1     0x2000008,A0      ; |58| 
     213                    
     214 000000e8 820428C3     [ A1]   ZERO    .D2     B4                ; |28| 
     215 000000ec 82803E2B! || [ A1]   MVKL    .S2     _compacket+124,B5 ; |28| 
     216 000000f0 90000264  || [!A1]   LDW     .D1T1   *A0,A0            ; |58| 
     217                    
     218 000000f4 8201006A     [ A1]   MVKH    .S2     0x2000000,B4      ; |28| 
     219                    
     220 000000f8 8280006B!    [ A1]   MVKH    .S2     _compacket+124,B5 ; |28| 
TMS320C6x COFF Assembler         Version 4.10     Wed May 08 01:12:45 2024
Copyright (c) 1996-2001 Texas Instruments Incorporated
temp\interrupt.asm                                                   PAGE    5

     221 000000fc 821002E6  || [ A1]   LDW     .D2T2   *B4,B4            ; |28| 
     222                    
     223                               ; BRANCH OCCURS                   ; |27| 
     224                    ;** --------------------------------------------------------------------------*
     225 00000100 029402E6             LDW     .D2T2   *B5,B5            ; |28| 
     226 00000104 00000000             NOP             1
     227                    ;*----------------------------------------------------------------------------*
     228                    ;*   SOFTWARE PIPELINE INFORMATION
     229                    ;*      Disqualified loop: software pipelining disabled
     230                    ;*----------------------------------------------------------------------------*
     231 00000108           L2:    
     232 00000108 00003E28!            MVKL    .S1     _compacket+124,A0 ; |29| 
     233 0000010c 00000068!            MVKH    .S1     _compacket+124,A0 ; |29| 
     234 00000110 0213180A             EXTU    .S2     B4,24,24,B4       ; |28| 
     235 00000114 021402B6             STB     .D2T2   B4,*B5            ; |28| 
     236 00000118 01800264             LDW     .D1T1   *A0,A3            ; |29| 
     237 0000011c 00000028!            MVKL    .S1     _SendByte,A0      ; |29| 
     238 00000120 00000068!            MVKH    .S1     _SendByte,A0      ; |29| 
     239 00000124 01809C2A'            MVKL    .S2     RL0,B3            ; |29| 
     240 00000128 00001362             B       .S2X    A0                ; |29| 
     241 0000012c 020C0224             LDB     .D1T1   *A3,A4            ; |29| 
     242 00000130 0180006A'            MVKH    .S2     RL0,B3            ; |29| 
     243 00000134 00004000             NOP             3
     244 00000138           RL0:       ; CALL OCCURS                     ; |29| 
     245 00000138 02003E2A!            MVKL    .S2     _compacket+124,B4 ; |30| 
     246 0000013c 0200006A!            MVKH    .S2     _compacket+124,B4 ; |30| 
     247 00000140 021002E6             LDW     .D2T2   *B4,B4            ; |30| 
     248 00000144 000031A8!            MVKL    .S1     _compacket+99,A0  ; |30| 
     249 00000148 00000068!            MVKH    .S1     _compacket+99,A0  ; |30| 
     250 0000014c 00002000             NOP             2
     251 00000150 00901A78             CMPEQ   .L1X    B4,A0,A1          ; |30| 
     252 00000154 92003E2A!    [!A1]   MVKL    .S2     _compacket+124,B4 ; |34| 
     253 00000158 9200006A!    [!A1]   MVKH    .S2     _compacket+124,B4 ; |34| 
     254 0000015c 929002E6     [!A1]   LDW     .D2T2   *B4,B5            ; |34| 
     255 00000160 82003E2A!    [ A1]   MVKL    .S2     _compacket+124,B4 ; |31| 
     256 00000164 80000028!    [ A1]   MVKL    .S1     _compacket,A0     ; |31| 
     257 00000168 8200006A!    [ A1]   MVKH    .S2     _compacket+124,B4 ; |31| 
     258 0000016c 80000068!    [ A1]   MVKH    .S1     _compacket,A0     ; |31| 
     259                    
     260 00000170 02800A2B             MVKL    .S2     0x2000014,B5      ; |36| 
     261 00000174 93142942  || [!A1]   ADD     .D2     1,B5,B6           ; |34| 
     262                    
     263 00000178 931002F6     [!A1]   STW     .D2T2   B6,*B4            ; |34| 
     264                    
     265 00000180 801002F5     [ A1]   STW     .D2T1   A0,*B4            ; |31| 
     266 00000184 0281006A  ||         MVKH    .S2     0x2000014,B5      ; |36| 
     267                    
     268 00000188 021402E6             LDW     .D2T2   *B5,B4            ; |36| 
     269 0000018c 00006000             NOP             4
     270 00000190 001027A2             AND     .S2     1,B4,B0           ; |36| 
     271 00000194 2FFFF110     [ B0]   B       .S1     L2                ; |36| 
     272                    
     273 00000198 220428C3     [ B0]   ZERO    .D2     B4                ; |28| 
     274 0000019c 22803E2A! || [ B0]   MVKL    .S2     _compacket+124,B5 ; |28| 
     275                    
TMS320C6x COFF Assembler         Version 4.10     Wed May 08 01:12:45 2024
Copyright (c) 1996-2001 Texas Instruments Incorporated
temp\interrupt.asm                                                   PAGE    6

     276 000001a0 2201006A     [ B0]   MVKH    .S2     0x2000000,B4      ; |28| 
     277                    
     278 000001a4 2280006B!    [ B0]   MVKH    .S2     _compacket+124,B5 ; |28| 
     279 000001a8 221002E6  || [ B0]   LDW     .D2T2   *B4,B4            ; |28| 
     280                    
     281 000001ac 229402E6     [ B0]   LDW     .D2T2   *B5,B5            ; |28| 
     282 000001b0 00000000             NOP             1
     283                               ; BRANCH OCCURS                   ; |36| 
     284                    ;** --------------------------------------------------------------------------*
     285 000001b4 00002E10             B       .S1     L7                ; |37| 
     286 000001b8 00000428             MVKL    .S1     0x2000008,A0      ; |58| 
     287 000001bc 00010068             MVKH    .S1     0x2000008,A0      ; |58| 
     288 000001c0 00000264             LDW     .D1T1   *A0,A0            ; |58| 
     289 000001c4 00002000             NOP             2
     290                               ; BRANCH OCCURS                   ; |37| 
     291                    ;** --------------------------------------------------------------------------*
     292 000001c8           L3:    
     293 000001c8 00104A5A             CMPEQ   .L2     B4,2,B0           ; |38| 
     294 000001cc 30001090     [!B0]   B       .S1     L4                ; |38| 
     295 000001d0 2200642A!    [ B0]   MVKL    .S2     _respacket+200,B4 ; |39| 
     296 000001d4 00004000             NOP             3
     297 000001d8 323C22E6     [!B0]   LDW     .D2T2   *+SP(4),B4        ; |47| 
     298                               ; BRANCH OCCURS                   ; |38| 
     299                    ;** --------------------------------------------------------------------------*
     300 000001dc 0200006A!            MVKH    .S2     _respacket+200,B4 ; |39| 
     301 000001e0 029002E6             LDW     .D2T2   *B4,B5            ; |39| 
     302 000001e4 00006000             NOP             4
     303 000001e8 00140ADA             CMPGT   .L2     B5,0,B0           ; |39| 
     304                    
     305 000001ec 20006629!    [ B0]   MVKL    .S1     _respacket+204,A0 ; |40| 
     306 000001f0 029429C2  ||         SUB     .D2     B5,1,B5           ; |39| 
     307                    
     308 000001f4 20000069!    [ B0]   MVKH    .S1     _respacket+204,A0 ; |40| 
     309 000001f8 029002F6  ||         STW     .D2T2   B5,*B4            ; |39| 
     310                    
     311 000001fc 21800264     [ B0]   LDW     .D1T1   *A0,A3            ; |40| 
     312 00000200 22000028!    [ B0]   MVKL    .S1     _respacket,A4     ; |40| 
     313 00000204 22000068!    [ B0]   MVKH    .S1     _respacket,A4     ; |40| 
     314 00000208 30000228     [!B0]   MVKL    .S1     0x2000004,A0      ; |43| 
     315 0000020c 3200682A!    [!B0]   MVKL    .S2     _respacket+208,B4 ; |44| 
     316 00000210 228C2940     [ B0]   ADD     .D1     1,A3,A5           ; |40| 
     317 00000214 22800274     [ B0]   STW     .D1T1   A5,*A0            ; |40| 
     318                    
     319 00000218 00002011             B       .S1     L6                ; |46| 
     320 0000021c 200C8A24  || [ B0]   LDB     .D1T1   *+A3[A4],A0       ; |40| 
     321                    
     322 00000220 30010068     [!B0]   MVKH    .S1     0x2000004,A0      ; |43| 
     323 00000224 328000AA     [!B0]   MVK     .S2     1,B5              ; |43| 
     324                    
     325 00000228 328428C3     [!B0]   ZERO    .D2     B5                ; |44| 
     326 0000022c 220840FB  || [ B0]   ZERO    .L2     B4                ; |40| 
     327 00000230 3200006B! || [!B0]   MVKH    .S2     _respacket+208,B4 ; |44| 
     328 00000234 32800276  || [!B0]   STW     .D1T2   B5,*A0            ; |43| 
     329                    
     330 00000238 2201006B     [ B0]   MVKH    .S2     0x2000000,B4      ; |40| 
TMS320C6x COFF Assembler         Version 4.10     Wed May 08 01:12:45 2024
Copyright (c) 1996-2001 Texas Instruments Incorporated
temp\interrupt.asm                                                   PAGE    7

     331 0000023c 329002F6  || [!B0]   STW     .D2T2   B5,*B4            ; |44| 
     332                    
     333 00000240 201002F4     [ B0]   STW     .D2T1   A0,*B4            ; |40| 
     334                               ; BRANCH OCCURS                   ; |46| 
     335                    ;** --------------------------------------------------------------------------*
     336 00000244           L4:    
     337 00000244 00006000             NOP             4
     338 00000248 00118A5A             CMPEQ   .L2     B4,12,B0          ; |47| 
     339 0000024c 30001810     [!B0]   B       .S1     L6                ; |47| 
     340 00000250 00002000             NOP             2
     341 00000254 20000A28     [ B0]   MVKL    .S1     0x2000014,A0      ; |48| 
     342 00000258 20010068     [ B0]   MVKH    .S1     0x2000014,A0      ; |48| 
     343 0000025c 20000264     [ B0]   LDW     .D1T1   *A0,A0            ; |48| 
     344                               ; BRANCH OCCURS                   ; |47| 
     345                    ;** --------------------------------------------------------------------------*
     346 00000260 00006000             NOP             4
     347 00000264 008027A0             AND     .S1     1,A0,A1           ; |48| 
     348 00000268 90001410     [!A1]   B       .S1     L6                ; |48| 
     349 0000026c 00006000             NOP             4
     350 00000270 820008C2     [ A1]   ZERO    .D2     B4                ; |49| 
     351                               ; BRANCH OCCURS                   ; |48| 
     352                    ;*----------------------------------------------------------------------------*
     353                    ;*   SOFTWARE PIPELINE INFORMATION
     354                    ;*      Disqualified loop: software pipelining disabled
     355                    ;*----------------------------------------------------------------------------*
     356 00000274           L5:    
     357                    
     358 00000274 0201006B             MVKH    .S2     0x2000000,B4      ; |49| 
     359 00000278 00003E28! ||         MVKL    .S1     _compacket+124,A0 ; |49| 
     360                    
     361 00000280 021002E7             LDW     .D2T2   *B4,B4            ; |49| 
     362 00000284 00000068! ||         MVKH    .S1     _compacket+124,A0 ; |49| 
     363                    
     364 00000288 01800264             LDW     .D1T1   *A0,A3            ; |49| 
     365 0000028c 00003E28!            MVKL    .S1     _compacket+124,A0 ; |50| 
     366 00000290 00000068!            MVKH    .S1     _compacket+124,A0 ; |50| 
     367 00000294 00000000             NOP             1
     368 00000298 0213180A             EXTU    .S2     B4,24,24,B4       ; |49| 
     369 0000029c 020C0236             STB     .D1T2   B4,*A3            ; |49| 
     370 000002a0 00000264             LDW     .D1T1   *A0,A0            ; |50| 
     371 000002a4 020031AA!            MVKL    .S2     _compacket+99,B4  ; |50| 
     372 000002a8 0200006A!            MVKH    .S2     _compacket+99,B4  ; |50| 
     373 000002ac 00002000             NOP             2
     374 000002b0 00009A7A             CMPEQ   .L2X    A0,B4,B0          ; |50| 
     375 000002b4 30003E28!    [!B0]   MVKL    .S1     _compacket+124,A0 ; |54| 
     376 000002b8 30000068!    [!B0]   MVKH    .S1     _compacket+124,A0 ; |54| 
     377 000002bc 32000940     [!B0]   MV      .D1     A0,A4             ; |54| 
     378 000002c0 30100264     [!B0]   LDW     .D1T1   *A4,A0            ; |54| 
     379 000002c4 20003E28!    [ B0]   MVKL    .S1     _compacket+124,A0 ; |51| 
     380 000002c8 2200002A!    [ B0]   MVKL    .S2     _compacket,B4     ; |51| 
     381 000002cc 20000068!    [ B0]   MVKH    .S1     _compacket+124,A0 ; |51| 
     382 000002d0 2200006A!    [ B0]   MVKH    .S2     _compacket,B4     ; |51| 
     383                    
     384 000002d4 00000A29             MVKL    .S1     0x2000014,A0      ; |56| 
     385 000002d8 31802059  || [!B0]   ADD     .L1     1,A0,A3           ; |54| 
TMS320C6x COFF Assembler         Version 4.10     Wed May 08 01:12:45 2024
Copyright (c) 1996-2001 Texas Instruments Incorporated
temp\interrupt.asm                                                   PAGE    8

     386 000002dc 22000276  || [ B0]   STW     .D1T2   B4,*A0            ; |51| 
     387                    
     388 000002e0 00010069             MVKH    .S1     0x2000014,A0      ; |56| 
     389 000002e4 31900274  || [!B0]   STW     .D1T1   A3,*A4            ; |54| 
     390                    
     391 000002e8 00000264             LDW     .D1T1   *A0,A0            ; |56| 
     392 000002ec 00006000             NOP             4
     393 000002f0 008027A0             AND     .S1     1,A0,A1           ; |56| 
     394 000002f4 8FFFF290     [ A1]   B       .S1     L5                ; |56| 
     395 000002f8 00006000             NOP             4
     396 000002fc 820008C2     [ A1]   ZERO    .D2     B4                ; |49| 
     397                               ; BRANCH OCCURS                   ; |56| 
     398                    ;** --------------------------------------------------------------------------*
     399 00000300           L6:    
     400 00000300 00000428             MVKL    .S1     0x2000008,A0      ; |58| 
     401 00000304 00010068             MVKH    .S1     0x2000008,A0      ; |58| 
     402 00000308 00000264             LDW     .D1T1   *A0,A0            ; |58| 
     403 0000030c 00002000             NOP             2
     404                    ;** --------------------------------------------------------------------------*
     405 00000310           L7:    
     406 00000310 00002000             NOP             2
     407 00000314 0001E7A0             AND     .S1     15,A0,A0          ; |58| 
     408 00000318 00802A58             CMPEQ   .L1     A0,1,A1           ; |58| 
     409 0000031c 9FFFB610     [!A1]   B       .S1     L1                ; |58| 
     410 00000320 003C22F4             STW     .D2T1   A0,*+SP(4)        ; |58| 
     411 00000324 923C22E6     [!A1]   LDW     .D2T2   *+SP(4),B4        ; |26| 
     412 00000328 83BE82E6     [ A1]   LDW     .D2T2   *+SP(80),B7       ; |59| 
     413 0000032c 833E62E6     [ A1]   LDW     .D2T2   *+SP(76),B6       ; |59| 
     414 00000330 82BE42E6     [ A1]   LDW     .D2T2   *+SP(72),B5       ; |59| 
     415                               ; BRANCH OCCURS                   ; |58| 
     416                    ;** --------------------------------------------------------------------------*
     417 00000334 023E22E6             LDW     .D2T2   *+SP(68),B4       ; |59| 
     418                    ;** --------------------------------------------------------------------------*
     419 00000338           L8:    
     420 00000338 01BE02E6             LDW     .D2T2   *+SP(64),B3       ; |59| 
     421 0000033c 013DE2E6             LDW     .D2T2   *+SP(60),B2       ; |59| 
     422 00000340 00BDC2E6             LDW     .D2T2   *+SP(56),B1       ; |59| 
     423 00000344 003DA2E6             LDW     .D2T2   *+SP(52),B0       ; |59| 
     424 00000348 04BD82E4             LDW     .D2T1   *+SP(48),A9       ; |59| 
     425 0000034c 043D62E4             LDW     .D2T1   *+SP(44),A8       ; |59| 
     426 00000350 03BD42E4             LDW     .D2T1   *+SP(40),A7       ; |59| 
     427 00000354 033D22E4             LDW     .D2T1   *+SP(36),A6       ; |59| 
     428 00000358 02BD02E4             LDW     .D2T1   *+SP(32),A5       ; |59| 
     429 0000035c 023CE2E4             LDW     .D2T1   *+SP(28),A4       ; |59| 
     430 00000360 01BCC2E4             LDW     .D2T1   *+SP(24),A3       ; |59| 
     431 00000364 013CA2E4             LDW     .D2T1   *+SP(20),A2       ; |59| 
     432 00000368 00BC82E4             LDW     .D2T1   *+SP(16),A1       ; |59| 
     433 0000036c 003C62E4             LDW     .D2T1   *+SP(12),A0       ; |59| 
     434                    
     435 00000370 001800E3             B       .S2     IRP               ; |59| 
     436 00000374 043EA2E6  ||         LDW     .D2T2   *+SP(84),B8       ; |59| 
     437                    
     438 00000378 04BED2E6             LDW     .D2T2   *++SP(88),B9      ; |59| 
     439 0000037c 00006000             NOP             4
     440                               ; BRANCH OCCURS                   ; |59| 
TMS320C6x COFF Assembler         Version 4.10     Wed May 08 01:12:45 2024
Copyright (c) 1996-2001 Texas Instruments Incorporated
temp\interrupt.asm                                                   PAGE    9

     441                    
     442                    
     443 00000380                   .sect   ".text"
     444                            .global _ISRtimer0
     445                    
     446                    ;******************************************************************************
     447                    ;* FUNCTION NAME: _ISRtimer0                                                  *
     448                    ;*                                                                            *
     449                    ;*   Regs Modified     : A0,A1,A2,A3,A4,A5,A6,A7,A8,A9,B0,B1,B2,B3,B4,B5,B6,  *
     450                    ;*                           B7,B8,B9,SP                                      *
     451                    ;*   Regs Used         : A0,A1,A2,A3,A4,A5,A6,A7,A8,A9,B0,B1,B2,B3,B4,B5,B6,  *
     452                    ;*                           B7,B8,B9,SP                                      *
     453                    ;*   Local Frame Size  : 0 Args + 16 Auto + 84 Save = 100 byte                *
     454                    ;******************************************************************************
     455 00000380           _ISRtimer0:
     456                    ;** --------------------------------------------------------------------------*
     457 00000380 04BF54F6             STW     .D2T2   B9,*SP--(104)     ; |64| 
     458 00000384 02BEC2F6             STW     .D2T2   B5,*+SP(88)       ; |64| 
     459 00000388 023EA2F6             STW     .D2T2   B4,*+SP(84)       ; |64| 
     460 0000038c 003CE2F4             STW     .D2T1   A0,*+SP(28)       ; |64| 
     461 00000390 01BD42F4             STW     .D2T1   A3,*+SP(40)       ; |64| 
     462 00000394 023D62F4             STW     .D2T1   A4,*+SP(44)       ; |64| 
     463 00000398 02BD82F4             STW     .D2T1   A5,*+SP(48)       ; |64| 
     464 0000039c 033DA2F4             STW     .D2T1   A6,*+SP(52)       ; |64| 
     465 000003a0 03BDC2F4             STW     .D2T1   A7,*+SP(56)       ; |64| 
     466 000003a4 043DE2F4             STW     .D2T1   A8,*+SP(60)       ; |64| 
     467 000003a8 04BE02F4             STW     .D2T1   A9,*+SP(64)       ; |64| 
     468 000003ac 003E22F6             STW     .D2T2   B0,*+SP(68)       ; |64| 
     469 000003b0 00BE42F6             STW     .D2T2   B1,*+SP(72)       ; |64| 
     470 000003b4 013E62F6             STW     .D2T2   B2,*+SP(76)       ; |64| 
     471 000003b8 01BE82F6             STW     .D2T2   B3,*+SP(80)       ; |64| 
     472 000003bc 033EE2F6             STW     .D2T2   B6,*+SP(92)       ; |64| 
     473 000003c0 03BF02F6             STW     .D2T2   B7,*+SP(96)       ; |64| 
     474                    
     475 000003c4 043F22F7             STW     .D2T2   B8,*+SP(100)      ; |64| 
     476 000003c8 0280002A- ||         MVKL    .S2     _TFlag,B5         ; |70| 
     477                    
     478 000003cc 0200022B-            MVKL    .S2     _cnt$1,B4         ; |74| 
     479 000003d0 013D22F4  ||         STW     .D2T1   A2,*+SP(36)       ; |64| 
     480                    
     481 000003d4 0280006B-            MVKH    .S2     _TFlag,B5         ; |70| 
     482 000003d8 000000A9  ||         MVK     .S1     1,A0              ; |70| 
     483 000003dc 00BD02F4  ||         STW     .D2T1   A1,*+SP(32)       ; |64| 
     484                    
     485 000003e0 001402F5             STW     .D2T1   A0,*B5            ; |70| 
     486 000003e4 0200006A- ||         MVKH    .S2     _cnt$1,B4         ; |74| 
     487                    
     488 000003e8 021002E6             LDW     .D2T2   *B4,B4            ; |74| 
     489 000003ec 005ADE28             MVKL    .S1     0x3aa4b5bc,A0     ; |74| 
     490 000003f0 01820E2A'            MVKL    .S2     RL2,B3            ; |74| 
     491 000003f4 0180006A'            MVKH    .S2     RL2,B3            ; |74| 
     492 000003f8 00000000             NOP             1
     493                    
     494 00000400 0200002B!            MVKL    .S2     _sinf,B4          ; |74| 
     495 00000404 0290093A  ||         INTSPU  .L2     B4,B5             ; |74| 
TMS320C6x COFF Assembler         Version 4.10     Wed May 08 01:12:45 2024
Copyright (c) 1996-2001 Texas Instruments Incorporated
temp\interrupt.asm                                                   PAGE   10

     496                    
     497 00000408 0200006A!            MVKH    .S2     _sinf,B4          ; |74| 
     498 0000040c 00100362             B       .S2     B4                ; |74| 
     499 00000410 001D5268             MVKH    .S1     0x3aa4b5bc,A0     ; |74| 
     500 00000414 02141E00             MPYSP   .M1X    B5,A0,A4          ; |74| 
     501 00000418 00004000             NOP             3
     502 0000041c           RL2:       ; CALL OCCURS                     ; |74| 
     503 0000041c 0200042A-            MVKL    .S2     _mmag$2,B4        ; |74| 
     504 00000420 0200006A-            MVKH    .S2     _mmag$2,B4        ; |74| 
     505 00000424 021002E6             LDW     .D2T2   *B4,B4            ; |74| 
     506 00000428 00000028!            MVKL    .S1     _cosf,A0          ; |75| 
     507 0000042c 01F195A8             MVKL    .S1     0x3b4de32b,A3     ; |75| 
     508 00000430 0182362A'            MVKL    .S2     RL4,B3            ; |75| 
     509 00000434 0180006A'            MVKH    .S2     RL4,B3            ; |75| 
     510 00000438 02909E02             MPYSP   .M2X    A4,B4,B5          ; |74| 
     511 0000043c 0200022A-            MVKL    .S2     _cnt$1,B4         ; |75| 
     512 00000440 0200006A-            MVKH    .S2     _cnt$1,B4         ; |75| 
     513 00000444 00000068!            MVKH    .S1     _cosf,A0          ; |75| 
     514 00000448 02BC22F6             STW     .D2T2   B5,*+SP(4)        ; |74| 
     515 0000044c 021002E6             LDW     .D2T2   *B4,B4            ; |75| 
     516 00000450 00006000             NOP             4
     517 00000454 0210093A             INTSPU  .L2     B4,B4             ; |75| 
     518 00000458 019DA6E8             MVKH    .S1     0x3b4de32b,A3     ; |75| 
     519 0000045c 00001362             B       .S2X    A0                ; |75| 
     520 00000460 00000000             NOP             1
     521 00000464 02107E00             MPYSP   .M1X    B4,A3,A4          ; |75| 
     522 00000468 00004000             NOP             3
     523 0000046c           RL4:       ; CALL OCCURS                     ; |75| 
     524 0000046c 0200042A-            MVKL    .S2     _mmag$2,B4        ; |75| 
     525 00000470 0200006A-            MVKH    .S2     _mmag$2,B4        ; |75| 
     526 00000474 021002E6             LDW     .D2T2   *B4,B4            ; |75| 
     527 00000478 005ADE28             MVKL    .S1     0x3b24b5bc,A0     ; |76| 
     528 0000047c 0182602A'            MVKL    .S2     RL6,B3            ; |76| 
     529 00000480 0180006A'            MVKH    .S2     RL6,B3            ; |76| 
     530 00000484 00000000             NOP             1
     531 00000488 02909E02             MPYSP   .M2X    A4,B4,B5          ; |75| 
     532 0000048c 0200022A-            MVKL    .S2     _cnt$1,B4         ; |76| 
     533 00000490 0200006A-            MVKH    .S2     _cnt$1,B4         ; |76| 
     534 00000494 001D9268             MVKH    .S1     0x3b24b5bc,A0     ; |76| 
     535 00000498 02BC42F6             STW     .D2T2   B5,*+SP(8)        ; |75| 
     536 0000049c 021002E6             LDW     .D2T2   *B4,B4            ; |76| 
     537 000004a0 00006000             NOP             4
     538                    
     539 000004a4 0200002B!            MVKL    .S2     _sinf,B4          ; |76| 
     540 000004a8 0290093A  ||         INTSPU  .L2     B4,B5             ; |76| 
     541                    
     542 000004ac 0200006A!            MVKH    .S2     _sinf,B4          ; |76| 
     543 000004b0 00100362             B       .S2     B4                ; |76| 
     544 000004b4 00000000             NOP             1
     545 000004b8 02141E00             MPYSP   .M1X    B5,A0,A4          ; |76| 
     546 000004bc 00004000             NOP             3
     547 000004c0           RL6:       ; CALL OCCURS                     ; |76| 
     548 000004c0 0200042A-            MVKL    .S2     _mmag$2,B4        ; |76| 
     549 000004c4 0200006A-            MVKH    .S2     _mmag$2,B4        ; |76| 
     550 000004c8 021002E6             LDW     .D2T2   *B4,B4            ; |76| 
TMS320C6x COFF Assembler         Version 4.10     Wed May 08 01:12:45 2024
Copyright (c) 1996-2001 Texas Instruments Incorporated
temp\interrupt.asm                                                   PAGE   11

     551 000004cc 00000228-            MVKL    .S1     _cnt$1,A0         ; |77| 
     552 000004d0 00000068-            MVKH    .S1     _cnt$1,A0         ; |77| 
     553 000004d4 0182882A'            MVKL    .S2     RL8,B3            ; |77| 
     554 000004d8 0180006A'            MVKH    .S2     RL8,B3            ; |77| 
     555 000004dc 02109E02             MPYSP   .M2X    A4,B4,B4          ; |76| 
     556 000004e0 00004000             NOP             3
     557 000004e4 023C62F6             STW     .D2T2   B4,*+SP(12)       ; |76| 
     558 000004e8 00000264             LDW     .D1T1   *A0,A0            ; |77| 
     559 000004ec 02624B2A             MVKL    .S2     0x3983c496,B4     ; |77| 
     560 000004f0 00004000             NOP             3
     561                    
     562 000004f4 00000029!            MVKL    .S1     _cosf,A0          ; |77| 
     563 000004f8 01800938  ||         INTSPU  .L1     A0,A3             ; |77| 
     564                    
     565 000004fc 00000068!            MVKH    .S1     _cosf,A0          ; |77| 
     566 00000500 00001362             B       .S2X    A0                ; |77| 
     567 00000504 021CC1EA             MVKH    .S2     0x3983c496,B4     ; |77| 
     568 00000508 02107E00             MPYSP   .M1X    A3,B4,A4          ; |77| 
     569 0000050c 00004000             NOP             3
     570 00000510           RL8:       ; CALL OCCURS                     ; |77| 
     571 00000510 0200042A-            MVKL    .S2     _mmag$2,B4        ; |77| 
     572 00000514 0200006A-            MVKH    .S2     _mmag$2,B4        ; |77| 
     573 00000518 021002E6             LDW     .D2T2   *B4,B4            ; |77| 
     574 0000051c 00000228-            MVKL    .S1     _cnt$1,A0         ; |79| 
     575 00000520 00000068-            MVKH    .S1     _cnt$1,A0         ; |79| 
     576 00000524 0280002A!            MVKL    .S2     __remu,B5         ; |80| 
     577 00000528 0280006A!            MVKH    .S2     __remu,B5         ; |80| 
     578 0000052c 02109E02             MPYSP   .M2X    A4,B4,B4          ; |77| 
     579 00000530 0182B42A'            MVKL    .S2     RL10,B3           ; |80| 
     580 00000534 0180006A'            MVKH    .S2     RL10,B3           ; |80| 
     581 00000538 00000000             NOP             1
     582 0000053c 023C82F6             STW     .D2T2   B4,*+SP(16)       ; |77| 
     583 00000540 01800264             LDW     .D1T1   *A0,A3            ; |79| 
     584 00000544 0209C42A             MVK     .S2     0x1388,B4         ; |80| 
     585 00000548 00004000             NOP             3
     586                    
     587 0000054c 01800229-            MVKL    .S1     _cnt$1,A3         ; |80| 
     588 00000550 020C2940  ||         ADD     .D1     1,A3,A4           ; |79| 
     589                    
     590 00000554 00140363             B       .S2     B5                ; |80| 
     591 00000558 02000275  ||         STW     .D1T1   A4,*A0            ; |79| 
     592 0000055c 01800068- ||         MVKH    .S1     _cnt$1,A3         ; |80| 
     593                    
     594 00000560 020C0264             LDW     .D1T1   *A3,A4            ; |80| 
     595 00000564 00006000             NOP             4
     596 00000568           RL10:      ; CALL OCCURS                     ; |80| 
     597 00000568 00900940             MV      .D1     A4,A1             ; |80| 
     598 0000056c 80000C90     [ A1]   B       .S1     L9                ; |80| 
     599 00000570 006B8528             MVKL    .S1     0x3c23d70a,A0     ; |81| 
     600                    
     601 00000574 001E11E9             MVKH    .S1     0x3c23d70a,A0     ; |81| 
     602 00000578 0200042A- ||         MVKL    .S2     _mmag$2,B4        ; |82| 
     603                    
     604 00000580 0200006B-            MVKH    .S2     _mmag$2,B4        ; |82| 
     605 00000584 028428C3  ||         ZERO    .D2     B5                ; |82| 
TMS320C6x COFF Assembler         Version 4.10     Wed May 08 01:12:45 2024
Copyright (c) 1996-2001 Texas Instruments Incorporated
temp\interrupt.asm                                                   PAGE   12

     606 00000588 01800428- ||         MVKL    .S1     _mmag$2,A3        ; |81| 
     607                    
     608 0000058c 02A0006B             MVKH    .S2     0x40000000,B5     ; |82| 
     609 00000590 01800068- ||         MVKH    .S1     _mmag$2,A3        ; |81| 
     610                    
     611 00000594 920C0264     [!A1]   LDW     .D1T1   *A3,A4            ; |81| 
     612                               ; BRANCH OCCURS                   ; |80| 
     613                    ;** --------------------------------------------------------------------------*
     614 00000598 00006000             NOP             4
     615 0000059c 00100218             ADDSP   .L1     A0,A4,A0          ; |81| 
     616 000005a0 00004000             NOP             3
     617 000005a4 000C0274             STW     .D1T1   A0,*A3            ; |81| 
     618 000005a8 031002E6             LDW     .D2T2   *B4,B6            ; |82| 
     619 000005ac 0200042A-            MVKL    .S2     _mmag$2,B4        ; |83| 
     620 000005b0 0200006A-            MVKH    .S2     _mmag$2,B4        ; |83| 
     621 000005b4 006666A8             MVKL    .S1     0x3e4ccccd,A0     ; |83| 
     622 000005b8 001F2668             MVKH    .S1     0x3e4ccccd,A0     ; |83| 
     623 000005bc 0014CE62             CMPGTSP .S2     B6,B5,B0          ; |82| 
     624 000005c0 201002F4     [ B0]   STW     .D2T1   A0,*B4            ; |83| 
     625                    ;** --------------------------------------------------------------------------*
     626 000005c4           L9:    
     627                    
     628 000005c4 033C62E5             LDW     .D2T1   *+SP(12),A6       ; |87| 
     629 000005c8 00000028! ||         MVKL    .S1     _UMAddData,A0     ; |87| 
     630                    
     631 000005cc 033C82E7             LDW     .D2T2   *+SP(16),B6       ; |87| 
     632 000005d0 00000068! ||         MVKH    .S1     _UMAddData,A0     ; |87| 
     633                    
     634 000005d4 00001363             B       .S2X    A0                ; |87| 
     635 000005d8 023C42E6  ||         LDW     .D2T2   *+SP(8),B4        ; |87| 
     636                    
     637 000005dc 023C22E4             LDW     .D2T1   *+SP(4),A4        ; |87| 
     638 000005e0 0182F62A'            MVKL    .S2     RL12,B3           ; |87| 
     639 000005e4 0180006A'            MVKH    .S2     RL12,B3           ; |87| 
     640 000005e8 00002000             NOP             2
     641 000005ec           RL12:      ; CALL OCCURS                     ; |87| 
     642 000005ec 043F22E6             LDW     .D2T2   *+SP(100),B8      ; |88| 
     643 000005f0 03BF02E6             LDW     .D2T2   *+SP(96),B7       ; |88| 
     644 000005f4 02BEC2E6             LDW     .D2T2   *+SP(88),B5       ; |88| 
     645 000005f8 013E62E6             LDW     .D2T2   *+SP(76),B2       ; |88| 
     646 000005fc 00BE42E6             LDW     .D2T2   *+SP(72),B1       ; |88| 
     647 00000600 003E22E6             LDW     .D2T2   *+SP(68),B0       ; |88| 
     648 00000604 04BE02E4             LDW     .D2T1   *+SP(64),A9       ; |88| 
     649 00000608 043DE2E4             LDW     .D2T1   *+SP(60),A8       ; |88| 
     650 0000060c 03BDC2E4             LDW     .D2T1   *+SP(56),A7       ; |88| 
     651 00000610 02BD82E4             LDW     .D2T1   *+SP(48),A5       ; |88| 
     652 00000614 01BD42E4             LDW     .D2T1   *+SP(40),A3       ; |88| 
     653 00000618 013D22E4             LDW     .D2T1   *+SP(36),A2       ; |88| 
     654 0000061c 00BD02E4             LDW     .D2T1   *+SP(32),A1       ; |88| 
     655 00000620 003CE2E4             LDW     .D2T1   *+SP(28),A0       ; |88| 
     656 00000624 01BE82E6             LDW     .D2T2   *+SP(80),B3       ; |88| 
     657 00000628 023EA2E6             LDW     .D2T2   *+SP(84),B4       ; |88| 
     658 0000062c 033DA2E4             LDW     .D2T1   *+SP(52),A6       ; |88| 
     659 00000630 023D62E4             LDW     .D2T1   *+SP(44),A4       ; |88| 
     660                    
TMS320C6x COFF Assembler         Version 4.10     Wed May 08 01:12:45 2024
Copyright (c) 1996-2001 Texas Instruments Incorporated
temp\interrupt.asm                                                   PAGE   13

     661 00000634 033EE2E7             LDW     .D2T2   *+SP(92),B6       ; |88| 
     662 00000638 001800E2  ||         B       .S2     IRP               ; |88| 
     663                    
     664 0000063c 04BF52E6             LDW     .D2T2   *++SP(104),B9     ; |88| 
     665 00000640 00006000             NOP             4
     666                               ; BRANCH OCCURS                   ; |88| 
     667                    
     668                    
     669                    ;******************************************************************************
     670                    ;* UNDEFINED EXTERNAL REFERENCES                                              *
     671                    ;******************************************************************************
     672                            .global _sinf
     673                            .global _cosf
     674                            .global _SendByte
     675                            .global _UMAddData
     676                            .global _compacket
     677                            .global _respacket
     678                            .global __remu

No Assembly Errors, No Assembly Warnings
