******************************************************************************
          TMS320C6x COFF Linker PC Version 4.10                
******************************************************************************
>> Linked Wed May 08 01:13:19 2024

OUTPUT FILE NAME:   <ram_main.out>
ENTRY POINT SYMBOL: "_c_int00"  address: 000074a0


MEMORY CONFIGURATION

                  name            origin    length      used    attr    fill
         ----------------------  --------  ---------  --------  ----  --------
         VECT                    00000000   00000200  00000200  RWIX
         IPRAM                   00000200   0000fe00  000076c0  RWIX
         EXRAM                   00400000   00040000  0000800c  RWIX
         CE1VECS                 01400000   00000200  00000000  RWIX
         CE1MEM                  01400200   0000fe00  00000000  RWIX
         IOCE2                   02000000   00010000  00000000  RWIX
         IDRAM                   80000000   00010000  000026fc  RWIX


SECTION ALLOCATION MAP

 output                                  attributes/
section   page    origin      length       input sections
--------  ----  ----------  ----------   ----------------
.vector    0    00000000    00000200     
                  00000000    00000200     initvec.obj (.vector)

.text      0    00000200    000076c0     
                  00000200    000029a0     rts6701.lib : _printfi.obj (.text)
                  00002ba0    00000000     initvec.obj (.text)
                  00002ba0    00000000     rts6701.lib : ctype.obj (.text)
                  00002ba0    00000000                 : errno.obj (.text)
                  00002ba0    00000000                 : sysmem.obj (.text)
                  00002ba0    00000fc0                 : memory.obj (.text)
                  00003b60    00000740     main.obj (.text)
                  000042a0    00000660     interrupt.obj (.text)
                  00004900    00000480     serial.obj (.text)
                  00004d80    00000460     rts6701.lib : imath40.obj (.text)
                  000051e0    00000420                 : ecvt.obj (.text)
                  00005600    000003e0                 : fcvt.obj (.text)
                  000059e0    00000300                 : cosf.obj (.text)
                  00005ce0    000002e0                 : frcdivd.obj (.text)
                  00005fc0    000002a0                 : memcpy.obj (.text)
                  00006260    000002a0                 : sinf.obj (.text)
                  00006500    00000240                 : exit.obj (.text)
                  00006740    00000220                 : divd.obj (.text)
                  00006960    000001c0                 : sprintf.obj (.text)
                  00006b20    000001c0     USBMon.obj (.text)
                  00006ce0    00000180     rts6701.lib : roundf.obj (.text)
                  00006e60    00000140                 : atoi.obj (.text)
                  00006fa0    00000140                 : ldexpf.obj (.text)
                  000070e0    00000140                 : ltoa.obj (.text)
                  00007220    00000100                 : autoinit.obj (.text)
                  00007320    000000c0                 : divu.obj (.text)
                  000073e0    000000c0                 : fixdli.obj (.text)
                  000074a0    000000a0                 : boot.obj (.text)
                  00007540    000000a0                 : remu.obj (.text)
                  000075e0    000000a0                 : remi.obj (.text)
                  00007680    00000080                 : modff.obj (.text)
                  00007700    00000080                 : strcpy.obj (.text)
                  00007780    00000060                 : memccpy.obj (.text)
                  000077e0    00000060                 : strlen.obj (.text)
                  00007840    00000040                 : _lock.obj (.text)
                  00007880    00000040                 : truncf.obj (.text)

.cinit     0    80000000    000000f4     
                  80000000    0000002c     rts6701.lib : exit.obj (.cinit)
                  8000002c    00000004     --HOLE-- [fill = 00000000]
                  80000030    0000002c     interrupt.obj (.cinit)
                  8000005c    00000004     --HOLE-- [fill = 00000000]
                  80000060    0000001c     rts6701.lib : _lock.obj (.cinit)
                  8000007c    00000004     --HOLE-- [fill = 00000000]
                  80000080    0000001c                 : sysmem.obj (.cinit)
                  8000009c    00000004     --HOLE-- [fill = 00000000]
                  800000a0    00000018                 : cosf.obj (.cinit)
                  800000b8    00000018                 : sinf.obj (.cinit)
                  800000d0    0000000c                 : errno.obj (.cinit)
                  800000dc    00000004     --HOLE-- [fill = 00000000]
                  800000e0    0000000c                 : memory.obj (.cinit)
                  800000ec    00000008     --HOLE-- [fill = 00000000]

.const     0    800000f4    0000015c     
                  800000f4    00000101     rts6701.lib : ctype.obj (.const)
                  800001f5    00000031     main.obj (.const)
                  80000226    0000002a     rts6701.lib : _printfi.obj (.const)

.switch    0    80000000    00000000     UNINITIALIZED

.bss       0    80000000    00000000     UNINITIALIZED
                  80000000    00000000     initvec.obj (.bss)
                  80000000    00000000     rts6701.lib : errno.obj (.bss)
                  80000000    00000000                 : sysmem.obj (.bss)
                  80000000    00000000                 : memory.obj (.bss)
                  80000000    00000000                 : memcpy.obj (.bss)
                  80000000    00000000                 : memccpy.obj (.bss)
                  80000000    00000000                 : ltoa.obj (.bss)
                  80000000    00000000                 : ldexpf.obj (.bss)
                  80000000    00000000                 : imath40.obj (.bss)
                  80000000    00000000                 : fixdli.obj (.bss)
                  80000000    00000000                 : fcvt.obj (.bss)
                  80000000    00000000                 : ecvt.obj (.bss)
                  80000000    00000000                 : divu.obj (.bss)
                  80000000    00000000                 : autoinit.obj (.bss)
                  80000000    00000000                 : _printfi.obj (.bss)
                  80000000    00000000                 : _lock.obj (.bss)
                  80000000    00000000                 : truncf.obj (.bss)
                  80000000    00000000                 : strlen.obj (.bss)
                  80000000    00000000                 : strcpy.obj (.bss)
                  80000000    00000000                 : sprintf.obj (.bss)
                  80000000    00000000                 : sinf.obj (.bss)
                  80000000    00000000                 : roundf.obj (.bss)
                  80000000    00000000                 : remu.obj (.bss)
                  80000000    00000000                 : remi.obj (.bss)
                  80000000    00000000                 : modff.obj (.bss)
                  80000000    00000000                 : frcdivd.obj (.bss)
                  80000000    00000000                 : exit.obj (.bss)
                  80000000    00000000                 : divd.obj (.bss)
                  80000000    00000000                 : ctype.obj (.bss)
                  80000000    00000000                 : cosf.obj (.bss)
                  80000000    00000000                 : boot.obj (.bss)
                  80000000    00000000                 : atoi.obj (.bss)
                  80000000    00000000     USBMon.obj (.bss)
                  80000000    00000000     serial.obj (.bss)
                  80000000    00000000     interrupt.obj (.bss)
                  80000000    00000000     main.obj (.bss)

.cio       0    80000000    00000000     UNINITIALIZED

.data      0    80000000    00000000     UNINITIALIZED
                  80000000    00000000     initvec.obj (.data)
                  80000000    00000000     rts6701.lib : errno.obj (.data)
                  80000000    00000000                 : sysmem.obj (.data)
                  80000000    00000000                 : memory.obj (.data)
                  80000000    00000000                 : memcpy.obj (.data)
                  80000000    00000000                 : memccpy.obj (.data)
                  80000000    00000000                 : ltoa.obj (.data)
                  80000000    00000000                 : ldexpf.obj (.data)
                  80000000    00000000                 : imath40.obj (.data)
                  80000000    00000000                 : fixdli.obj (.data)
                  80000000    00000000                 : fcvt.obj (.data)
                  80000000    00000000                 : ecvt.obj (.data)
                  80000000    00000000                 : divu.obj (.data)
                  80000000    00000000                 : autoinit.obj (.data)
                  80000000    00000000                 : _printfi.obj (.data)
                  80000000    00000000                 : _lock.obj (.data)
                  80000000    00000000                 : truncf.obj (.data)
                  80000000    00000000                 : strlen.obj (.data)
                  80000000    00000000                 : strcpy.obj (.data)
                  80000000    00000000                 : sprintf.obj (.data)
                  80000000    00000000                 : sinf.obj (.data)
                  80000000    00000000                 : roundf.obj (.data)
                  80000000    00000000                 : remu.obj (.data)
                  80000000    00000000                 : remi.obj (.data)
                  80000000    00000000                 : modff.obj (.data)
                  80000000    00000000                 : frcdivd.obj (.data)
                  80000000    00000000                 : exit.obj (.data)
                  80000000    00000000                 : divd.obj (.data)
                  80000000    00000000                 : ctype.obj (.data)
                  80000000    00000000                 : cosf.obj (.data)
                  80000000    00000000                 : boot.obj (.data)
                  80000000    00000000                 : atoi.obj (.data)
                  80000000    00000000     USBMon.obj (.data)
                  80000000    00000000     serial.obj (.data)
                  80000000    00000000     interrupt.obj (.data)
                  80000000    00000000     main.obj (.data)

.far       0    80000250    000004ac     UNINITIALIZED
                  80000250    00000288     serial.obj (.far)
                  800004d8    0000008c     rts6701.lib : exit.obj (.far)
                  80000564    00000080                 : _printfi.obj (.far)
                  800005e4    00000064                 : ecvt.obj (.far)
                  80000648    00000064                 : fcvt.obj (.far)
                  800006ac    00000010                 : sinf.obj (.far)
                  800006bc    00000010                 : cosf.obj (.far)
                  800006cc    0000000c     interrupt.obj (.far)
                  800006d8    0000000c     main.obj (.far)
                  800006e4    00000008     rts6701.lib : memory.obj (.far)
                  800006ec    00000008                 : _lock.obj (.far)
                  800006f4    00000004                 : errno.obj (.far)
                  800006f8    00000004                 : sprintf.obj (.far)

.stack     0    80000700    00001000     UNINITIALIZED
                  80000700    00000000     rts6701.lib : boot.obj (.stack)

.sysmem    0    80001700    00001000     UNINITIALIZED
                  80001700    00000000     rts6701.lib : sysmem.obj (.sysmem)

.USBMON    0    00400000    0000800c     UNINITIALIZED
                  00400000    0000800c     USBMon.obj (.USBMON)


GLOBAL SYMBOLS: SORTED ALPHABETICALLY BY Name 

address    name
--------   ----
80000000   $bss
80000000   .bss
80000000   .data
00000200   .text
00006728   C$$EXIT
00003e50   _BLDCDrive
00004a90   _CheckSum
00003bf8   _GIE
000042c0   _ISRNMI
000042a0   _ISRextint4
000042a8   _ISRextint5
000042c8   _ISRextint6
00004620   _ISRtimer0
00003b60   _InitEXINTF
00003be0   _InitINT
00003ba0   _InitTimer
00004900   _InitUART
00006b20   _InitUSBMon
800006d8   _PWMD
800006dc   _PWMH
800006e0   _PWML
00003d9c   _PWMOut
00004a0c   _ReceiveByte
00004c1c   _Report
00004a28   _SendByte
00004b84   _SendData
800006cc   _TFlag
00006b5c   _UMAddData
00400000   _USBMonStuff
00003cc4   _WaitTFlag
00003d18   _WaitTFlagCnt
00001000   __STACK_SIZE
00001000   __SYSMEM_SIZE
80000000   ___bss__
80000000   ___cinit__
80000000   ___data__
80000000   ___edata__
80000000   ___end__
000078c0   ___etext__
ffffffff   ___pinit__
00000200   ___text__
00007220   __auto_init
8000055c   __cleanup_ptr
800000f4   __ctypes_
00006740   __divd
00005118   __divli
00007320   __divu
00004e18   __divul
80000560   __dtors_ptr
000073e0   __fixdli
00005ce0   __frcdivd
800006ec   __lock
800006e4   __memory_size
00007840   __nop
00000200   __printfi
00007848   __register_lock
0000785c   __register_unlock
000075e0   __remi
00005078   __remli
00007540   __remu
00004d80   __remul
00006ce0   __roundf
80000700   __stack
80001700   __sys_memory
00007880   __truncf
800006f0   __unlock
00006728   _abort
00006650   _atexit
00006e60   _atoi
000074a0   _c_int00
000042b0   _c_int08
000042b8   _c_int09
00002f44   _calloc
80000250   _compacket
000059e0   _cosf
00003c64   _delay_ms
00003c0c   _delay_us
000051e0   _ecvt
800006f4   _errno
00006500   _exit
00005600   _fcvt
000033c8   _free
00006fa0   _ldexpf
000070e0   _ltoa
00003f4c   _main
00002d7c   _malloc
00003790   _memalign
00007780   _memccpy
00005fc0   _memcpy
00002d14   _minit
00007680   _modff
00002fec   _realloc
8000033c   _respacket
00006260   _sinf
00006960   _sprintf
00007700   _strcpy
000077e0   _strlen
80000410   _tmp_string
80000000   cinit
80000000   edata
80000000   end
000078c0   etext
ffffffff   pinit


GLOBAL SYMBOLS: SORTED BY Symbol Address 

address    name
--------   ----
00000200   .text
00000200   __printfi
00000200   ___text__
00001000   __STACK_SIZE
00001000   __SYSMEM_SIZE
00002d14   _minit
00002d7c   _malloc
00002f44   _calloc
00002fec   _realloc
000033c8   _free
00003790   _memalign
00003b60   _InitEXINTF
00003ba0   _InitTimer
00003be0   _InitINT
00003bf8   _GIE
00003c0c   _delay_us
00003c64   _delay_ms
00003cc4   _WaitTFlag
00003d18   _WaitTFlagCnt
00003d9c   _PWMOut
00003e50   _BLDCDrive
00003f4c   _main
000042a0   _ISRextint4
000042a8   _ISRextint5
000042b0   _c_int08
000042b8   _c_int09
000042c0   _ISRNMI
000042c8   _ISRextint6
00004620   _ISRtimer0
00004900   _InitUART
00004a0c   _ReceiveByte
00004a28   _SendByte
00004a90   _CheckSum
00004b84   _SendData
00004c1c   _Report
00004d80   __remul
00004e18   __divul
00005078   __remli
00005118   __divli
000051e0   _ecvt
00005600   _fcvt
000059e0   _cosf
00005ce0   __frcdivd
00005fc0   _memcpy
00006260   _sinf
00006500   _exit
00006650   _atexit
00006728   C$$EXIT
00006728   _abort
00006740   __divd
00006960   _sprintf
00006b20   _InitUSBMon
00006b5c   _UMAddData
00006ce0   __roundf
00006e60   _atoi
00006fa0   _ldexpf
000070e0   _ltoa
00007220   __auto_init
00007320   __divu
000073e0   __fixdli
000074a0   _c_int00
00007540   __remu
000075e0   __remi
00007680   _modff
00007700   _strcpy
00007780   _memccpy
000077e0   _strlen
00007840   __nop
00007848   __register_lock
0000785c   __register_unlock
00007880   __truncf
000078c0   etext
000078c0   ___etext__
00400000   _USBMonStuff
80000000   .data
80000000   .bss
80000000   ___edata__
80000000   end
80000000   $bss
80000000   ___cinit__
80000000   ___bss__
80000000   ___data__
80000000   edata
80000000   cinit
80000000   ___end__
800000f4   __ctypes_
80000250   _compacket
8000033c   _respacket
80000410   _tmp_string
8000055c   __cleanup_ptr
80000560   __dtors_ptr
800006cc   _TFlag
800006d8   _PWMD
800006dc   _PWMH
800006e0   _PWML
800006e4   __memory_size
800006ec   __lock
800006f0   __unlock
800006f4   _errno
80000700   __stack
80001700   __sys_memory
ffffffff   pinit
ffffffff   ___pinit__

[103 symbols]
