******************************************************************************
          TMS320C6x COFF Linker PC Version 4.10                
******************************************************************************
>> Linked Mon May 13 23:01:11 2024

OUTPUT FILE NAME:   <ram_main.out>
ENTRY POINT SYMBOL: "_c_int00"  address: 00006e40


MEMORY CONFIGURATION

                  name            origin    length      used    attr    fill
         ----------------------  --------  ---------  --------  ----  --------
         VECT                    00000000   00000200  00000200  RWIX
         IPRAM                   00000200   0000fe00  00006e60  RWIX
         EXRAM                   00400000   00040000  0000800c  RWIX
         CE1VECS                 01400000   00000200  00000000  RWIX
         CE1MEM                  01400200   0000fe00  00000000  RWIX
         IOCE2                   02000000   00010000  00000000  RWIX
         IDRAM                   80000000   00010000  000026e4  RWIX


SECTION ALLOCATION MAP

 output                                  attributes/
section   page    origin      length       input sections
--------  ----  ----------  ----------   ----------------
.vector    0    00000000    00000200     
                  00000000    00000200     initvec.obj (.vector)

.text      0    00000200    00006e60     
                  00000200    000029a0     rts6701.lib : _printfi.obj (.text)
                  00002ba0    00000000                 : ctype.obj (.text)
                  00002ba0    00000000     initvec.obj (.text)
                  00002ba0    00000000     rts6701.lib : sysmem.obj (.text)
                  00002ba0    00000fc0                 : memory.obj (.text)
                  00003b60    000009c0     main.obj (.text)
                  00004520    00000540     interrupt.obj (.text)
                  00004a60    00000480     serial.obj (.text)
                  00004ee0    00000460     rts6701.lib : imath40.obj (.text)
                  00005340    00000420                 : ecvt.obj (.text)
                  00005760    000003e0                 : fcvt.obj (.text)
                  00005b40    000002e0                 : frcdivd.obj (.text)
                  00005e20    000002a0                 : memcpy.obj (.text)
                  000060c0    00000240                 : exit.obj (.text)
                  00006300    00000220                 : divd.obj (.text)
                  00006520    000001c0                 : sprintf.obj (.text)
                  000066e0    000001c0     USBMon.obj (.text)
                  000068a0    00000140     rts6701.lib : atoi.obj (.text)
                  000069e0    00000140                 : ltoa.obj (.text)
                  00006b20    00000100                 : autoinit.obj (.text)
                  00006c20    000000c0                 : divu.obj (.text)
                  00006ce0    000000c0                 : fixdli.obj (.text)
                  00006da0    000000a0                 : remi.obj (.text)
                  00006e40    000000a0                 : boot.obj (.text)
                  00006ee0    00000080                 : strcpy.obj (.text)
                  00006f60    00000060                 : memccpy.obj (.text)
                  00006fc0    00000060                 : strlen.obj (.text)
                  00007020    00000040                 : _lock.obj (.text)

.cinit     0    80000000    000000d4     
                  80000000    0000002c     rts6701.lib : exit.obj (.cinit)
                  8000002c    00000004     --HOLE-- [fill = 00000000]
                  80000030    0000002c     interrupt.obj (.cinit)
                  8000005c    00000004     --HOLE-- [fill = 00000000]
                  80000060    0000001c     rts6701.lib : sysmem.obj (.cinit)
                  8000007c    00000004     --HOLE-- [fill = 00000000]
                  80000080    0000001c                 : _lock.obj (.cinit)
                  8000009c    00000004     --HOLE-- [fill = 00000000]
                  800000a0    0000001c     main.obj (.cinit)
                  800000bc    00000004     --HOLE-- [fill = 00000000]
                  800000c0    0000000c     rts6701.lib : memory.obj (.cinit)
                  800000cc    00000008     --HOLE-- [fill = 00000000]

.const     0    800000d4    00000170     
                  800000d4    00000101     rts6701.lib : ctype.obj (.const)
                  800001d5    00000045     main.obj (.const)
                  8000021a    0000002a     rts6701.lib : _printfi.obj (.const)

.switch    0    80000000    00000000     UNINITIALIZED

.bss       0    80000000    00000000     UNINITIALIZED
                  80000000    00000000     initvec.obj (.bss)
                  80000000    00000000     rts6701.lib : sysmem.obj (.bss)
                  80000000    00000000                 : memory.obj (.bss)
                  80000000    00000000                 : memcpy.obj (.bss)
                  80000000    00000000                 : memccpy.obj (.bss)
                  80000000    00000000                 : ltoa.obj (.bss)
                  80000000    00000000                 : imath40.obj (.bss)
                  80000000    00000000                 : fixdli.obj (.bss)
                  80000000    00000000                 : fcvt.obj (.bss)
                  80000000    00000000                 : ecvt.obj (.bss)
                  80000000    00000000                 : divu.obj (.bss)
                  80000000    00000000                 : autoinit.obj (.bss)
                  80000000    00000000                 : _printfi.obj (.bss)
                  80000000    00000000                 : _lock.obj (.bss)
                  80000000    00000000                 : strlen.obj (.bss)
                  80000000    00000000                 : strcpy.obj (.bss)
                  80000000    00000000                 : sprintf.obj (.bss)
                  80000000    00000000                 : remi.obj (.bss)
                  80000000    00000000                 : frcdivd.obj (.bss)
                  80000000    00000000                 : exit.obj (.bss)
                  80000000    00000000                 : divd.obj (.bss)
                  80000000    00000000                 : ctype.obj (.bss)
                  80000000    00000000                 : boot.obj (.bss)
                  80000000    00000000                 : atoi.obj (.bss)
                  80000000    00000000     USBMon.obj (.bss)
                  80000000    00000000     serial.obj (.bss)
                  80000000    00000000     interrupt.obj (.bss)
                  80000000    00000000     main.obj (.bss)

.cio       0    80000000    00000000     UNINITIALIZED

.data      0    80000000    00000000     UNINITIALIZED
                  80000000    00000000     initvec.obj (.data)
                  80000000    00000000     rts6701.lib : sysmem.obj (.data)
                  80000000    00000000                 : memory.obj (.data)
                  80000000    00000000                 : memcpy.obj (.data)
                  80000000    00000000                 : memccpy.obj (.data)
                  80000000    00000000                 : ltoa.obj (.data)
                  80000000    00000000                 : imath40.obj (.data)
                  80000000    00000000                 : fixdli.obj (.data)
                  80000000    00000000                 : fcvt.obj (.data)
                  80000000    00000000                 : ecvt.obj (.data)
                  80000000    00000000                 : divu.obj (.data)
                  80000000    00000000                 : autoinit.obj (.data)
                  80000000    00000000                 : _printfi.obj (.data)
                  80000000    00000000                 : _lock.obj (.data)
                  80000000    00000000                 : strlen.obj (.data)
                  80000000    00000000                 : strcpy.obj (.data)
                  80000000    00000000                 : sprintf.obj (.data)
                  80000000    00000000                 : remi.obj (.data)
                  80000000    00000000                 : frcdivd.obj (.data)
                  80000000    00000000                 : exit.obj (.data)
                  80000000    00000000                 : divd.obj (.data)
                  80000000    00000000                 : ctype.obj (.data)
                  80000000    00000000                 : boot.obj (.data)
                  80000000    00000000                 : atoi.obj (.data)
                  80000000    00000000     USBMon.obj (.data)
                  80000000    00000000     serial.obj (.data)
                  80000000    00000000     interrupt.obj (.data)
                  80000000    00000000     main.obj (.data)

.far       0    80000244    000004a0     UNINITIALIZED
                  80000244    00000288     serial.obj (.far)
                  800004cc    0000008c     rts6701.lib : exit.obj (.far)
                  80000558    00000080                 : _printfi.obj (.far)
                  800005d8    00000064                 : ecvt.obj (.far)
                  8000063c    00000064                 : fcvt.obj (.far)
                  800006a0    00000020     main.obj (.far)
                  800006c0    00000010     interrupt.obj (.far)
                  800006d0    00000008     rts6701.lib : memory.obj (.far)
                  800006d8    00000008                 : _lock.obj (.far)
                  800006e0    00000004                 : sprintf.obj (.far)

.stack     0    800006e8    00001000     UNINITIALIZED
                  800006e8    00000000     rts6701.lib : boot.obj (.stack)

.sysmem    0    800016e8    00001000     UNINITIALIZED
                  800016e8    00000000     rts6701.lib : sysmem.obj (.sysmem)

.USBMON    0    00400000    0000800c     UNINITIALIZED
                  00400000    0000800c     USBMon.obj (.USBMON)


GLOBAL SYMBOLS: SORTED ALPHABETICALLY BY Name 

address    name
--------   ----
80000000   $bss
80000000   .bss
80000000   .data
00000200   .text
000062e8   C$$EXIT
00003ef4   _BLDCDrive
00004bf0   _CheckSum
00003bf8   _GIE
00004540   _ISRNMI
00004520   _ISRextint4
00004528   _ISRextint5
00004548   _ISRextint6
000048a0   _ISRtimer0
00003b60   _InitEXINTF
00003be0   _InitINT
00003ba0   _InitTimer
00004a60   _InitUART
000066e0   _InitUSBMon
800006a0   _PWMD
800006a4   _PWMH
800006a8   _PWML
00003d9c   _PWMOut
00004b6c   _ReceiveByte
00004d7c   _Report
00004b88   _SendByte
00004ce4   _SendData
800006c0   _TFlag
0000671c   _UMAddData
00400000   _USBMonStuff
00003cc4   _WaitTFlag
00003d18   _WaitTFlagCnt
00001000   __STACK_SIZE
00001000   __SYSMEM_SIZE
80000000   ___bss__
80000000   ___cinit__
80000000   ___data__
80000000   ___edata__
80000000   ___end__
00007060   ___etext__
ffffffff   ___pinit__
00000200   ___text__
00006b20   __auto_init
80000550   __cleanup_ptr
800000d4   __ctypes_
00006300   __divd
00005278   __divli
00006c20   __divu
00004f78   __divul
80000554   __dtors_ptr
00006ce0   __fixdli
00005b40   __frcdivd
800006d8   __lock
800006d0   __memory_size
00007020   __nop
00000200   __printfi
00007028   __register_lock
0000703c   __register_unlock
00006da0   __remi
000051d8   __remli
00004ee0   __remul
800006e8   __stack
800016e8   __sys_memory
800006dc   __unlock
000062e8   _abort
00003e88   _angleFromHallCount
00006210   _atexit
000068a0   _atoi
00006e40   _c_int00
00004530   _c_int08
00004538   _c_int09
00002f44   _calloc
80000244   _compacket
800006b8   _currAngle
800006b4   _currHall
00003c64   _delay_ms
00003c0c   _delay_us
00005340   _ecvt
000060c0   _exit
00005760   _fcvt
000033c8   _free
800006ac   _hallCount
000069e0   _ltoa
00004258   _main
00002d7c   _malloc
00003790   _memalign
00006f60   _memccpy
00005e20   _memcpy
00002d14   _minit
800006c4   _prevErr
800006b0   _prevHall
00002fec   _realloc
800006bc   _refAngle
80000330   _respacket
00006520   _sprintf
00006ee0   _strcpy
00006fc0   _strlen
800006c8   _sumErr
80000404   _tmp_string
800006cc   _uControlInput
80000000   cinit
80000000   edata
80000000   end
00007060   etext
ffffffff   pinit


GLOBAL SYMBOLS: SORTED BY Symbol Address 

address    name
--------   ----
00000200   .text
00000200   ___text__
00000200   __printfi
00001000   __SYSMEM_SIZE
00001000   __STACK_SIZE
00002d14   _minit
00002d7c   _malloc
00002f44   _calloc
00002fec   _realloc
000033c8   _free
00003790   _memalign
00003b60   _InitEXINTF
00003ba0   _InitTimer
00003be0   _InitINT
00003bf8   _GIE
00003c0c   _delay_us
00003c64   _delay_ms
00003cc4   _WaitTFlag
00003d18   _WaitTFlagCnt
00003d9c   _PWMOut
00003e88   _angleFromHallCount
00003ef4   _BLDCDrive
00004258   _main
00004520   _ISRextint4
00004528   _ISRextint5
00004530   _c_int08
00004538   _c_int09
00004540   _ISRNMI
00004548   _ISRextint6
000048a0   _ISRtimer0
00004a60   _InitUART
00004b6c   _ReceiveByte
00004b88   _SendByte
00004bf0   _CheckSum
00004ce4   _SendData
00004d7c   _Report
00004ee0   __remul
00004f78   __divul
000051d8   __remli
00005278   __divli
00005340   _ecvt
00005760   _fcvt
00005b40   __frcdivd
00005e20   _memcpy
000060c0   _exit
00006210   _atexit
000062e8   _abort
000062e8   C$$EXIT
00006300   __divd
00006520   _sprintf
000066e0   _InitUSBMon
0000671c   _UMAddData
000068a0   _atoi
000069e0   _ltoa
00006b20   __auto_init
00006c20   __divu
00006ce0   __fixdli
00006da0   __remi
00006e40   _c_int00
00006ee0   _strcpy
00006f60   _memccpy
00006fc0   _strlen
00007020   __nop
00007028   __register_lock
0000703c   __register_unlock
00007060   ___etext__
00007060   etext
00400000   _USBMonStuff
80000000   edata
80000000   ___cinit__
80000000   ___bss__
80000000   .bss
80000000   $bss
80000000   end
80000000   .data
80000000   ___edata__
80000000   ___end__
80000000   ___data__
80000000   cinit
800000d4   __ctypes_
80000244   _compacket
80000330   _respacket
80000404   _tmp_string
80000550   __cleanup_ptr
80000554   __dtors_ptr
800006a0   _PWMD
800006a4   _PWMH
800006a8   _PWML
800006ac   _hallCount
800006b0   _prevHall
800006b4   _currHall
800006b8   _currAngle
800006bc   _refAngle
800006c0   _TFlag
800006c4   _prevErr
800006c8   _sumErr
800006cc   _uControlInput
800006d0   __memory_size
800006d8   __lock
800006dc   __unlock
800006e8   __stack
800016e8   __sys_memory
ffffffff   pinit
ffffffff   ___pinit__

[104 symbols]
