******************************************************************************
          TMS320C6x COFF Linker PC Version 4.10                
******************************************************************************
>> Linked Sun Mar 24 16:59:20 2024

OUTPUT FILE NAME:   <ram_main.out>
ENTRY POINT SYMBOL: "_c_int00"  address: 00007c60


MEMORY CONFIGURATION

                  name            origin    length      used    attr    fill
         ----------------------  --------  ---------  --------  ----  --------
         VECT                    00000000   00000200  00000200  RWIX
         IPRAM                   00000200   0000fe00  00007d20  RWIX
         EXRAM                   00400000   00040000  0000800c  RWIX
         CE1VECS                 01400000   00000200  00000000  RWIX
         CE1MEM                  01400200   0000fe00  00000000  RWIX
         IOCE2                   02000000   00010000  00000000  RWIX
         IDRAM                   80000000   00010000  00002760  RWIX


SECTION ALLOCATION MAP

 output                                  attributes/
section   page    origin      length       input sections
--------  ----  ----------  ----------   ----------------
.vector    0    00000000    00000200     
                  00000000    00000200     initvec.obj (.vector)

.text      0    00000200    00007d20     
                  00000200    000029a0     rts6701.lib : _printfi.obj (.text)
                  00002ba0    00000000                 : ctype.obj (.text)
                  00002ba0    00000000                 : errno.obj (.text)
                  00002ba0    00000000                 : sysmem.obj (.text)
                  00002ba0    00000000     initvec.obj (.text)
                  00002ba0    00000fc0     rts6701.lib : memory.obj (.text)
                  00003b60    00000ce0     main.obj (.text)
                  00004840    000008e0     interrupt.obj (.text)
                  00005120    00000480     serial.obj (.text)
                  000055a0    00000460     rts6701.lib : imath40.obj (.text)
                  00005a00    00000420                 : ecvt.obj (.text)
                  00005e20    000003e0                 : fcvt.obj (.text)
                  00006200    000002e0                 : frcdivd.obj (.text)
                  000064e0    000002a0                 : memcpy.obj (.text)
                  00006780    00000280                 : sqrt.obj (.text)
                  00006a00    00000240                 : exit.obj (.text)
                  00006c40    00000220                 : divd.obj (.text)
                  00006e60    000001c0                 : sprintf.obj (.text)
                  00007020    000001c0     USBMon.obj (.text)
                  000071e0    000001a0     rts6701.lib : divf.obj (.text)
                  00007380    00000180                 : ldexp.obj (.text)
                  00007500    00000140                 : atoi.obj (.text)
                  00007640    00000140                 : frexp.obj (.text)
                  00007780    00000140                 : ltoa.obj (.text)
                  000078c0    00000120                 : frcdivf.obj (.text)
                  000079e0    00000100                 : autoinit.obj (.text)
                  00007ae0    000000c0                 : fixdli.obj (.text)
                  00007ba0    000000c0                 : divu.obj (.text)
                  00007c60    000000a0                 : boot.obj (.text)
                  00007d00    000000a0                 : remi.obj (.text)
                  00007da0    00000080                 : strcpy.obj (.text)
                  00007e20    00000060                 : memccpy.obj (.text)
                  00007e80    00000060                 : strlen.obj (.text)
                  00007ee0    00000040                 : _lock.obj (.text)

.cinit     0    80000000    000000f4     
                  80000000    0000003c     interrupt.obj (.cinit)
                  8000003c    00000004     --HOLE-- [fill = 00000000]
                  80000040    0000002c     rts6701.lib : exit.obj (.cinit)
                  8000006c    00000004     --HOLE-- [fill = 00000000]
                  80000070    0000001c                 : sysmem.obj (.cinit)
                  8000008c    00000004     --HOLE-- [fill = 00000000]
                  80000090    0000001c                 : _lock.obj (.cinit)
                  800000ac    00000004     --HOLE-- [fill = 00000000]
                  800000b0    0000001c     main.obj (.cinit)
                  800000cc    00000004     --HOLE-- [fill = 00000000]
                  800000d0    0000000c     rts6701.lib : memory.obj (.cinit)
                  800000dc    00000004     --HOLE-- [fill = 00000000]
                  800000e0    0000000c                 : errno.obj (.cinit)
                  800000ec    00000008     --HOLE-- [fill = 00000000]

.const     0    800000f4    000001dc     
                  800000f4    00000101     rts6701.lib : ctype.obj (.const)
                  800001f5    0000006d     interrupt.obj (.const)
                  80000262    00000044     main.obj (.const)
                  800002a6    0000002a     rts6701.lib : _printfi.obj (.const)

.switch    0    80000000    00000000     UNINITIALIZED

.bss       0    80000000    00000000     UNINITIALIZED
                  80000000    00000000     initvec.obj (.bss)
                  80000000    00000000     rts6701.lib : sysmem.obj (.bss)
                  80000000    00000000                 : memory.obj (.bss)
                  80000000    00000000                 : memcpy.obj (.bss)
                  80000000    00000000                 : memccpy.obj (.bss)
                  80000000    00000000                 : ltoa.obj (.bss)
                  80000000    00000000                 : ldexp.obj (.bss)
                  80000000    00000000                 : imath40.obj (.bss)
                  80000000    00000000                 : frexp.obj (.bss)
                  80000000    00000000                 : fixdli.obj (.bss)
                  80000000    00000000                 : fcvt.obj (.bss)
                  80000000    00000000                 : errno.obj (.bss)
                  80000000    00000000                 : ecvt.obj (.bss)
                  80000000    00000000                 : divu.obj (.bss)
                  80000000    00000000                 : autoinit.obj (.bss)
                  80000000    00000000                 : _printfi.obj (.bss)
                  80000000    00000000                 : _lock.obj (.bss)
                  80000000    00000000                 : strlen.obj (.bss)
                  80000000    00000000                 : strcpy.obj (.bss)
                  80000000    00000000                 : sqrt.obj (.bss)
                  80000000    00000000                 : sprintf.obj (.bss)
                  80000000    00000000                 : remi.obj (.bss)
                  80000000    00000000                 : frcdivf.obj (.bss)
                  80000000    00000000                 : frcdivd.obj (.bss)
                  80000000    00000000                 : exit.obj (.bss)
                  80000000    00000000                 : divf.obj (.bss)
                  80000000    00000000                 : divd.obj (.bss)
                  80000000    00000000                 : ctype.obj (.bss)
                  80000000    00000000                 : boot.obj (.bss)
                  80000000    00000000                 : atoi.obj (.bss)
                  80000000    00000000     USBMon.obj (.bss)
                  80000000    00000000     serial.obj (.bss)
                  80000000    00000000     interrupt.obj (.bss)
                  80000000    00000000     main.obj (.bss)

.cio       0    80000000    00000000     UNINITIALIZED

.data      0    80000000    00000000     UNINITIALIZED
                  80000000    00000000     initvec.obj (.data)
                  80000000    00000000     rts6701.lib : sysmem.obj (.data)
                  80000000    00000000                 : memory.obj (.data)
                  80000000    00000000                 : memcpy.obj (.data)
                  80000000    00000000                 : memccpy.obj (.data)
                  80000000    00000000                 : ltoa.obj (.data)
                  80000000    00000000                 : ldexp.obj (.data)
                  80000000    00000000                 : imath40.obj (.data)
                  80000000    00000000                 : frexp.obj (.data)
                  80000000    00000000                 : fixdli.obj (.data)
                  80000000    00000000                 : fcvt.obj (.data)
                  80000000    00000000                 : errno.obj (.data)
                  80000000    00000000                 : ecvt.obj (.data)
                  80000000    00000000                 : divu.obj (.data)
                  80000000    00000000                 : autoinit.obj (.data)
                  80000000    00000000                 : _printfi.obj (.data)
                  80000000    00000000                 : _lock.obj (.data)
                  80000000    00000000                 : strlen.obj (.data)
                  80000000    00000000                 : strcpy.obj (.data)
                  80000000    00000000                 : sqrt.obj (.data)
                  80000000    00000000                 : sprintf.obj (.data)
                  80000000    00000000                 : remi.obj (.data)
                  80000000    00000000                 : frcdivf.obj (.data)
                  80000000    00000000                 : frcdivd.obj (.data)
                  80000000    00000000                 : exit.obj (.data)
                  80000000    00000000                 : divf.obj (.data)
                  80000000    00000000                 : divd.obj (.data)
                  80000000    00000000                 : ctype.obj (.data)
                  80000000    00000000                 : boot.obj (.data)
                  80000000    00000000                 : atoi.obj (.data)
                  80000000    00000000     USBMon.obj (.data)
                  80000000    00000000     serial.obj (.data)
                  80000000    00000000     interrupt.obj (.data)
                  80000000    00000000     main.obj (.data)

.far       0    800002d0    00000490     UNINITIALIZED
                  800002d0    00000288     serial.obj (.far)
                  80000558    0000008c     rts6701.lib : exit.obj (.far)
                  800005e4    00000080                 : _printfi.obj (.far)
                  80000664    00000064                 : fcvt.obj (.far)
                  800006c8    00000064                 : ecvt.obj (.far)
                  8000072c    00000010     interrupt.obj (.far)
                  8000073c    0000000c     main.obj (.far)
                  80000748    00000008     rts6701.lib : memory.obj (.far)
                  80000750    00000008                 : _lock.obj (.far)
                  80000758    00000004                 : sprintf.obj (.far)
                  8000075c    00000004                 : errno.obj (.far)

.stack     0    80000760    00001000     UNINITIALIZED
                  80000760    00000000     rts6701.lib : boot.obj (.stack)

.sysmem    0    80001760    00001000     UNINITIALIZED
                  80001760    00000000     rts6701.lib : sysmem.obj (.sysmem)

.USBMON    0    00400000    0000800c     UNINITIALIZED
                  00400000    0000800c     USBMon.obj (.USBMON)


GLOBAL SYMBOLS: SORTED ALPHABETICALLY BY Name 

address    name
--------   ----
80000000   $bss
80000000   .bss
80000000   .data
00000200   .text
00006c28   C$$EXIT
000052b0   _CheckSum
00003bf8   _GIE
00003eb8   _GetAngle
00003f38   _GetRefAngleFeedForward
00004860   _ISRNMI
00004840   _ISRextint4
00004848   _ISRextint5
00004868   _ISRextint6
00004cdc   _ISRtimer0
00003b60   _InitEXINTF
00003be0   _InitINT
00003ba0   _InitTimer
00005120   _InitUART
00007020   _InitUSBMon
00004bc0   _PID
00003d9c   _PWMOut
0000522c   _ReceiveByte
0000543c   _Report
00005248   _SendByte
000053a4   _SendData
80000738   _TFlag
8000073c   _TINTCnt
0000705c   _UMAddData
00400000   _USBMonStuff
00003cc4   _WaitTFlag
00003d18   _WaitTFlagCnt
00001000   __STACK_SIZE
00001000   __SYSMEM_SIZE
80000000   ___bss__
80000000   ___cinit__
80000000   ___data__
80000000   ___edata__
80000000   ___end__
00007f20   ___etext__
ffffffff   ___pinit__
00000200   ___text__
000079e0   __auto_init
800005dc   __cleanup_ptr
800000f4   __ctypes_
00006c40   __divd
000071e0   __divf
00005938   __divli
00007ba0   __divu
00005638   __divul
800005e0   __dtors_ptr
00007ae0   __fixdli
00006200   __frcdivd
000078c0   __frcdivf
80000750   __lock
80000748   __memory_size
00007ee0   __nop
00000200   __printfi
00007ee8   __register_lock
00007efc   __register_unlock
00007d00   __remi
00005898   __remli
000055a0   __remul
80000760   __stack
80001760   __sys_memory
80000754   __unlock
00006c28   _abort
00006b50   _atexit
00007500   _atoi
00007c60   _c_int00
00004850   _c_int08
00004858   _c_int09
00002f44   _calloc
800002d0   _compacket
00003c64   _delay_ms
00003c0c   _delay_us
00005a00   _ecvt
8000075c   _errno
00006a00   _exit
00005e20   _fcvt
000033c8   _free
00007640   _frexp
00007380   _ldexp
00007780   _ltoa
000045a0   _main
00002d7c   _malloc
00003790   _memalign
00007e20   _memccpy
000064e0   _memcpy
00002d14   _minit
80000740   _pos_TINTCnt
8000072c   _prevErr
00002fec   _realloc
800003bc   _respacket
00006e60   _sprintf
00006780   _sqrt
00007da0   _strcpy
00007e80   _strlen
80000730   _sumErr
80000734   _timerCheckCnt
80000490   _tmp_string
80000744   _vel_TINTCnt
80000000   cinit
80000000   edata
80000000   end
00007f20   etext
ffffffff   pinit


GLOBAL SYMBOLS: SORTED BY Symbol Address 

address    name
--------   ----
00000200   .text
00000200   ___text__
00000200   __printfi
00001000   __STACK_SIZE
00001000   __SYSMEM_SIZE
00002d14   _minit
00002d7c   _malloc
00002f44   _calloc
00002fec   _realloc
000033c8   _free
00003790   _memalign
00003b60   _InitEXINTF
00003ba0   _InitTimer
00003be0   _InitINT
00003bf8   _GIE
00003c0c   _delay_us
00003c64   _delay_ms
00003cc4   _WaitTFlag
00003d18   _WaitTFlagCnt
00003d9c   _PWMOut
00003eb8   _GetAngle
00003f38   _GetRefAngleFeedForward
000045a0   _main
00004840   _ISRextint4
00004848   _ISRextint5
00004850   _c_int08
00004858   _c_int09
00004860   _ISRNMI
00004868   _ISRextint6
00004bc0   _PID
00004cdc   _ISRtimer0
00005120   _InitUART
0000522c   _ReceiveByte
00005248   _SendByte
000052b0   _CheckSum
000053a4   _SendData
0000543c   _Report
000055a0   __remul
00005638   __divul
00005898   __remli
00005938   __divli
00005a00   _ecvt
00005e20   _fcvt
00006200   __frcdivd
000064e0   _memcpy
00006780   _sqrt
00006a00   _exit
00006b50   _atexit
00006c28   _abort
00006c28   C$$EXIT
00006c40   __divd
00006e60   _sprintf
00007020   _InitUSBMon
0000705c   _UMAddData
000071e0   __divf
00007380   _ldexp
00007500   _atoi
00007640   _frexp
00007780   _ltoa
000078c0   __frcdivf
000079e0   __auto_init
00007ae0   __fixdli
00007ba0   __divu
00007c60   _c_int00
00007d00   __remi
00007da0   _strcpy
00007e20   _memccpy
00007e80   _strlen
00007ee0   __nop
00007ee8   __register_lock
00007efc   __register_unlock
00007f20   ___etext__
00007f20   etext
00400000   _USBMonStuff
80000000   ___cinit__
80000000   ___bss__
80000000   $bss
80000000   edata
80000000   cinit
80000000   .data
80000000   .bss
80000000   end
80000000   ___data__
80000000   ___end__
80000000   ___edata__
800000f4   __ctypes_
800002d0   _compacket
800003bc   _respacket
80000490   _tmp_string
800005dc   __cleanup_ptr
800005e0   __dtors_ptr
8000072c   _prevErr
80000730   _sumErr
80000734   _timerCheckCnt
80000738   _TFlag
8000073c   _TINTCnt
80000740   _pos_TINTCnt
80000744   _vel_TINTCnt
80000748   __memory_size
80000750   __lock
80000754   __unlock
8000075c   _errno
80000760   __stack
80001760   __sys_memory
ffffffff   pinit
ffffffff   ___pinit__

[106 symbols]
