******************************************************************************
          TMS320C6x COFF Linker PC Version 4.10                
******************************************************************************
>> Linked Thu Mar 21 16:23:53 2024

OUTPUT FILE NAME:   <ram_main.out>
ENTRY POINT SYMBOL: "_c_int00"  address: 00007b20


MEMORY CONFIGURATION

                  name            origin    length      used    attr    fill
         ----------------------  --------  ---------  --------  ----  --------
         VECT                    00000000   00000200  00000200  RWIX
         IPRAM                   00000200   0000fe00  00007be0  RWIX
         EXRAM                   00400000   00040000  0000800c  RWIX
         CE1VECS                 01400000   00000200  00000000  RWIX
         CE1MEM                  01400200   0000fe00  00000000  RWIX
         IOCE2                   02000000   00010000  00000000  RWIX
         IDRAM                   80000000   00010000  00002738  RWIX


SECTION ALLOCATION MAP

 output                                  attributes/
section   page    origin      length       input sections
--------  ----  ----------  ----------   ----------------
.vector    0    00000000    00000200     
                  00000000    00000200     initvec.obj (.vector)

.text      0    00000200    00007be0     
                  00000200    000029a0     rts6701.lib : _printfi.obj (.text)
                  00002ba0    00000000                 : ctype.obj (.text)
                  00002ba0    00000000                 : errno.obj (.text)
                  00002ba0    00000000                 : sysmem.obj (.text)
                  00002ba0    00000000     initvec.obj (.text)
                  00002ba0    00000fc0     rts6701.lib : memory.obj (.text)
                  00003b60    00000bc0     main.obj (.text)
                  00004720    000008c0     interrupt.obj (.text)
                  00004fe0    00000480     serial.obj (.text)
                  00005460    00000460     rts6701.lib : imath40.obj (.text)
                  000058c0    00000420                 : ecvt.obj (.text)
                  00005ce0    000003e0                 : fcvt.obj (.text)
                  000060c0    000002e0                 : frcdivd.obj (.text)
                  000063a0    000002a0                 : memcpy.obj (.text)
                  00006640    00000280                 : sqrt.obj (.text)
                  000068c0    00000240                 : exit.obj (.text)
                  00006b00    00000220                 : divd.obj (.text)
                  00006d20    000001c0                 : sprintf.obj (.text)
                  00006ee0    000001c0     USBMon.obj (.text)
                  000070a0    000001a0     rts6701.lib : divf.obj (.text)
                  00007240    00000180                 : ldexp.obj (.text)
                  000073c0    00000140                 : atoi.obj (.text)
                  00007500    00000140                 : frexp.obj (.text)
                  00007640    00000140                 : ltoa.obj (.text)
                  00007780    00000120                 : frcdivf.obj (.text)
                  000078a0    00000100                 : autoinit.obj (.text)
                  000079a0    000000c0                 : fixdli.obj (.text)
                  00007a60    000000c0                 : divu.obj (.text)
                  00007b20    000000a0                 : boot.obj (.text)
                  00007bc0    000000a0                 : remi.obj (.text)
                  00007c60    00000080                 : strcpy.obj (.text)
                  00007ce0    00000060                 : memccpy.obj (.text)
                  00007d40    00000060                 : strlen.obj (.text)
                  00007da0    00000040                 : _lock.obj (.text)

.cinit     0    80000000    000000d4     
                  80000000    0000003c     interrupt.obj (.cinit)
                  8000003c    00000004     --HOLE-- [fill = 00000000]
                  80000040    0000002c     rts6701.lib : exit.obj (.cinit)
                  8000006c    00000004     --HOLE-- [fill = 00000000]
                  80000070    0000001c                 : sysmem.obj (.cinit)
                  8000008c    00000004     --HOLE-- [fill = 00000000]
                  80000090    0000001c                 : _lock.obj (.cinit)
                  800000ac    00000004     --HOLE-- [fill = 00000000]
                  800000b0    0000000c                 : memory.obj (.cinit)
                  800000bc    00000004     --HOLE-- [fill = 00000000]
                  800000c0    0000000c                 : errno.obj (.cinit)
                  800000cc    00000008     --HOLE-- [fill = 00000000]

.const     0    800000d4    000001dc     
                  800000d4    00000101     rts6701.lib : ctype.obj (.const)
                  800001d5    0000006d     interrupt.obj (.const)
                  80000242    00000044     main.obj (.const)
                  80000286    0000002a     rts6701.lib : _printfi.obj (.const)

.switch    0    80000000    00000000     UNINITIALIZED

.bss       0    80000000    00000000     UNINITIALIZED
                  80000000    00000000     initvec.obj (.bss)
                  80000000    00000000     rts6701.lib : sysmem.obj (.bss)
                  80000000    00000000                 : memory.obj (.bss)
                  80000000    00000000                 : memcpy.obj (.bss)
                  80000000    00000000                 : memccpy.obj (.bss)
                  80000000    00000000                 : ltoa.obj (.bss)
                  80000000    00000000                 : ldexp.obj (.bss)
                  80000000    00000000                 : imath40.obj (.bss)
                  80000000    00000000                 : frexp.obj (.bss)
                  80000000    00000000                 : fixdli.obj (.bss)
                  80000000    00000000                 : fcvt.obj (.bss)
                  80000000    00000000                 : errno.obj (.bss)
                  80000000    00000000                 : ecvt.obj (.bss)
                  80000000    00000000                 : divu.obj (.bss)
                  80000000    00000000                 : autoinit.obj (.bss)
                  80000000    00000000                 : _printfi.obj (.bss)
                  80000000    00000000                 : _lock.obj (.bss)
                  80000000    00000000                 : strlen.obj (.bss)
                  80000000    00000000                 : strcpy.obj (.bss)
                  80000000    00000000                 : sqrt.obj (.bss)
                  80000000    00000000                 : sprintf.obj (.bss)
                  80000000    00000000                 : remi.obj (.bss)
                  80000000    00000000                 : frcdivf.obj (.bss)
                  80000000    00000000                 : frcdivd.obj (.bss)
                  80000000    00000000                 : exit.obj (.bss)
                  80000000    00000000                 : divf.obj (.bss)
                  80000000    00000000                 : divd.obj (.bss)
                  80000000    00000000                 : ctype.obj (.bss)
                  80000000    00000000                 : boot.obj (.bss)
                  80000000    00000000                 : atoi.obj (.bss)
                  80000000    00000000     USBMon.obj (.bss)
                  80000000    00000000     serial.obj (.bss)
                  80000000    00000000     interrupt.obj (.bss)
                  80000000    00000000     main.obj (.bss)

.cio       0    80000000    00000000     UNINITIALIZED

.data      0    80000000    00000000     UNINITIALIZED
                  80000000    00000000     initvec.obj (.data)
                  80000000    00000000     rts6701.lib : sysmem.obj (.data)
                  80000000    00000000                 : memory.obj (.data)
                  80000000    00000000                 : memcpy.obj (.data)
                  80000000    00000000                 : memccpy.obj (.data)
                  80000000    00000000                 : ltoa.obj (.data)
                  80000000    00000000                 : ldexp.obj (.data)
                  80000000    00000000                 : imath40.obj (.data)
                  80000000    00000000                 : frexp.obj (.data)
                  80000000    00000000                 : fixdli.obj (.data)
                  80000000    00000000                 : fcvt.obj (.data)
                  80000000    00000000                 : errno.obj (.data)
                  80000000    00000000                 : ecvt.obj (.data)
                  80000000    00000000                 : divu.obj (.data)
                  80000000    00000000                 : autoinit.obj (.data)
                  80000000    00000000                 : _printfi.obj (.data)
                  80000000    00000000                 : _lock.obj (.data)
                  80000000    00000000                 : strlen.obj (.data)
                  80000000    00000000                 : strcpy.obj (.data)
                  80000000    00000000                 : sqrt.obj (.data)
                  80000000    00000000                 : sprintf.obj (.data)
                  80000000    00000000                 : remi.obj (.data)
                  80000000    00000000                 : frcdivf.obj (.data)
                  80000000    00000000                 : frcdivd.obj (.data)
                  80000000    00000000                 : exit.obj (.data)
                  80000000    00000000                 : divf.obj (.data)
                  80000000    00000000                 : divd.obj (.data)
                  80000000    00000000                 : ctype.obj (.data)
                  80000000    00000000                 : boot.obj (.data)
                  80000000    00000000                 : atoi.obj (.data)
                  80000000    00000000     USBMon.obj (.data)
                  80000000    00000000     serial.obj (.data)
                  80000000    00000000     interrupt.obj (.data)
                  80000000    00000000     main.obj (.data)

.far       0    800002b0    00000488     UNINITIALIZED
                  800002b0    00000288     serial.obj (.far)
                  80000538    0000008c     rts6701.lib : exit.obj (.far)
                  800005c4    00000080                 : _printfi.obj (.far)
                  80000644    00000064                 : ecvt.obj (.far)
                  800006a8    00000064                 : fcvt.obj (.far)
                  8000070c    00000010     interrupt.obj (.far)
                  8000071c    00000008     rts6701.lib : memory.obj (.far)
                  80000724    00000008                 : _lock.obj (.far)
                  8000072c    00000004     main.obj (.far)
                  80000730    00000004     rts6701.lib : sprintf.obj (.far)
                  80000734    00000004                 : errno.obj (.far)

.stack     0    80000738    00001000     UNINITIALIZED
                  80000738    00000000     rts6701.lib : boot.obj (.stack)

.sysmem    0    80001738    00001000     UNINITIALIZED
                  80001738    00000000     rts6701.lib : sysmem.obj (.sysmem)

.USBMON    0    00400000    0000800c     UNINITIALIZED
                  00400000    0000800c     USBMon.obj (.USBMON)


GLOBAL SYMBOLS: SORTED ALPHABETICALLY BY Name 

address    name
--------   ----
80000000   $bss
80000000   .bss
80000000   .data
00000200   .text
00006ae8   C$$EXIT
00005170   _CheckSum
00003bf8   _GIE
00003eb8   _GetAngle
00003f38   _GetRefAngle
00004740   _ISRNMI
00004720   _ISRextint4
00004728   _ISRextint5
00004748   _ISRextint6
00004bbc   _ISRtimer0
00003b60   _InitEXINTF
00003be0   _InitINT
00003ba0   _InitTimer
00004fe0   _InitUART
00006ee0   _InitUSBMon
00004aa0   _PID
00003d9c   _PWMOut
000050ec   _ReceiveByte
000052fc   _Report
00005108   _SendByte
00005264   _SendData
80000718   _TFlag
8000072c   _TINTCnt
00006f1c   _UMAddData
00400000   _USBMonStuff
00003cc4   _WaitTFlag
00003d18   _WaitTFlagCnt
00001000   __STACK_SIZE
00001000   __SYSMEM_SIZE
80000000   ___bss__
80000000   ___cinit__
80000000   ___data__
80000000   ___edata__
80000000   ___end__
00007de0   ___etext__
ffffffff   ___pinit__
00000200   ___text__
000078a0   __auto_init
800005bc   __cleanup_ptr
800000d4   __ctypes_
00006b00   __divd
000070a0   __divf
000057f8   __divli
00007a60   __divu
000054f8   __divul
800005c0   __dtors_ptr
000079a0   __fixdli
000060c0   __frcdivd
00007780   __frcdivf
80000724   __lock
8000071c   __memory_size
00007da0   __nop
00000200   __printfi
00007da8   __register_lock
00007dbc   __register_unlock
00007bc0   __remi
00005758   __remli
00005460   __remul
80000738   __stack
80001738   __sys_memory
80000728   __unlock
00006ae8   _abort
00006a10   _atexit
000073c0   _atoi
00007b20   _c_int00
00004730   _c_int08
00004738   _c_int09
00002f44   _calloc
800002b0   _compacket
00003c64   _delay_ms
00003c0c   _delay_us
000058c0   _ecvt
80000734   _errno
000068c0   _exit
00005ce0   _fcvt
000033c8   _free
00007500   _frexp
00007240   _ldexp
00007640   _ltoa
00004490   _main
00002d7c   _malloc
00003790   _memalign
00007ce0   _memccpy
000063a0   _memcpy
00002d14   _minit
8000070c   _prevErr
00002fec   _realloc
8000039c   _respacket
00006d20   _sprintf
00006640   _sqrt
00007c60   _strcpy
00007d40   _strlen
80000710   _sumErr
80000714   _timerCheckCnt
80000470   _tmp_string
80000000   cinit
80000000   edata
80000000   end
00007de0   etext
ffffffff   pinit


GLOBAL SYMBOLS: SORTED BY Symbol Address 

address    name
--------   ----
00000200   .text
00000200   ___text__
00000200   __printfi
00001000   __SYSMEM_SIZE
00001000   __STACK_SIZE
00002d14   _minit
00002d7c   _malloc
00002f44   _calloc
00002fec   _realloc
000033c8   _free
00003790   _memalign
00003b60   _InitEXINTF
00003ba0   _InitTimer
00003be0   _InitINT
00003bf8   _GIE
00003c0c   _delay_us
00003c64   _delay_ms
00003cc4   _WaitTFlag
00003d18   _WaitTFlagCnt
00003d9c   _PWMOut
00003eb8   _GetAngle
00003f38   _GetRefAngle
00004490   _main
00004720   _ISRextint4
00004728   _ISRextint5
00004730   _c_int08
00004738   _c_int09
00004740   _ISRNMI
00004748   _ISRextint6
00004aa0   _PID
00004bbc   _ISRtimer0
00004fe0   _InitUART
000050ec   _ReceiveByte
00005108   _SendByte
00005170   _CheckSum
00005264   _SendData
000052fc   _Report
00005460   __remul
000054f8   __divul
00005758   __remli
000057f8   __divli
000058c0   _ecvt
00005ce0   _fcvt
000060c0   __frcdivd
000063a0   _memcpy
00006640   _sqrt
000068c0   _exit
00006a10   _atexit
00006ae8   _abort
00006ae8   C$$EXIT
00006b00   __divd
00006d20   _sprintf
00006ee0   _InitUSBMon
00006f1c   _UMAddData
000070a0   __divf
00007240   _ldexp
000073c0   _atoi
00007500   _frexp
00007640   _ltoa
00007780   __frcdivf
000078a0   __auto_init
000079a0   __fixdli
00007a60   __divu
00007b20   _c_int00
00007bc0   __remi
00007c60   _strcpy
00007ce0   _memccpy
00007d40   _strlen
00007da0   __nop
00007da8   __register_lock
00007dbc   __register_unlock
00007de0   ___etext__
00007de0   etext
00400000   _USBMonStuff
80000000   .data
80000000   .bss
80000000   cinit
80000000   end
80000000   $bss
80000000   edata
80000000   ___cinit__
80000000   ___data__
80000000   ___edata__
80000000   ___bss__
80000000   ___end__
800000d4   __ctypes_
800002b0   _compacket
8000039c   _respacket
80000470   _tmp_string
800005bc   __cleanup_ptr
800005c0   __dtors_ptr
8000070c   _prevErr
80000710   _sumErr
80000714   _timerCheckCnt
80000718   _TFlag
8000071c   __memory_size
80000724   __lock
80000728   __unlock
8000072c   _TINTCnt
80000734   _errno
80000738   __stack
80001738   __sys_memory
ffffffff   pinit
ffffffff   ___pinit__

[104 symbols]
