******************************************************************************
          TMS320C6x COFF Linker PC Version 4.10                
******************************************************************************
>> Linked Sat Apr 13 20:37:44 2024

OUTPUT FILE NAME:   <ram_main.out>
ENTRY POINT SYMBOL: "_c_int00"  address: 00007880


MEMORY CONFIGURATION

                  name            origin    length      used    attr    fill
         ----------------------  --------  ---------  --------  ----  --------
         VECT                    00000000   00000200  00000200  RWIX
         IPRAM                   00000200   0000fe00  00007aa0  RWIX
         EXRAM                   00400000   00040000  0000800c  RWIX
         CE1VECS                 01400000   00000200  00000000  RWIX
         CE1MEM                  01400200   0000fe00  00000000  RWIX
         IOCE2                   02000000   00010000  00000000  RWIX
         IDRAM                   80000000   00010000  0000271b  RWIX


SECTION ALLOCATION MAP

 output                                  attributes/
section   page    origin      length       input sections
--------  ----  ----------  ----------   ----------------
.vector    0    00000000    00000200     
                  00000000    00000200     initvec.obj (.vector)

.text      0    00000200    00007aa0     
                  00000200    000029a0     rts6701.lib : _printfi.obj (.text)
                  00002ba0    00000000     initvec.obj (.text)
                  00002ba0    00000000     rts6701.lib : ctype.obj (.text)
                  00002ba0    00000000                 : errno.obj (.text)
                  00002ba0    00000000                 : sysmem.obj (.text)
                  00002ba0    00000fc0                 : memory.obj (.text)
                  00003b60    000007c0     interrupt.obj (.text)
                  00004320    00000700     main.obj (.text)
                  00004a20    00000480     serial.obj (.text)
                  00004ea0    00000460     rts6701.lib : imath40.obj (.text)
                  00005300    00000420                 : ecvt.obj (.text)
                  00005720    000003e0                 : fcvt.obj (.text)
                  00005b00    00000300                 : cosf.obj (.text)
                  00005e00    000002e0                 : frcdivd.obj (.text)
                  000060e0    000002a0                 : sinf.obj (.text)
                  00006380    000002a0                 : memcpy.obj (.text)
                  00006620    00000240                 : exit.obj (.text)
                  00006860    00000220                 : divd.obj (.text)
                  00006a80    000001c0     USBMon.obj (.text)
                  00006c40    000001c0     rts6701.lib : sprintf.obj (.text)
                  00006e00    000001a0                 : divf.obj (.text)
                  00006fa0    00000180                 : roundf.obj (.text)
                  00007120    00000140                 : ldexpf.obj (.text)
                  00007260    00000140                 : ltoa.obj (.text)
                  000073a0    00000140                 : atoi.obj (.text)
                  000074e0    00000120                 : frcdivf.obj (.text)
                  00007600    00000100                 : autoinit.obj (.text)
                  00007700    000000c0                 : divu.obj (.text)
                  000077c0    000000c0                 : fixdli.obj (.text)
                  00007880    000000a0                 : boot.obj (.text)
                  00007920    000000a0                 : remi.obj (.text)
                  000079c0    000000a0                 : remu.obj (.text)
                  00007a60    00000080                 : strcpy.obj (.text)
                  00007ae0    00000080                 : modff.obj (.text)
                  00007b60    00000060                 : memccpy.obj (.text)
                  00007bc0    00000060                 : strlen.obj (.text)
                  00007c20    00000040                 : truncf.obj (.text)
                  00007c60    00000040                 : _lock.obj (.text)

.cinit     0    80000000    00000104     
                  80000000    0000003c     interrupt.obj (.cinit)
                  8000003c    00000004     --HOLE-- [fill = 00000000]
                  80000040    0000002c     rts6701.lib : exit.obj (.cinit)
                  8000006c    00000004     --HOLE-- [fill = 00000000]
                  80000070    0000001c                 : _lock.obj (.cinit)
                  8000008c    00000004     --HOLE-- [fill = 00000000]
                  80000090    0000001c                 : sysmem.obj (.cinit)
                  800000ac    00000004     --HOLE-- [fill = 00000000]
                  800000b0    00000018                 : cosf.obj (.cinit)
                  800000c8    00000018                 : sinf.obj (.cinit)
                  800000e0    0000000c                 : errno.obj (.cinit)
                  800000ec    00000004     --HOLE-- [fill = 00000000]
                  800000f0    0000000c                 : memory.obj (.cinit)
                  800000fc    00000008     --HOLE-- [fill = 00000000]

.const     0    80000104    0000016f     
                  80000104    00000101     rts6701.lib : ctype.obj (.const)
                  80000205    00000003     --HOLE-- [fill = 00000000]
                  80000208    00000041     main.obj (.const)
                  80000249    0000002a     rts6701.lib : _printfi.obj (.const)

.switch    0    80000000    00000000     UNINITIALIZED

.bss       0    80000000    00000000     UNINITIALIZED
                  80000000    00000000     initvec.obj (.bss)
                  80000000    00000000     rts6701.lib : errno.obj (.bss)
                  80000000    00000000                 : sysmem.obj (.bss)
                  80000000    00000000                 : memory.obj (.bss)
                  80000000    00000000                 : memcpy.obj (.bss)
                  80000000    00000000                 : memccpy.obj (.bss)
                  80000000    00000000                 : ltoa.obj (.bss)
                  80000000    00000000                 : ldexpf.obj (.bss)
                  80000000    00000000                 : imath40.obj (.bss)
                  80000000    00000000                 : frcdivd.obj (.bss)
                  80000000    00000000                 : fixdli.obj (.bss)
                  80000000    00000000                 : fcvt.obj (.bss)
                  80000000    00000000                 : ecvt.obj (.bss)
                  80000000    00000000                 : divu.obj (.bss)
                  80000000    00000000                 : divd.obj (.bss)
                  80000000    00000000                 : autoinit.obj (.bss)
                  80000000    00000000                 : _printfi.obj (.bss)
                  80000000    00000000                 : _lock.obj (.bss)
                  80000000    00000000                 : truncf.obj (.bss)
                  80000000    00000000                 : strlen.obj (.bss)
                  80000000    00000000                 : strcpy.obj (.bss)
                  80000000    00000000                 : sprintf.obj (.bss)
                  80000000    00000000                 : sinf.obj (.bss)
                  80000000    00000000                 : roundf.obj (.bss)
                  80000000    00000000                 : remu.obj (.bss)
                  80000000    00000000                 : remi.obj (.bss)
                  80000000    00000000                 : modff.obj (.bss)
                  80000000    00000000                 : frcdivf.obj (.bss)
                  80000000    00000000                 : exit.obj (.bss)
                  80000000    00000000                 : divf.obj (.bss)
                  80000000    00000000                 : ctype.obj (.bss)
                  80000000    00000000                 : cosf.obj (.bss)
                  80000000    00000000                 : boot.obj (.bss)
                  80000000    00000000                 : atoi.obj (.bss)
                  80000000    00000000     USBMon.obj (.bss)
                  80000000    00000000     serial.obj (.bss)
                  80000000    00000000     interrupt.obj (.bss)
                  80000000    00000000     main.obj (.bss)

.cio       0    80000000    00000000     UNINITIALIZED

.data      0    80000000    00000000     UNINITIALIZED
                  80000000    00000000     initvec.obj (.data)
                  80000000    00000000     rts6701.lib : errno.obj (.data)
                  80000000    00000000                 : sysmem.obj (.data)
                  80000000    00000000                 : memory.obj (.data)
                  80000000    00000000                 : memcpy.obj (.data)
                  80000000    00000000                 : memccpy.obj (.data)
                  80000000    00000000                 : ltoa.obj (.data)
                  80000000    00000000                 : ldexpf.obj (.data)
                  80000000    00000000                 : imath40.obj (.data)
                  80000000    00000000                 : frcdivd.obj (.data)
                  80000000    00000000                 : fixdli.obj (.data)
                  80000000    00000000                 : fcvt.obj (.data)
                  80000000    00000000                 : ecvt.obj (.data)
                  80000000    00000000                 : divu.obj (.data)
                  80000000    00000000                 : divd.obj (.data)
                  80000000    00000000                 : autoinit.obj (.data)
                  80000000    00000000                 : _printfi.obj (.data)
                  80000000    00000000                 : _lock.obj (.data)
                  80000000    00000000                 : truncf.obj (.data)
                  80000000    00000000                 : strlen.obj (.data)
                  80000000    00000000                 : strcpy.obj (.data)
                  80000000    00000000                 : sprintf.obj (.data)
                  80000000    00000000                 : sinf.obj (.data)
                  80000000    00000000                 : roundf.obj (.data)
                  80000000    00000000                 : remu.obj (.data)
                  80000000    00000000                 : remi.obj (.data)
                  80000000    00000000                 : modff.obj (.data)
                  80000000    00000000                 : frcdivf.obj (.data)
                  80000000    00000000                 : exit.obj (.data)
                  80000000    00000000                 : divf.obj (.data)
                  80000000    00000000                 : ctype.obj (.data)
                  80000000    00000000                 : cosf.obj (.data)
                  80000000    00000000                 : boot.obj (.data)
                  80000000    00000000                 : atoi.obj (.data)
                  80000000    00000000     USBMon.obj (.data)
                  80000000    00000000     serial.obj (.data)
                  80000000    00000000     interrupt.obj (.data)
                  80000000    00000000     main.obj (.data)

.far       0    80000274    000004a8     UNINITIALIZED
                  80000274    00000288     serial.obj (.far)
                  800004fc    0000008c     rts6701.lib : exit.obj (.far)
                  80000588    00000080                 : _printfi.obj (.far)
                  80000608    00000064                 : ecvt.obj (.far)
                  8000066c    00000064                 : fcvt.obj (.far)
                  800006d0    00000010                 : sinf.obj (.far)
                  800006e0    00000010                 : cosf.obj (.far)
                  800006f0    00000010     interrupt.obj (.far)
                  80000700    00000008     rts6701.lib : memory.obj (.far)
                  80000708    00000008                 : _lock.obj (.far)
                  80000710    00000004                 : errno.obj (.far)
                  80000714    00000004     main.obj (.far)
                  80000718    00000004     rts6701.lib : sprintf.obj (.far)

.stack     0    80000720    00001000     UNINITIALIZED
                  80000720    00000000     rts6701.lib : boot.obj (.stack)

.sysmem    0    80001720    00001000     UNINITIALIZED
                  80001720    00000000     rts6701.lib : sysmem.obj (.sysmem)

.USBMON    0    00400000    0000800c     UNINITIALIZED
                  00400000    0000800c     USBMon.obj (.USBMON)


GLOBAL SYMBOLS: SORTED ALPHABETICALLY BY Name 

address    name
--------   ----
80000000   $bss
80000000   .bss
80000000   .data
00000200   .text
00006848   C$$EXIT
00004bb0   _CheckSum
000043b8   _GIE
00003b80   _ISRNMI
00003b60   _ISRextint4
00003b68   _ISRextint5
00003b88   _ISRextint6
00003ee0   _ISRtimer0
00004320   _InitEXINTF
000043a0   _InitINT
00004360   _InitTimer
00004a20   _InitUART
00006a80   _InitUSBMon
00004560   _OneStepMove
00004b2c   _ReceiveByte
00004d3c   _Report
00004b48   _SendByte
00004ca4   _SendData
0000467c   _StepMoveCV
800006f0   _TFlag
00006abc   _UMAddData
00400000   _USBMonStuff
00004484   _WaitTFlag
000044d8   _WaitTFlagCnt
00001000   __STACK_SIZE
00001000   __SYSMEM_SIZE
80000000   ___bss__
80000000   ___cinit__
80000000   ___data__
80000000   ___edata__
80000000   ___end__
00007ca0   ___etext__
ffffffff   ___pinit__
00000200   ___text__
00007600   __auto_init
80000580   __cleanup_ptr
80000104   __ctypes_
00006860   __divd
00006e00   __divf
00005238   __divli
00007700   __divu
00004f38   __divul
80000584   __dtors_ptr
000077c0   __fixdli
00005e00   __frcdivd
000074e0   __frcdivf
80000708   __lock
80000700   __memory_size
00007c60   __nop
00000200   __printfi
00007c68   __register_lock
00007c7c   __register_unlock
00007920   __remi
00005198   __remli
000079c0   __remu
00004ea0   __remul
00006fa0   __roundf
80000720   __stack
80001720   __sys_memory
00007c20   __truncf
8000070c   __unlock
00006848   _abort
00006770   _atexit
000073a0   _atoi
00007880   _c_int00
00003b70   _c_int08
00003b78   _c_int09
00002f44   _calloc
80000274   _compacket
00005b00   _cosf
80000714   _currPhaseIdx
00004424   _delay_ms
000043cc   _delay_us
00005300   _ecvt
80000710   _errno
00006620   _exit
00005720   _fcvt
000033c8   _free
00007120   _ldexpf
00007260   _ltoa
0000479c   _main
00002d7c   _malloc
00003790   _memalign
00007b60   _memccpy
00006380   _memcpy
00002d14   _minit
00007ae0   _modff
00002fec   _realloc
80000360   _respacket
000060e0   _sinf
00006c40   _sprintf
00007a60   _strcpy
00007bc0   _strlen
80000434   _tmp_string
80000000   cinit
80000000   edata
80000000   end
00007ca0   etext
ffffffff   pinit


GLOBAL SYMBOLS: SORTED BY Symbol Address 

address    name
--------   ----
00000200   .text
00000200   ___text__
00000200   __printfi
00001000   __SYSMEM_SIZE
00001000   __STACK_SIZE
00002d14   _minit
00002d7c   _malloc
00002f44   _calloc
00002fec   _realloc
000033c8   _free
00003790   _memalign
00003b60   _ISRextint4
00003b68   _ISRextint5
00003b70   _c_int08
00003b78   _c_int09
00003b80   _ISRNMI
00003b88   _ISRextint6
00003ee0   _ISRtimer0
00004320   _InitEXINTF
00004360   _InitTimer
000043a0   _InitINT
000043b8   _GIE
000043cc   _delay_us
00004424   _delay_ms
00004484   _WaitTFlag
000044d8   _WaitTFlagCnt
00004560   _OneStepMove
0000467c   _StepMoveCV
0000479c   _main
00004a20   _InitUART
00004b2c   _ReceiveByte
00004b48   _SendByte
00004bb0   _CheckSum
00004ca4   _SendData
00004d3c   _Report
00004ea0   __remul
00004f38   __divul
00005198   __remli
00005238   __divli
00005300   _ecvt
00005720   _fcvt
00005b00   _cosf
00005e00   __frcdivd
000060e0   _sinf
00006380   _memcpy
00006620   _exit
00006770   _atexit
00006848   _abort
00006848   C$$EXIT
00006860   __divd
00006a80   _InitUSBMon
00006abc   _UMAddData
00006c40   _sprintf
00006e00   __divf
00006fa0   __roundf
00007120   _ldexpf
00007260   _ltoa
000073a0   _atoi
000074e0   __frcdivf
00007600   __auto_init
00007700   __divu
000077c0   __fixdli
00007880   _c_int00
00007920   __remi
000079c0   __remu
00007a60   _strcpy
00007ae0   _modff
00007b60   _memccpy
00007bc0   _strlen
00007c20   __truncf
00007c60   __nop
00007c68   __register_lock
00007c7c   __register_unlock
00007ca0   etext
00007ca0   ___etext__
00400000   _USBMonStuff
80000000   edata
80000000   end
80000000   $bss
80000000   .bss
80000000   .data
80000000   ___data__
80000000   ___edata__
80000000   cinit
80000000   ___bss__
80000000   ___cinit__
80000000   ___end__
80000104   __ctypes_
80000274   _compacket
80000360   _respacket
80000434   _tmp_string
80000580   __cleanup_ptr
80000584   __dtors_ptr
800006f0   _TFlag
80000700   __memory_size
80000708   __lock
8000070c   __unlock
80000710   _errno
80000714   _currPhaseIdx
80000720   __stack
80001720   __sys_memory
ffffffff   pinit
ffffffff   ___pinit__

[103 symbols]
