******************************************************************************
          TMS320C6x COFF Linker PC Version 4.10                
******************************************************************************
>> Linked Fri May 31 10:01:44 2024

OUTPUT FILE NAME:   <ram_main.out>
ENTRY POINT SYMBOL: "_c_int00"  address: 00007600


MEMORY CONFIGURATION

                  name            origin    length      used    attr    fill
         ----------------------  --------  ---------  --------  ----  --------
         VECT                    00000000   00000200  00000200  RWIX
         IPRAM                   00000200   0000fe00  00007620  RWIX
         EXRAM                   00400000   00040000  0000800c  RWIX
         CE1VECS                 01400000   00000200  00000000  RWIX
         CE1MEM                  01400200   0000fe00  00000000  RWIX
         IOCE2                   02000000   00010000  00000000  RWIX
         IDRAM                   80000000   00010000  0000287f  RWIX


SECTION ALLOCATION MAP

 output                                  attributes/
section   page    origin      length       input sections
--------  ----  ----------  ----------   ----------------
.vector    0    00000000    00000200     
                  00000000    00000200     initvec.obj (.vector)

.text      0    00000200    00007620     
                  00000200    000029a0     rts6701.lib : _printfi.obj (.text)
                  00002ba0    00000000                 : ctype.obj (.text)
                  00002ba0    00000000     initvec.obj (.text)
                  00002ba0    00000000     rts6701.lib : sysmem.obj (.text)
                  00002ba0    00000fc0                 : memory.obj (.text)
                  00003b60    00000cc0     main.obj (.text)
                  00004820    00000a00     interrupt.obj (.text)
                  00005220    00000480     serial.obj (.text)
                  000056a0    00000460     rts6701.lib : imath40.obj (.text)
                  00005b00    00000420                 : ecvt.obj (.text)
                  00005f20    000003e0                 : fcvt.obj (.text)
                  00006300    000002e0                 : frcdivd.obj (.text)
                  000065e0    000002a0                 : memcpy.obj (.text)
                  00006880    00000240                 : exit.obj (.text)
                  00006ac0    00000220                 : divd.obj (.text)
                  00006ce0    000001c0                 : sprintf.obj (.text)
                  00006ea0    000001c0     USBMon.obj (.text)
                  00007060    00000140     rts6701.lib : atoi.obj (.text)
                  000071a0    00000140                 : ltoa.obj (.text)
                  000072e0    00000100                 : autoinit.obj (.text)
                  000073e0    000000c0                 : divu.obj (.text)
                  000074a0    000000c0                 : fixdli.obj (.text)
                  00007560    000000a0                 : remi.obj (.text)
                  00007600    000000a0                 : boot.obj (.text)
                  000076a0    00000080                 : strcpy.obj (.text)
                  00007720    00000060                 : memccpy.obj (.text)
                  00007780    00000060                 : strlen.obj (.text)
                  000077e0    00000040                 : _lock.obj (.text)

.cinit     0    80000000    00000184     
                  80000000    000000ac     interrupt.obj (.cinit)
                  800000ac    00000004     --HOLE-- [fill = 00000000]
                  800000b0    0000004c     main.obj (.cinit)
                  800000fc    00000004     --HOLE-- [fill = 00000000]
                  80000100    0000002c     rts6701.lib : exit.obj (.cinit)
                  8000012c    00000004     --HOLE-- [fill = 00000000]
                  80000130    0000001c                 : sysmem.obj (.cinit)
                  8000014c    00000004     --HOLE-- [fill = 00000000]
                  80000150    0000001c                 : _lock.obj (.cinit)
                  8000016c    00000004     --HOLE-- [fill = 00000000]
                  80000170    0000000c                 : memory.obj (.cinit)
                  8000017c    00000008     --HOLE-- [fill = 00000000]

.const     0    80000184    0000021b     
                  80000184    00000101     rts6701.lib : ctype.obj (.const)
                  80000285    000000f0     main.obj (.const)
                  80000375    0000002a     rts6701.lib : _printfi.obj (.const)

.switch    0    80000000    00000000     UNINITIALIZED

.bss       0    80000000    00000000     UNINITIALIZED
                  80000000    00000000     initvec.obj (.bss)
                  80000000    00000000     rts6701.lib : sysmem.obj (.bss)
                  80000000    00000000                 : memory.obj (.bss)
                  80000000    00000000                 : memcpy.obj (.bss)
                  80000000    00000000                 : memccpy.obj (.bss)
                  80000000    00000000                 : ltoa.obj (.bss)
                  80000000    00000000                 : imath40.obj (.bss)
                  80000000    00000000                 : fixdli.obj (.bss)
                  80000000    00000000                 : fcvt.obj (.bss)
                  80000000    00000000                 : ecvt.obj (.bss)
                  80000000    00000000                 : divu.obj (.bss)
                  80000000    00000000                 : autoinit.obj (.bss)
                  80000000    00000000                 : _printfi.obj (.bss)
                  80000000    00000000                 : _lock.obj (.bss)
                  80000000    00000000                 : strlen.obj (.bss)
                  80000000    00000000                 : strcpy.obj (.bss)
                  80000000    00000000                 : sprintf.obj (.bss)
                  80000000    00000000                 : remi.obj (.bss)
                  80000000    00000000                 : frcdivd.obj (.bss)
                  80000000    00000000                 : exit.obj (.bss)
                  80000000    00000000                 : divd.obj (.bss)
                  80000000    00000000                 : ctype.obj (.bss)
                  80000000    00000000                 : boot.obj (.bss)
                  80000000    00000000                 : atoi.obj (.bss)
                  80000000    00000000     USBMon.obj (.bss)
                  80000000    00000000     serial.obj (.bss)
                  80000000    00000000     interrupt.obj (.bss)
                  80000000    00000000     main.obj (.bss)

.cio       0    80000000    00000000     UNINITIALIZED

.data      0    80000000    00000000     UNINITIALIZED
                  80000000    00000000     initvec.obj (.data)
                  80000000    00000000     rts6701.lib : sysmem.obj (.data)
                  80000000    00000000                 : memory.obj (.data)
                  80000000    00000000                 : memcpy.obj (.data)
                  80000000    00000000                 : memccpy.obj (.data)
                  80000000    00000000                 : ltoa.obj (.data)
                  80000000    00000000                 : imath40.obj (.data)
                  80000000    00000000                 : fixdli.obj (.data)
                  80000000    00000000                 : fcvt.obj (.data)
                  80000000    00000000                 : ecvt.obj (.data)
                  80000000    00000000                 : divu.obj (.data)
                  80000000    00000000                 : autoinit.obj (.data)
                  80000000    00000000                 : _printfi.obj (.data)
                  80000000    00000000                 : _lock.obj (.data)
                  80000000    00000000                 : strlen.obj (.data)
                  80000000    00000000                 : strcpy.obj (.data)
                  80000000    00000000                 : sprintf.obj (.data)
                  80000000    00000000                 : remi.obj (.data)
                  80000000    00000000                 : frcdivd.obj (.data)
                  80000000    00000000                 : exit.obj (.data)
                  80000000    00000000                 : divd.obj (.data)
                  80000000    00000000                 : ctype.obj (.data)
                  80000000    00000000                 : boot.obj (.data)
                  80000000    00000000                 : atoi.obj (.data)
                  80000000    00000000     USBMon.obj (.data)
                  80000000    00000000     serial.obj (.data)
                  80000000    00000000     interrupt.obj (.data)
                  80000000    00000000     main.obj (.data)

.far       0    800003a0    000004e0     UNINITIALIZED
                  800003a0    00000288     serial.obj (.far)
                  80000628    0000008c     rts6701.lib : exit.obj (.far)
                  800006b4    00000080                 : _printfi.obj (.far)
                  80000734    00000064                 : ecvt.obj (.far)
                  80000798    00000064                 : fcvt.obj (.far)
                  800007fc    00000050     interrupt.obj (.far)
                  8000084c    00000020     main.obj (.far)
                  8000086c    00000008     rts6701.lib : memory.obj (.far)
                  80000874    00000008                 : _lock.obj (.far)
                  8000087c    00000004                 : sprintf.obj (.far)

.stack     0    80000880    00001000     UNINITIALIZED
                  80000880    00000000     rts6701.lib : boot.obj (.stack)

.sysmem    0    80001880    00001000     UNINITIALIZED
                  80001880    00000000     rts6701.lib : sysmem.obj (.sysmem)

.USBMON    0    00400000    0000800c     UNINITIALIZED
                  00400000    0000800c     USBMon.obj (.USBMON)


GLOBAL SYMBOLS: SORTED ALPHABETICALLY BY Name 

address    name
--------   ----
80000000   $bss
80000000   .bss
80000000   .data
00000200   .text
00006aa8   C$$EXIT
000053b0   _CheckSum
00003bf8   _GIE
00003e74   _GetCartPos
00003ef8   _GetPendulumPos
00004840   _ISRNMI
00004820   _ISRextint4
00004828   _ISRextint5
00004848   _ISRextint6
00004ba0   _ISRtimer0
00003b60   _InitEXINTF
00003be0   _InitINT
00003ba0   _InitTimer
00005220   _InitUART
00006ea0   _InitUSBMon
00003d9c   _PWMOut
80000858   _R_cart
80000854   _R_pend
8000085c   _R_swup_cart
0000532c   _ReceiveByte
0000553c   _Report
00005348   _SendByte
000054a4   _SendData
80000824   _TFlag
8000084c   _TINTCnt
00006edc   _UMAddData
00400000   _USBMonStuff
00003cc4   _WaitTFlag
00003d18   _WaitTFlagCnt
00001000   __STACK_SIZE
00001000   __SYSMEM_SIZE
80000000   ___bss__
80000000   ___cinit__
80000000   ___data__
80000000   ___edata__
80000000   ___end__
00007820   ___etext__
ffffffff   ___pinit__
00000200   ___text__
000072e0   __auto_init
800006ac   __cleanup_ptr
80000184   __ctypes_
00006ac0   __divd
00005a38   __divli
000073e0   __divu
00005738   __divul
800006b0   __dtors_ptr
000074a0   __fixdli
00006300   __frcdivd
80000874   __lock
8000086c   __memory_size
000077e0   __nop
00000200   __printfi
000077e8   __register_lock
000077fc   __register_unlock
00007560   __remi
00005998   __remli
000056a0   __remul
80000880   __stack
80001880   __sys_memory
80000878   __unlock
00006aa8   _abort
000069d0   _atexit
00007060   _atoi
00007600   _c_int00
00004830   _c_int08
00004838   _c_int09
00002f44   _calloc
800003a0   _compacket
00003c64   _delay_ms
00003c0c   _delay_us
00005b00   _ecvt
80000838   _err_cart
8000082c   _err_pend
80000844   _err_swup_cart
00006880   _exit
00005f20   _fcvt
000033c8   _free
80000868   _leftSWUPcartPos
000071a0   _ltoa
00004210   _main
00002d7c   _malloc
00003790   _memalign
00007720   _memccpy
000065e0   _memcpy
00002d14   _minit
80000860   _mode
80000818   _mostMinusPos
80000814   _mostPlusPos
80000804   _prevErr_cart
800007fc   _prevErr_pend
8000080c   _prevErr_swup_cart
8000081c   _prevPendPos
00002fec   _realloc
80000820   _remainedAngleToTheGoal
8000048c   _respacket
80000864   _rightSWUPcartPos
00006ce0   _sprintf
000076a0   _strcpy
00007780   _strlen
80000808   _sumErr_cart
80000800   _sumErr_pend
80000810   _sumErr_swup_cart
00003f80   _swingUp
80000850   _timerCheckCnt
80000560   _tmp_string
8000083c   _u_cart
80000830   _u_pend
80000848   _u_swup_cart
80000834   _y_cart
80000828   _y_pend
80000840   _y_swup_cart
80000000   cinit
80000000   edata
80000000   end
00007820   etext
ffffffff   pinit


GLOBAL SYMBOLS: SORTED BY Symbol Address 

address    name
--------   ----
00000200   .text
00000200   __printfi
00000200   ___text__
00001000   __STACK_SIZE
00001000   __SYSMEM_SIZE
00002d14   _minit
00002d7c   _malloc
00002f44   _calloc
00002fec   _realloc
000033c8   _free
00003790   _memalign
00003b60   _InitEXINTF
00003ba0   _InitTimer
00003be0   _InitINT
00003bf8   _GIE
00003c0c   _delay_us
00003c64   _delay_ms
00003cc4   _WaitTFlag
00003d18   _WaitTFlagCnt
00003d9c   _PWMOut
00003e74   _GetCartPos
00003ef8   _GetPendulumPos
00003f80   _swingUp
00004210   _main
00004820   _ISRextint4
00004828   _ISRextint5
00004830   _c_int08
00004838   _c_int09
00004840   _ISRNMI
00004848   _ISRextint6
00004ba0   _ISRtimer0
00005220   _InitUART
0000532c   _ReceiveByte
00005348   _SendByte
000053b0   _CheckSum
000054a4   _SendData
0000553c   _Report
000056a0   __remul
00005738   __divul
00005998   __remli
00005a38   __divli
00005b00   _ecvt
00005f20   _fcvt
00006300   __frcdivd
000065e0   _memcpy
00006880   _exit
000069d0   _atexit
00006aa8   C$$EXIT
00006aa8   _abort
00006ac0   __divd
00006ce0   _sprintf
00006ea0   _InitUSBMon
00006edc   _UMAddData
00007060   _atoi
000071a0   _ltoa
000072e0   __auto_init
000073e0   __divu
000074a0   __fixdli
00007560   __remi
00007600   _c_int00
000076a0   _strcpy
00007720   _memccpy
00007780   _strlen
000077e0   __nop
000077e8   __register_lock
000077fc   __register_unlock
00007820   ___etext__
00007820   etext
00400000   _USBMonStuff
80000000   ___end__
80000000   .data
80000000   end
80000000   ___edata__
80000000   .bss
80000000   cinit
80000000   ___data__
80000000   $bss
80000000   ___cinit__
80000000   ___bss__
80000000   edata
80000184   __ctypes_
800003a0   _compacket
8000048c   _respacket
80000560   _tmp_string
800006ac   __cleanup_ptr
800006b0   __dtors_ptr
800007fc   _prevErr_pend
80000800   _sumErr_pend
80000804   _prevErr_cart
80000808   _sumErr_cart
8000080c   _prevErr_swup_cart
80000810   _sumErr_swup_cart
80000814   _mostPlusPos
80000818   _mostMinusPos
8000081c   _prevPendPos
80000820   _remainedAngleToTheGoal
80000824   _TFlag
80000828   _y_pend
8000082c   _err_pend
80000830   _u_pend
80000834   _y_cart
80000838   _err_cart
8000083c   _u_cart
80000840   _y_swup_cart
80000844   _err_swup_cart
80000848   _u_swup_cart
8000084c   _TINTCnt
80000850   _timerCheckCnt
80000854   _R_pend
80000858   _R_cart
8000085c   _R_swup_cart
80000860   _mode
80000864   _rightSWUPcartPos
80000868   _leftSWUPcartPos
8000086c   __memory_size
80000874   __lock
80000878   __unlock
80000880   __stack
80001880   __sys_memory
ffffffff   pinit
ffffffff   ___pinit__

[121 symbols]
