******************************************************************************
          TMS320C6x COFF Linker PC Version 4.10                
******************************************************************************
>> Linked Thu May 30 11:25:40 2024

OUTPUT FILE NAME:   <ram_main.out>
ENTRY POINT SYMBOL: "_c_int00"  address: 000074e0


MEMORY CONFIGURATION

                  name            origin    length      used    attr    fill
         ----------------------  --------  ---------  --------  ----  --------
         VECT                    00000000   00000200  00000200  RWIX
         IPRAM                   00000200   0000fe00  00007500  RWIX
         EXRAM                   00400000   00040000  0000800c  RWIX
         CE1VECS                 01400000   00000200  00000000  RWIX
         CE1MEM                  01400200   0000fe00  00000000  RWIX
         IOCE2                   02000000   00010000  00000000  RWIX
         IDRAM                   80000000   00010000  00002857  RWIX


SECTION ALLOCATION MAP

 output                                  attributes/
section   page    origin      length       input sections
--------  ----  ----------  ----------   ----------------
.vector    0    00000000    00000200     
                  00000000    00000200     initvec.obj (.vector)

.text      0    00000200    00007500     
                  00000200    000029a0     rts6701.lib : _printfi.obj (.text)
                  00002ba0    00000000                 : ctype.obj (.text)
                  00002ba0    00000000     initvec.obj (.text)
                  00002ba0    00000000     rts6701.lib : sysmem.obj (.text)
                  00002ba0    00000fc0                 : memory.obj (.text)
                  00003b60    00000b80     interrupt.obj (.text)
                  000046e0    00000a20     main.obj (.text)
                  00005100    00000480     serial.obj (.text)
                  00005580    00000460     rts6701.lib : imath40.obj (.text)
                  000059e0    00000420                 : ecvt.obj (.text)
                  00005e00    000003e0                 : fcvt.obj (.text)
                  000061e0    000002e0                 : frcdivd.obj (.text)
                  000064c0    000002a0                 : memcpy.obj (.text)
                  00006760    00000240                 : exit.obj (.text)
                  000069a0    00000220                 : divd.obj (.text)
                  00006bc0    000001c0                 : sprintf.obj (.text)
                  00006d80    000001c0     USBMon.obj (.text)
                  00006f40    00000140     rts6701.lib : atoi.obj (.text)
                  00007080    00000140                 : ltoa.obj (.text)
                  000071c0    00000100                 : autoinit.obj (.text)
                  000072c0    000000c0                 : divu.obj (.text)
                  00007380    000000c0                 : fixdli.obj (.text)
                  00007440    000000a0                 : remi.obj (.text)
                  000074e0    000000a0                 : boot.obj (.text)
                  00007580    00000080                 : strcpy.obj (.text)
                  00007600    00000060                 : memccpy.obj (.text)
                  00007660    00000060                 : strlen.obj (.text)
                  000076c0    00000040                 : _lock.obj (.text)

.cinit     0    80000000    00000164     
                  80000000    000000ac     interrupt.obj (.cinit)
                  800000ac    00000004     --HOLE-- [fill = 00000000]
                  800000b0    0000002c     rts6701.lib : exit.obj (.cinit)
                  800000dc    00000004     --HOLE-- [fill = 00000000]
                  800000e0    0000002c     main.obj (.cinit)
                  8000010c    00000004     --HOLE-- [fill = 00000000]
                  80000110    0000001c     rts6701.lib : sysmem.obj (.cinit)
                  8000012c    00000004     --HOLE-- [fill = 00000000]
                  80000130    0000001c                 : _lock.obj (.cinit)
                  8000014c    00000004     --HOLE-- [fill = 00000000]
                  80000150    0000000c                 : memory.obj (.cinit)
                  8000015c    00000008     --HOLE-- [fill = 00000000]

.const     0    80000164    0000021b     
                  80000164    00000101     rts6701.lib : ctype.obj (.const)
                  80000265    000000f0     main.obj (.const)
                  80000355    0000002a     rts6701.lib : _printfi.obj (.const)

.switch    0    80000000    00000000     UNINITIALIZED

.bss       0    80000000    00000000     UNINITIALIZED
                  80000000    00000000     initvec.obj (.bss)
                  80000000    00000000     rts6701.lib : sysmem.obj (.bss)
                  80000000    00000000                 : memory.obj (.bss)
                  80000000    00000000                 : memcpy.obj (.bss)
                  80000000    00000000                 : memccpy.obj (.bss)
                  80000000    00000000                 : ltoa.obj (.bss)
                  80000000    00000000                 : imath40.obj (.bss)
                  80000000    00000000                 : fixdli.obj (.bss)
                  80000000    00000000                 : fcvt.obj (.bss)
                  80000000    00000000                 : ecvt.obj (.bss)
                  80000000    00000000                 : divu.obj (.bss)
                  80000000    00000000                 : autoinit.obj (.bss)
                  80000000    00000000                 : _printfi.obj (.bss)
                  80000000    00000000                 : _lock.obj (.bss)
                  80000000    00000000                 : strlen.obj (.bss)
                  80000000    00000000                 : strcpy.obj (.bss)
                  80000000    00000000                 : sprintf.obj (.bss)
                  80000000    00000000                 : remi.obj (.bss)
                  80000000    00000000                 : frcdivd.obj (.bss)
                  80000000    00000000                 : exit.obj (.bss)
                  80000000    00000000                 : divd.obj (.bss)
                  80000000    00000000                 : ctype.obj (.bss)
                  80000000    00000000                 : boot.obj (.bss)
                  80000000    00000000                 : atoi.obj (.bss)
                  80000000    00000000     USBMon.obj (.bss)
                  80000000    00000000     serial.obj (.bss)
                  80000000    00000000     interrupt.obj (.bss)
                  80000000    00000000     main.obj (.bss)

.cio       0    80000000    00000000     UNINITIALIZED

.data      0    80000000    00000000     UNINITIALIZED
                  80000000    00000000     initvec.obj (.data)
                  80000000    00000000     rts6701.lib : sysmem.obj (.data)
                  80000000    00000000                 : memory.obj (.data)
                  80000000    00000000                 : memcpy.obj (.data)
                  80000000    00000000                 : memccpy.obj (.data)
                  80000000    00000000                 : ltoa.obj (.data)
                  80000000    00000000                 : imath40.obj (.data)
                  80000000    00000000                 : fixdli.obj (.data)
                  80000000    00000000                 : fcvt.obj (.data)
                  80000000    00000000                 : ecvt.obj (.data)
                  80000000    00000000                 : divu.obj (.data)
                  80000000    00000000                 : autoinit.obj (.data)
                  80000000    00000000                 : _printfi.obj (.data)
                  80000000    00000000                 : _lock.obj (.data)
                  80000000    00000000                 : strlen.obj (.data)
                  80000000    00000000                 : strcpy.obj (.data)
                  80000000    00000000                 : sprintf.obj (.data)
                  80000000    00000000                 : remi.obj (.data)
                  80000000    00000000                 : frcdivd.obj (.data)
                  80000000    00000000                 : exit.obj (.data)
                  80000000    00000000                 : divd.obj (.data)
                  80000000    00000000                 : ctype.obj (.data)
                  80000000    00000000                 : boot.obj (.data)
                  80000000    00000000                 : atoi.obj (.data)
                  80000000    00000000     USBMon.obj (.data)
                  80000000    00000000     serial.obj (.data)
                  80000000    00000000     interrupt.obj (.data)
                  80000000    00000000     main.obj (.data)

.far       0    80000380    000004d8     UNINITIALIZED
                  80000380    00000288     serial.obj (.far)
                  80000608    0000008c     rts6701.lib : exit.obj (.far)
                  80000694    00000080                 : _printfi.obj (.far)
                  80000714    00000064                 : ecvt.obj (.far)
                  80000778    00000064                 : fcvt.obj (.far)
                  800007dc    00000050     interrupt.obj (.far)
                  8000082c    00000018     main.obj (.far)
                  80000844    00000008     rts6701.lib : memory.obj (.far)
                  8000084c    00000008                 : _lock.obj (.far)
                  80000854    00000004                 : sprintf.obj (.far)

.stack     0    80000858    00001000     UNINITIALIZED
                  80000858    00000000     rts6701.lib : boot.obj (.stack)

.sysmem    0    80001858    00001000     UNINITIALIZED
                  80001858    00000000     rts6701.lib : sysmem.obj (.sysmem)

.USBMON    0    00400000    0000800c     UNINITIALIZED
                  00400000    0000800c     USBMon.obj (.USBMON)


GLOBAL SYMBOLS: SORTED ALPHABETICALLY BY Name 

address    name
--------   ----
80000000   $bss
80000000   .bss
80000000   .data
00000200   .text
00006988   C$$EXIT
00005290   _CheckSum
00004778   _GIE
000049f4   _GetCartPos
00004a78   _GetPendulumPos
00003b80   _ISRNMI
00003b60   _ISRextint4
00003b68   _ISRextint5
00003b88   _ISRextint6
00003ee0   _ISRtimer0
000046e0   _InitEXINTF
00004760   _InitINT
00004720   _InitTimer
00005100   _InitUART
00006d80   _InitUSBMon
0000491c   _PWMOut
80000838   _R_cart
80000834   _R_pend
8000083c   _R_swup_cart
0000520c   _ReceiveByte
0000541c   _Report
00005228   _SendByte
00005384   _SendData
80000804   _TFlag
8000082c   _TINTCnt
00006dbc   _UMAddData
00400000   _USBMonStuff
00004844   _WaitTFlag
00004898   _WaitTFlagCnt
00001000   __STACK_SIZE
00001000   __SYSMEM_SIZE
80000000   ___bss__
80000000   ___cinit__
80000000   ___data__
80000000   ___edata__
80000000   ___end__
00007700   ___etext__
ffffffff   ___pinit__
00000200   ___text__
000071c0   __auto_init
8000068c   __cleanup_ptr
80000164   __ctypes_
000069a0   __divd
00005918   __divli
000072c0   __divu
00005618   __divul
80000690   __dtors_ptr
00007380   __fixdli
000061e0   __frcdivd
8000084c   __lock
80000844   __memory_size
000076c0   __nop
00000200   __printfi
000076c8   __register_lock
000076dc   __register_unlock
00007440   __remi
00005878   __remli
00005580   __remul
80000858   __stack
80001858   __sys_memory
80000850   __unlock
00006988   _abort
000068b0   _atexit
00006f40   _atoi
000074e0   _c_int00
00003b70   _c_int08
00003b78   _c_int09
00002f44   _calloc
80000380   _compacket
000047e4   _delay_ms
0000478c   _delay_us
000059e0   _ecvt
80000818   _err_cart
8000080c   _err_pend
80000824   _err_swup_cart
00006760   _exit
00005e00   _fcvt
000033c8   _free
00007080   _ltoa
00004b04   _main
00002d7c   _malloc
00003790   _memalign
00007600   _memccpy
000064c0   _memcpy
00002d14   _minit
80000840   _mode
800007f8   _mostMinusPos
800007f4   _mostPlusPos
800007e4   _prevErr_cart
800007dc   _prevErr_pend
800007ec   _prevErr_swup_cart
800007fc   _prevPendPos
00002fec   _realloc
80000800   _remainedAngleToTheGoal
8000046c   _respacket
00006bc0   _sprintf
00007580   _strcpy
00007660   _strlen
800007e8   _sumErr_cart
800007e0   _sumErr_pend
800007f0   _sumErr_swup_cart
00004afc   _swingUp
80000830   _timerCheckCnt
80000540   _tmp_string
8000081c   _u_cart
80000810   _u_pend
80000828   _u_swup_cart
80000814   _y_cart
80000808   _y_pend
80000820   _y_swup_cart
80000000   cinit
80000000   edata
80000000   end
00007700   etext
ffffffff   pinit


GLOBAL SYMBOLS: SORTED BY Symbol Address 

address    name
--------   ----
00000200   .text
00000200   ___text__
00000200   __printfi
00001000   __STACK_SIZE
00001000   __SYSMEM_SIZE
00002d14   _minit
00002d7c   _malloc
00002f44   _calloc
00002fec   _realloc
000033c8   _free
00003790   _memalign
00003b60   _ISRextint4
00003b68   _ISRextint5
00003b70   _c_int08
00003b78   _c_int09
00003b80   _ISRNMI
00003b88   _ISRextint6
00003ee0   _ISRtimer0
000046e0   _InitEXINTF
00004720   _InitTimer
00004760   _InitINT
00004778   _GIE
0000478c   _delay_us
000047e4   _delay_ms
00004844   _WaitTFlag
00004898   _WaitTFlagCnt
0000491c   _PWMOut
000049f4   _GetCartPos
00004a78   _GetPendulumPos
00004afc   _swingUp
00004b04   _main
00005100   _InitUART
0000520c   _ReceiveByte
00005228   _SendByte
00005290   _CheckSum
00005384   _SendData
0000541c   _Report
00005580   __remul
00005618   __divul
00005878   __remli
00005918   __divli
000059e0   _ecvt
00005e00   _fcvt
000061e0   __frcdivd
000064c0   _memcpy
00006760   _exit
000068b0   _atexit
00006988   _abort
00006988   C$$EXIT
000069a0   __divd
00006bc0   _sprintf
00006d80   _InitUSBMon
00006dbc   _UMAddData
00006f40   _atoi
00007080   _ltoa
000071c0   __auto_init
000072c0   __divu
00007380   __fixdli
00007440   __remi
000074e0   _c_int00
00007580   _strcpy
00007600   _memccpy
00007660   _strlen
000076c0   __nop
000076c8   __register_lock
000076dc   __register_unlock
00007700   ___etext__
00007700   etext
00400000   _USBMonStuff
80000000   ___data__
80000000   .data
80000000   .bss
80000000   cinit
80000000   ___bss__
80000000   ___cinit__
80000000   ___edata__
80000000   $bss
80000000   end
80000000   edata
80000000   ___end__
80000164   __ctypes_
80000380   _compacket
8000046c   _respacket
80000540   _tmp_string
8000068c   __cleanup_ptr
80000690   __dtors_ptr
800007dc   _prevErr_pend
800007e0   _sumErr_pend
800007e4   _prevErr_cart
800007e8   _sumErr_cart
800007ec   _prevErr_swup_cart
800007f0   _sumErr_swup_cart
800007f4   _mostPlusPos
800007f8   _mostMinusPos
800007fc   _prevPendPos
80000800   _remainedAngleToTheGoal
80000804   _TFlag
80000808   _y_pend
8000080c   _err_pend
80000810   _u_pend
80000814   _y_cart
80000818   _err_cart
8000081c   _u_cart
80000820   _y_swup_cart
80000824   _err_swup_cart
80000828   _u_swup_cart
8000082c   _TINTCnt
80000830   _timerCheckCnt
80000834   _R_pend
80000838   _R_cart
8000083c   _R_swup_cart
80000840   _mode
80000844   __memory_size
8000084c   __lock
80000850   __unlock
80000858   __stack
80001858   __sys_memory
ffffffff   pinit
ffffffff   ___pinit__

[119 symbols]
